06:04:00 **** Build of configuration Debug for project Bai2_Lab2 ****
make -j4 all 
arm-none-eabi-gcc "../Src/main.c" -mcpu=cortex-m4 -std=gnu11 -g3 -DDEBUG -DNUCLEO_F401RE -DSTM32 -DSTM32F401RETx -DSTM32F4 -c -I../Inc -O0 -ffunction-sections -fdata-sections -Wall -fstack-usage -MMD -MP -MF"Src/main.d" -MT"Src/main.o" --specs=nano.specs -mfpu=fpv4-sp-d16 -mfloat-abi=hard -mthumb -o "Src/main.o"
arm-none-eabi-gcc -o "Bai2_Lab2.elf" @"objects.list"   -mcpu=cortex-m4 -T"G:\funixIot\introIOT\lab\My_workspace\target\Bai2_Lab2\STM32F401RETX_FLASH.ld" --specs=nosys.specs -Wl,-Map="Bai2_Lab2.map" -Wl,--gc-sections -static --specs=nano.specs -mfpu=fpv4-sp-d16 -mfloat-abi=hard -mthumb -Wl,--start-group -lc -lm -Wl,--end-group
Finished building target: Bai2_Lab2.elf
 
arm-none-eabi-size   Bai2_Lab2.elf 
arm-none-eabi-objdump -h -S  Bai2_Lab2.elf  > "Bai2_Lab2.list"
arm-none-eabi-objcopy  -O binary  Bai2_Lab2.elf  "Bai2_Lab2.bin"
   text	   data	    bss	    dec	    hex	filename
   5268	    108	   1604	   6980	   1b44	Bai2_Lab2.elf
Finished building: default.size.stdout
 
Finished building: Bai2_Lab2.bin
 
Finished building: Bai2_Lab2.list
 

06:04:04 Build Finished. 0 errors, 0 warnings. (took 4s.205ms)

