Archive member included to satisfy reference by file (symbol)

G:\funixIot\introIOT\lab\My_workspace\target1\Bai8.3_Lab8\SDK_1.0.3_NUCLEO-F401RE\lib_stm\libLibraries.a(stm32f401re_gpio.o)
                              ./Src/main.o (GPIO_ReadInputDataBit)
G:\funixIot\introIOT\lab\My_workspace\target1\Bai8.3_Lab8\SDK_1.0.3_NUCLEO-F401RE\lib_stm\libLibraries.a(stm32f401re_rcc.o)
                              G:\funixIot\introIOT\lab\My_workspace\target1\Bai8.3_Lab8\SDK_1.0.3_NUCLEO-F401RE\lib_stm\libLibraries.a(stm32f401re_gpio.o) (RCC_AHB1PeriphResetCmd)
G:\funixIot\introIOT\lab\My_workspace\target1\Bai8.3_Lab8\SDK_1.0.3_NUCLEO-F401RE\lib_stm\libLibraries.a(button.o)
                              ./Src/main.o (Button_Init)
G:\funixIot\introIOT\lab\My_workspace\target1\Bai8.3_Lab8\SDK_1.0.3_NUCLEO-F401RE\lib_stm\libLibraries.a(eventbutton.o)
                              ./Src/main.o (EventButton_Init)
G:\funixIot\introIOT\lab\My_workspace\target1\Bai8.3_Lab8\SDK_1.0.3_NUCLEO-F401RE\lib_stm\libLibraries.a(led.o)
                              ./Src/main.o (LedControl_Init)
G:\funixIot\introIOT\lab\My_workspace\target1\Bai8.3_Lab8\SDK_1.0.3_NUCLEO-F401RE\lib_stm\libLibraries.a(eventman.o)
                              G:\funixIot\introIOT\lab\My_workspace\target1\Bai8.3_Lab8\SDK_1.0.3_NUCLEO-F401RE\lib_stm\libLibraries.a(eventbutton.o) (EventSchedulerAdd)
G:\funixIot\introIOT\lab\My_workspace\target1\Bai8.3_Lab8\SDK_1.0.3_NUCLEO-F401RE\lib_stm\libLibraries.a(timer.o)
                              G:\funixIot\introIOT\lab\My_workspace\target1\Bai8.3_Lab8\SDK_1.0.3_NUCLEO-F401RE\lib_stm\libLibraries.a(button.o) (TimerStart)
G:\funixIot\introIOT\lab\My_workspace\target1\Bai8.3_Lab8\SDK_1.0.3_NUCLEO-F401RE\lib_stm\libLibraries.a(serial.o)
                              G:\funixIot\introIOT\lab\My_workspace\target1\Bai8.3_Lab8\SDK_1.0.3_NUCLEO-F401RE\lib_stm\libLibraries.a(eventbutton.o) (Serial_SendPacket)
G:\funixIot\introIOT\lab\My_workspace\target1\Bai8.3_Lab8\SDK_1.0.3_NUCLEO-F401RE\lib_stm\libLibraries.a(buff.o)
                              G:\funixIot\introIOT\lab\My_workspace\target1\Bai8.3_Lab8\SDK_1.0.3_NUCLEO-F401RE\lib_stm\libLibraries.a(eventman.o) (bufInit)
G:\funixIot\introIOT\lab\My_workspace\target1\Bai8.3_Lab8\SDK_1.0.3_NUCLEO-F401RE\lib_stm\libLibraries.a(utilities.o)
                              G:\funixIot\introIOT\lab\My_workspace\target1\Bai8.3_Lab8\SDK_1.0.3_NUCLEO-F401RE\lib_stm\libLibraries.a(timer.o) (memsetl)
G:\funixIot\introIOT\lab\My_workspace\target1\Bai8.3_Lab8\SDK_1.0.3_NUCLEO-F401RE\lib_stm\libLibraries.a(system_stm32f4xx.o)
                              G:\funixIot\introIOT\lab\My_workspace\target1\Bai8.3_Lab8\SDK_1.0.3_NUCLEO-F401RE\lib_stm\libLibraries.a(led.o) (SystemCoreClock)
G:\funixIot\introIOT\lab\My_workspace\target1\Bai8.3_Lab8\SDK_1.0.3_NUCLEO-F401RE\lib_stm\libLibraries.a(misc.o)
                              G:\funixIot\introIOT\lab\My_workspace\target1\Bai8.3_Lab8\SDK_1.0.3_NUCLEO-F401RE\lib_stm\libLibraries.a(serial.o) (NVIC_PriorityGroupConfig)
G:\funixIot\introIOT\lab\My_workspace\target1\Bai8.3_Lab8\SDK_1.0.3_NUCLEO-F401RE\lib_stm\libLibraries.a(stm32f401re_tim.o)
                              G:\funixIot\introIOT\lab\My_workspace\target1\Bai8.3_Lab8\SDK_1.0.3_NUCLEO-F401RE\lib_stm\libLibraries.a(led.o) (TIM_TimeBaseInit)
G:\funixIot\introIOT\lab\My_workspace\target1\Bai8.3_Lab8\SDK_1.0.3_NUCLEO-F401RE\lib_stm\libLibraries.a(stm32f401re_usart.o)
                              G:\funixIot\introIOT\lab\My_workspace\target1\Bai8.3_Lab8\SDK_1.0.3_NUCLEO-F401RE\lib_stm\libLibraries.a(serial.o) (USART_Init)
c:/st/stm32cubeide_1.8.0/stm32cubeide/plugins/com.st.stm32cube.ide.mcu.externaltools.gnu-tools-for-stm32.9-2020-q2-update.win32_2.0.0.202105311346/tools/bin/../lib/gcc/arm-none-eabi/9.3.1/../../../../arm-none-eabi/lib/thumb/v7e-m+fp/hard\libc_nano.a(lib_a-errno.o)
                              ./Src/syscalls.o (__errno)
c:/st/stm32cubeide_1.8.0/stm32cubeide/plugins/com.st.stm32cube.ide.mcu.externaltools.gnu-tools-for-stm32.9-2020-q2-update.win32_2.0.0.202105311346/tools/bin/../lib/gcc/arm-none-eabi/9.3.1/../../../../arm-none-eabi/lib/thumb/v7e-m+fp/hard\libc_nano.a(lib_a-exit.o)
                              c:/st/stm32cubeide_1.8.0/stm32cubeide/plugins/com.st.stm32cube.ide.mcu.externaltools.gnu-tools-for-stm32.9-2020-q2-update.win32_2.0.0.202105311346/tools/bin/../lib/gcc/arm-none-eabi/9.3.1/../../../../arm-none-eabi/lib/thumb/v7e-m+fp/hard/crt0.o (exit)
c:/st/stm32cubeide_1.8.0/stm32cubeide/plugins/com.st.stm32cube.ide.mcu.externaltools.gnu-tools-for-stm32.9-2020-q2-update.win32_2.0.0.202105311346/tools/bin/../lib/gcc/arm-none-eabi/9.3.1/../../../../arm-none-eabi/lib/thumb/v7e-m+fp/hard\libc_nano.a(lib_a-impure.o)
[...]
Memory Configuration

Name             Origin             Length             Attributes
RAM              0x0000000020000000 0x0000000000018000 xrw
FLASH            0x0000000008000000 0x0000000000080000 xr
*default*        0x0000000000000000 0xffffffffffffffff

Linker script and memory map

LOAD c:/st/stm32cubeide_1.8.0/stm32cubeide/plugins/com.st.stm32cube.ide.mcu.externaltools.gnu-tools-for-stm32.9-2020-q2-update.win32_2.0.0.202105311346/tools/bin/../lib/gcc/arm-none-eabi/9.3.1/thumb/v7e-m+fp/hard/crti.o
LOAD c:/st/stm32cubeide_1.8.0/stm32cubeide/plugins/com.st.stm32cube.ide.mcu.externaltools.gnu-tools-for-stm32.9-2020-q2-update.win32_2.0.0.202105311346/tools/bin/../lib/gcc/arm-none-eabi/9.3.1/thumb/v7e-m+fp/hard/crtbegin.o
LOAD c:/st/stm32cubeide_1.8.0/stm32cubeide/plugins/com.st.stm32cube.ide.mcu.externaltools.gnu-tools-for-stm32.9-2020-q2-update.win32_2.0.0.202105311346/tools/bin/../lib/gcc/arm-none-eabi/9.3.1/../../../../arm-none-eabi/lib/thumb/v7e-m+fp/hard/crt0.o
LOAD ./Src/main.o
LOAD ./Src/syscalls.o
LOAD ./Src/sysmem.o
LOAD ./Startup/startup_stm32f401retx.o
LOAD G:\funixIot\introIOT\lab\My_workspace\target1\Bai8.3_Lab8\SDK_1.0.3_NUCLEO-F401RE\lib_stm\libLibraries.a
START GROUP
LOAD c:/st/stm32cubeide_1.8.0/stm32cubeide/plugins/com.st.stm32cube.ide.mcu.externaltools.gnu-tools-for-stm32.9-2020-q2-update.win32_2.0.0.202105311346/tools/bin/../lib/gcc/arm-none-eabi/9.3.1/../../../../arm-none-eabi/lib/thumb/v7e-m+fp/hard\libc_nano.a
LOAD c:/st/stm32cubeide_1.8.0/stm32cubeide/plugins/com.st.stm32cube.ide.mcu.externaltools.gnu-tools-for-stm32.9-2020-q2-update.win32_2.0.0.202105311346/tools/bin/../lib/gcc/arm-none-eabi/9.3.1/../../../../arm-none-eabi/lib/thumb/v7e-m+fp/hard\libm.a
END GROUP
START GROUP
LOAD c:/st/stm32cubeide_1.8.0/stm32cubeide/plugins/com.st.stm32cube.ide.mcu.externaltools.gnu-tools-for-stm32.9-2020-q2-update.win32_2.0.0.202105311346/tools/bin/../lib/gcc/arm-none-eabi/9.3.1/thumb/v7e-m+fp/hard\libgcc.a
LOAD c:/st/stm32cubeide_1.8.0/stm32cubeide/plugins/com.st.stm32cube.ide.mcu.externaltools.gnu-tools-for-stm32.9-2020-q2-update.win32_2.0.0.202105311346/tools/bin/../lib/gcc/arm-none-eabi/9.3.1/../../../../arm-none-eabi/lib/thumb/v7e-m+fp/hard\libc_nano.a
END GROUP
START GROUP
LOAD c:/st/stm32cubeide_1.8.0/stm32cubeide/plugins/com.st.stm32cube.ide.mcu.externaltools.gnu-tools-for-stm32.9-2020-q2-update.win32_2.0.0.202105311346/tools/bin/../lib/gcc/arm-none-eabi/9.3.1/thumb/v7e-m+fp/hard\libgcc.a
LOAD c:/st/stm32cubeide_1.8.0/stm32cubeide/plugins/com.st.stm32cube.ide.mcu.externaltools.gnu-tools-for-stm32.9-2020-q2-update.win32_2.0.0.202105311346/tools/bin/../lib/gcc/arm-none-eabi/9.3.1/../../../../arm-none-eabi/lib/thumb/v7e-m+fp/hard\libc_nano.a
LOAD c:/st/stm32cubeide_1.8.0/stm32cubeide/plugins/com.st.stm32cube.ide.mcu.externaltools.gnu-tools-for-stm32.9-2020-q2-update.win32_2.0.0.202105311346/tools/bin/../lib/gcc/arm-none-eabi/9.3.1/../../../../arm-none-eabi/lib/thumb/v7e-m+fp/hard\libnosys.a
END GROUP
START GROUP
LOAD c:/st/stm32cubeide_1.8.0/stm32cubeide/plugins/com.st.stm32cube.ide.mcu.externaltools.gnu-tools-for-stm32.9-2020-q2-update.win32_2.0.0.202105311346/tools/bin/../lib/gcc/arm-none-eabi/9.3.1/thumb/v7e-m+fp/hard\libgcc.a
LOAD c:/st/stm32cubeide_1.8.0/stm32cubeide/plugins/com.st.stm32cube.ide.mcu.externaltools.gnu-tools-for-stm32.9-2020-q2-update.win32_2.0.0.202105311346/tools/bin/../lib/gcc/arm-none-eabi/9.3.1/../../../../arm-none-eabi/lib/thumb/v7e-m+fp/hard\libc_nano.a
LOAD c:/st/stm32cubeide_1.8.0/stm32cubeide/plugins/com.st.stm32cube.ide.mcu.externaltools.gnu-tools-for-stm32.9-2020-q2-update.win32_2.0.0.202105311346/tools/bin/../lib/gcc/arm-none-eabi/9.3.1/../../../../arm-none-eabi/lib/thumb/v7e-m+fp/hard\libnosys.a
END GROUP
LOAD c:/st/stm32cubeide_1.8.0/stm32cubeide/plugins/com.st.stm32cube.ide.mcu.externaltools.gnu-tools-for-stm32.9-2020-q2-update.win32_2.0.0.202105311346/tools/bin/../lib/gcc/arm-none-eabi/9.3.1/thumb/v7e-m+fp/hard/crtend.o
LOAD c:/st/stm32cubeide_1.8.0/stm32cubeide/plugins/com.st.stm32cube.ide.mcu.externaltools.gnu-tools-for-stm32.9-2020-q2-update.win32_2.0.0.202105311346/tools/bin/../lib/gcc/arm-none-eabi/9.3.1/thumb/v7e-m+fp/hard/crtn.o
                0x0000000020018000                _estack = (ORIGIN (RAM) + LENGTH (RAM))
                0x0000000000000200                _Min_Heap_Size = 0x200
                0x0000000000000400                _Min_Stack_Size = 0x400

.isr_vector     0x0000000008000000      0x194
                0x0000000008000000                . = ALIGN (0x4)
 *(.isr_vector)
 .isr_vector    0x0000000008000000      0x194 ./Startup/startup_stm32f401retx.o
                0x0000000008000000                g_pfnVectors
                0x0000000008000194                . = ALIGN (0x4)

.text           0x0000000008000194     0x173c
                0x0000000008000194                . = ALIGN (0x4)
 *(.text)
 .text          0x0000000008000194       0x40 c:/st/stm32cubeide_1.8.0/stm32cubeide/plugins/com.st.stm32cube.ide.mcu.externaltools.gnu-tools-for-stm32.9-2020-q2-update.win32_2.0.0.202105311346/tools/bin/../lib/gcc/arm-none-eabi/9.3.1/thumb/v7e-m+fp/hard/crtbegin.o
 *(.text*)
 .text.main     0x00000000080001d4       0x3c ./Src/main.o
                0x00000000080001d4                main
 .text.Reset_Handler
                0x0000000008000210       0x50 ./Startup/startup_stm32f401retx.o
                0x0000000008000210                Reset_Handler
 .text.Default_Handler
                0x0000000008000260        0x2 ./Startup/startup_stm32f401retx.o
                0x0000000008000260                EXTI2_IRQHandler
                0x0000000008000260                DebugMon_Handler
                0x0000000008000260                SPI4_IRQHandler
                0x0000000008000260                TIM1_CC_IRQHandler
                0x0000000008000260                HardFault_Handler
                0x0000000008000260                SDIO_IRQHandler
                0x0000000008000260                TAMP_STAMP_IRQHandler
                0x0000000008000260                PendSV_Handler
                0x0000000008000260                NMI_Handler
                0x0000000008000260                EXTI3_IRQHandler
                0x0000000008000260                TIM1_UP_TIM10_IRQHandler
                0x0000000008000260                I2C3_ER_IRQHandler
                0x0000000008000260                EXTI18_OTG_FS_WKUP_IRQHandler
                0x0000000008000260                EXTI0_IRQHandler
                0x0000000008000260                I2C2_EV_IRQHandler
                0x0000000008000260                FPU_IRQHandler
                0x0000000008000260                UsageFault_Handler
                0x0000000008000260                SPI1_IRQHandler
                0x0000000008000260                TIM1_BRK_TIM9_IRQHandler
                0x0000000008000260                USART6_IRQHandler
                0x0000000008000260                TIM4_IRQHandler
                0x0000000008000260                I2C1_EV_IRQHandler
                0x0000000008000260                TIM3_IRQHandler
                0x0000000008000260                RCC_IRQHandler
                0x0000000008000260                Default_Handler
                0x0000000008000260                EXTI15_10_IRQHandler
                0x0000000008000260                ADC_IRQHandler
                0x0000000008000260                TIM5_IRQHandler
                0x0000000008000260                I2C3_EV_IRQHandler
                0x0000000008000260                EXTI9_5_IRQHandler
                0x0000000008000260                SPI2_IRQHandler
                0x0000000008000260                MemManage_Handler
                0x0000000008000260                SVC_Handler
                0x0000000008000260                EXTI4_IRQHandler
                0x0000000008000260                EXTI22_RTC_WKUP_IRQHandler
                0x0000000008000260                TIM2_IRQHandler
                0x0000000008000260                EXTI16_PVD_IRQHandler
                0x0000000008000260                TIM1_TRG_COM_TIM11_IRQHandler
                0x0000000008000260                EXTI1_IRQHandler
                0x0000000008000260                EXTI17_RTC_Alarm_IRQHandler
                0x0000000008000260                I2C2_ER_IRQHandler
                0x0000000008000260                FLASH_IRQHandler
                0x0000000008000260                BusFault_Handler
                0x0000000008000260                USART1_IRQHandler
                0x0000000008000260                OTG_FS_IRQHandler
                0x0000000008000260                SPI3_IRQHandler
                0x0000000008000260                I2C1_ER_IRQHandler
 .text.GPIO_Init
                0x0000000008000262      0x11c G:\funixIot\introIOT\lab\My_workspace\target1\Bai8.3_Lab8\SDK_1.0.3_NUCLEO-F401RE\lib_stm\libLibraries.a(stm32f401re_gpio.o)
                0x0000000008000262                GPIO_Init
 .text.GPIO_ReadInputDataBit
                0x000000000800037e       0x34 G:\funixIot\introIOT\lab\My_workspace\target1\Bai8.3_Lab8\SDK_1.0.3_NUCLEO-F401RE\lib_stm\libLibraries.a(stm32f401re_gpio.o)
                0x000000000800037e                GPIO_ReadInputDataBit
 .text.GPIO_SetBits
                0x00000000080003b2       0x1e G:\funixIot\introIOT\lab\My_workspace\target1\Bai8.3_Lab8\SDK_1.0.3_NUCLEO-F401RE\lib_stm\libLibraries.a(stm32f401re_gpio.o)
                0x00000000080003b2                GPIO_SetBits
 .text.GPIO_ResetBits
                0x00000000080003d0       0x1e G:\funixIot\introIOT\lab\My_workspace\target1\Bai8.3_Lab8\SDK_1.0.3_NUCLEO-F401RE\lib_stm\libLibraries.a(stm32f401re_gpio.o)
                0x00000000080003d0                GPIO_ResetBits
 .text.GPIO_PinAFConfig
                0x00000000080003ee       0x92 G:\funixIot\introIOT\lab\My_workspace\target1\Bai8.3_Lab8\SDK_1.0.3_NUCLEO-F401RE\lib_stm\libLibraries.a(stm32f401re_gpio.o)
                0x00000000080003ee                GPIO_PinAFConfig
 .text.RCC_AHB1PeriphClockCmd
                0x0000000008000480       0x40 G:\funixIot\introIOT\lab\My_workspace\target1\Bai8.3_Lab8\SDK_1.0.3_NUCLEO-F401RE\lib_stm\libLibraries.a(stm32f401re_rcc.o)
                0x0000000008000480                RCC_AHB1PeriphClockCmd
 .text.RCC_APB1PeriphClockCmd
                0x00000000080004c0       0x40 G:\funixIot\introIOT\lab\My_workspace\target1\Bai8.3_Lab8\SDK_1.0.3_NUCLEO-F401RE\lib_stm\libLibraries.a(stm32f401re_rcc.o)
                0x00000000080004c0                RCC_APB1PeriphClockCmd
 .text.RCC_APB2PeriphClockCmd
                0x0000000008000500       0x40 G:\funixIot\introIOT\lab\My_workspace\target1\Bai8.3_Lab8\SDK_1.0.3_NUCLEO-F401RE\lib_stm\libLibraries.a(stm32f401re_rcc.o)
                0x0000000008000500                RCC_APB2PeriphClockCmd
 .text.Button_Init
                0x0000000008000540       0xbc G:\funixIot\introIOT\lab\My_workspace\target1\Bai8.3_Lab8\SDK_1.0.3_NUCLEO-F401RE\lib_stm\libLibraries.a(button.o)
                0x0000000008000540                Button_Init
 .text.Button_SetMode
                0x00000000080005fc       0x3c G:\funixIot\introIOT\lab\My_workspace\target1\Bai8.3_Lab8\SDK_1.0.3_NUCLEO-F401RE\lib_stm\libLibraries.a(button.o)
                0x00000000080005fc                Button_SetMode
 .text.Button_RegisterEventCallback
                0x0000000008000638       0x28 G:\funixIot\introIOT\lab\My_workspace\target1\Bai8.3_Lab8\SDK_1.0.3_NUCLEO-F401RE\lib_stm\libLibraries.a(button.o)
                0x0000000008000638                Button_RegisterEventCallback
 .text.ButtonScanTypeEdge
                0x0000000008000660      0x1fc G:\funixIot\introIOT\lab\My_workspace\target1\Bai8.3_Lab8\SDK_1.0.3_NUCLEO-F401RE\lib_stm\libLibraries.a(button.o)
 .text.ButtonScan
                0x000000000800085c       0x4c G:\funixIot\introIOT\lab\My_workspace\target1\Bai8.3_Lab8\SDK_1.0.3_NUCLEO-F401RE\lib_stm\libLibraries.a(button.o)
 .text.BTNGPIO_Init
                0x00000000080008a8       0x6c G:\funixIot\introIOT\lab\My_workspace\target1\Bai8.3_Lab8\SDK_1.0.3_NUCLEO-F401RE\lib_stm\libLibraries.a(button.o)
 .text.EventButton_Init
                0x0000000008000914       0x6c G:\funixIot\introIOT\lab\My_workspace\target1\Bai8.3_Lab8\SDK_1.0.3_NUCLEO-F401RE\lib_stm\libLibraries.a(eventbutton.o)
                0x0000000008000914                EventButton_Init
 .text.ButtonProcessEventEdge
                0x0000000008000980       0x34 G:\funixIot\introIOT\lab\My_workspace\target1\Bai8.3_Lab8\SDK_1.0.3_NUCLEO-F401RE\lib_stm\libLibraries.a(eventbutton.o)
 .text.ButtonProcessEventPress
                0x00000000080009b4       0x48 G:\funixIot\introIOT\lab\My_workspace\target1\Bai8.3_Lab8\SDK_1.0.3_NUCLEO-F401RE\lib_stm\libLibraries.a(eventbutton.o)
 .text.ButtonProcessEventHold
                0x00000000080009fc       0x5e G:\funixIot\introIOT\lab\My_workspace\target1\Bai8.3_Lab8\SDK_1.0.3_NUCLEO-F401RE\lib_stm\libLibraries.a(eventbutton.o)
 .text.ButtonProcessEventRelease
                0x0000000008000a5a       0x5e G:\funixIot\introIOT\lab\My_workspace\target1\Bai8.3_Lab8\SDK_1.0.3_NUCLEO-F401RE\lib_stm\libLibraries.a(eventbutton.o)
 .text.LedControl_Init
                0x0000000008000ab8       0x10 G:\funixIot\introIOT\lab\My_workspace\target1\Bai8.3_Lab8\SDK_1.0.3_NUCLEO-F401RE\lib_stm\libLibraries.a(led.o)
                0x0000000008000ab8                LedControl_Init
 .text.LedControl_SetColorIndividual
                0x0000000008000ac8       0xf8 G:\funixIot\introIOT\lab\My_workspace\target1\Bai8.3_Lab8\SDK_1.0.3_NUCLEO-F401RE\lib_stm\libLibraries.a(led.o)
                0x0000000008000ac8                LedControl_SetColorIndividual
 .text.LedControl_SetColorGeneral
                0x0000000008000bc0      0x128 G:\funixIot\introIOT\lab\My_workspace\target1\Bai8.3_Lab8\SDK_1.0.3_NUCLEO-F401RE\lib_stm\libLibraries.a(led.o)
                0x0000000008000bc0                LedControl_SetColorGeneral
 .text.LEDGPIO_Config
                0x0000000008000ce8       0x94 G:\funixIot\introIOT\lab\My_workspace\target1\Bai8.3_Lab8\SDK_1.0.3_NUCLEO-F401RE\lib_stm\libLibraries.a(led.o)
 .text.LEDTIM_Config
                0x0000000008000d7c       0xec G:\funixIot\introIOT\lab\My_workspace\target1\Bai8.3_Lab8\SDK_1.0.3_NUCLEO-F401RE\lib_stm\libLibraries.a(led.o)
 .text.EventSchedulerAdd
                0x0000000008000e68       0x2c G:\funixIot\introIOT\lab\My_workspace\target1\Bai8.3_Lab8\SDK_1.0.3_NUCLEO-F401RE\lib_stm\libLibraries.a(eventman.o)
                0x0000000008000e68                EventSchedulerAdd
 .text.TimerStart
                0x0000000008000e94       0xc4 G:\funixIot\introIOT\lab\My_workspace\target1\Bai8.3_Lab8\SDK_1.0.3_NUCLEO-F401RE\lib_stm\libLibraries.a(timer.o)
                0x0000000008000e94                TimerStart
 .text.GetMilSecTick
                0x0000000008000f58       0x18 G:\funixIot\introIOT\lab\My_workspace\target1\Bai8.3_Lab8\SDK_1.0.3_NUCLEO-F401RE\lib_stm\libLibraries.a(timer.o)
                0x0000000008000f58                GetMilSecTick
 .text.SysTick_Handler
                0x0000000008000f70       0x1c G:\funixIot\introIOT\lab\My_workspace\target1\Bai8.3_Lab8\SDK_1.0.3_NUCLEO-F401RE\lib_stm\libLibraries.a(timer.o)
                0x0000000008000f70                SysTick_Handler
 .text.USART2_IRQHandler
                0x0000000008000f8c       0x50 G:\funixIot\introIOT\lab\My_workspace\target1\Bai8.3_Lab8\SDK_1.0.3_NUCLEO-F401RE\lib_stm\libLibraries.a(serial.o)
                0x0000000008000f8c                USART2_IRQHandler
 .text.bufIsFull
                0x0000000008000fdc       0x26 G:\funixIot\introIOT\lab\My_workspace\target1\Bai8.3_Lab8\SDK_1.0.3_NUCLEO-F401RE\lib_stm\libLibraries.a(buff.o)
                0x0000000008000fdc                bufIsFull
 .text.bufEnDat
                0x0000000008001002       0x9c G:\funixIot\introIOT\lab\My_workspace\target1\Bai8.3_Lab8\SDK_1.0.3_NUCLEO-F401RE\lib_stm\libLibraries.a(buff.o)
                0x0000000008001002                bufEnDat
 *fill*         0x000000000800109e        0x2 
 .text.SystemInit
                0x00000000080010a0       0x6c G:\funixIot\introIOT\lab\My_workspace\target1\Bai8.3_Lab8\SDK_1.0.3_NUCLEO-F401RE\lib_stm\libLibraries.a(system_stm32f4xx.o)
                0x00000000080010a0                SystemInit
 .text.SetSysClock
                0x000000000800110c       0xa0 G:\funixIot\introIOT\lab\My_workspace\target1\Bai8.3_Lab8\SDK_1.0.3_NUCLEO-F401RE\lib_stm\libLibraries.a(system_stm32f4xx.o)
 .text.TIM_TimeBaseInit
                0x00000000080011ac       0xd8 G:\funixIot\introIOT\lab\My_workspace\target1\Bai8.3_Lab8\SDK_1.0.3_NUCLEO-F401RE\lib_stm\libLibraries.a(stm32f401re_tim.o)
                0x00000000080011ac                TIM_TimeBaseInit
 .text.TIM_Cmd  0x0000000008001284       0x40 G:\funixIot\introIOT\lab\My_workspace\target1\Bai8.3_Lab8\SDK_1.0.3_NUCLEO-F401RE\lib_stm\libLibraries.a(stm32f401re_tim.o)
                0x0000000008001284                TIM_Cmd
 .text.TIM_OC1Init
                0x00000000080012c4       0xf4 G:\funixIot\introIOT\lab\My_workspace\target1\Bai8.3_Lab8\SDK_1.0.3_NUCLEO-F401RE\lib_stm\libLibraries.a(stm32f401re_tim.o)
                0x00000000080012c4                TIM_OC1Init
 .text.TIM_OC2Init
                0x00000000080013b8      0x110 G:\funixIot\introIOT\lab\My_workspace\target1\Bai8.3_Lab8\SDK_1.0.3_NUCLEO-F401RE\lib_stm\libLibraries.a(stm32f401re_tim.o)
                0x00000000080013b8                TIM_OC2Init
 .text.TIM_OC3Init
                0x00000000080014c8      0x10c G:\funixIot\introIOT\lab\My_workspace\target1\Bai8.3_Lab8\SDK_1.0.3_NUCLEO-F401RE\lib_stm\libLibraries.a(stm32f401re_tim.o)
                0x00000000080014c8                TIM_OC3Init
 .text.TIM_OC4Init
                0x00000000080015d4       0xd0 G:\funixIot\introIOT\lab\My_workspace\target1\Bai8.3_Lab8\SDK_1.0.3_NUCLEO-F401RE\lib_stm\libLibraries.a(stm32f401re_tim.o)
                0x00000000080015d4                TIM_OC4Init
 .text.TIM_SetCompare1
                0x00000000080016a4       0x1c G:\funixIot\introIOT\lab\My_workspace\target1\Bai8.3_Lab8\SDK_1.0.3_NUCLEO-F401RE\lib_stm\libLibraries.a(stm32f401re_tim.o)
                0x00000000080016a4                TIM_SetCompare1
 .text.TIM_SetCompare2
                0x00000000080016c0       0x1c G:\funixIot\introIOT\lab\My_workspace\target1\Bai8.3_Lab8\SDK_1.0.3_NUCLEO-F401RE\lib_stm\libLibraries.a(stm32f401re_tim.o)
                0x00000000080016c0                TIM_SetCompare2
 .text.TIM_SetCompare3
                0x00000000080016dc       0x1c G:\funixIot\introIOT\lab\My_workspace\target1\Bai8.3_Lab8\SDK_1.0.3_NUCLEO-F401RE\lib_stm\libLibraries.a(stm32f401re_tim.o)
                0x00000000080016dc                TIM_SetCompare3
 .text.TIM_SetCompare4
                0x00000000080016f8       0x1c G:\funixIot\introIOT\lab\My_workspace\target1\Bai8.3_Lab8\SDK_1.0.3_NUCLEO-F401RE\lib_stm\libLibraries.a(stm32f401re_tim.o)
                0x00000000080016f8                TIM_SetCompare4
 .text.TIM_CtrlPWMOutputs
                0x0000000008001714       0x4c G:\funixIot\introIOT\lab\My_workspace\target1\Bai8.3_Lab8\SDK_1.0.3_NUCLEO-F401RE\lib_stm\libLibraries.a(stm32f401re_tim.o)
                0x0000000008001714                TIM_CtrlPWMOutputs
 .text.USART_ReceiveData
                0x0000000008001760       0x20 G:\funixIot\introIOT\lab\My_workspace\target1\Bai8.3_Lab8\SDK_1.0.3_NUCLEO-F401RE\lib_stm\libLibraries.a(stm32f401re_usart.o)
                0x0000000008001760                USART_ReceiveData
 .text.USART_GetITStatus
                0x0000000008001780       0xb6 G:\funixIot\introIOT\lab\My_workspace\target1\Bai8.3_Lab8\SDK_1.0.3_NUCLEO-F401RE\lib_stm\libLibraries.a(stm32f401re_usart.o)
                0x0000000008001780                USART_GetITStatus
 .text.USART_ClearITPendingBit
                0x0000000008001836       0x3a G:\funixIot\introIOT\lab\My_workspace\target1\Bai8.3_Lab8\SDK_1.0.3_NUCLEO-F401RE\lib_stm\libLibraries.a(stm32f401re_usart.o)
                0x0000000008001836                USART_ClearITPendingBit
 .text.__libc_init_array
                0x0000000008001870       0x48 c:/st/stm32cubeide_1.8.0/stm32cubeide/plugins/com.st.stm32cube.ide.mcu.externaltools.gnu-tools-for-stm32.9-2020-q2-update.win32_2.0.0.202105311346/tools/bin/../lib/gcc/arm-none-eabi/9.3.1/../../../../arm-none-eabi/lib/thumb/v7e-m+fp/hard\libc_nano.a(lib_a-init.o)
                0x0000000008001870                __libc_init_array
 *(.glue_7)
 .glue_7        0x00000000080018b8        0x0 linker stubs
 *(.glue_7t)
 .glue_7t       0x00000000080018b8        0x0 linker stubs
 *(.eh_frame)
 .eh_frame      0x00000000080018b8        0x0 c:/st/stm32cubeide_1.8.0/stm32cubeide/plugins/com.st.stm32cube.ide.mcu.externaltools.gnu-tools-for-stm32.9-2020-q2-update.win32_2.0.0.202105311346/tools/bin/../lib/gcc/arm-none-eabi/9.3.1/thumb/v7e-m+fp/hard/crtbegin.o
 *(.init)
 .init          0x00000000080018b8        0x4 c:/st/stm32cubeide_1.8.0/stm32cubeide/plugins/com.st.stm32cube.ide.mcu.externaltools.gnu-tools-for-stm32.9-2020-q2-update.win32_2.0.0.202105311346/tools/bin/../lib/gcc/arm-none-eabi/9.3.1/thumb/v7e-m+fp/hard/crti.o
                0x00000000080018b8                _init
 .init          0x00000000080018bc        0x8 c:/st/stm32cubeide_1.8.0/stm32cubeide/plugins/com.st.stm32cube.ide.mcu.externaltools.gnu-tools-for-stm32.9-2020-q2-update.win32_2.0.0.202105311346/tools/bin/../lib/gcc/arm-none-eabi/9.3.1/thumb/v7e-m+fp/hard/crtn.o
 *(.fini)
 .fini          0x00000000080018c4        0x4 c:/st/stm32cubeide_1.8.0/stm32cubeide/plugins/com.st.stm32cube.ide.mcu.externaltools.gnu-tools-for-stm32.9-2020-q2-update.win32_2.0.0.202105311346/tools/bin/../lib/gcc/arm-none-eabi/9.3.1/thumb/v7e-m+fp/hard/crti.o
                0x00000000080018c4                _fini
 .fini          0x00000000080018c8        0x8 c:/st/stm32cubeide_1.8.0/stm32cubeide/plugins/com.st.stm32cube.ide.mcu.externaltools.gnu-tools-for-stm32.9-2020-q2-update.win32_2.0.0.202105311346/tools/bin/../lib/gcc/arm-none-eabi/9.3.1/thumb/v7e-m+fp/hard/crtn.o
                0x00000000080018d0                . = ALIGN (0x4)
                0x00000000080018d0                _etext = .

.vfp11_veneer   0x00000000080018d0        0x0
 .vfp11_veneer  0x00000000080018d0        0x0 linker stubs

.v4_bx          0x00000000080018d0        0x0
 .v4_bx         0x00000000080018d0        0x0 linker stubs

.iplt           0x00000000080018d0        0x0
 .iplt          0x00000000080018d0        0x0 c:/st/stm32cubeide_1.8.0/stm32cubeide/plugins/com.st.stm32cube.ide.mcu.externaltools.gnu-tools-for-stm32.9-2020-q2-update.win32_2.0.0.202105311346/tools/bin/../lib/gcc/arm-none-eabi/9.3.1/thumb/v7e-m+fp/hard/crtbegin.o

.rodata         0x00000000080018d0        0x4
                0x00000000080018d0                . = ALIGN (0x4)
 *(.rodata)
 .rodata        0x00000000080018d0        0x1 G:\funixIot\introIOT\lab\My_workspace\target1\Bai8.3_Lab8\SDK_1.0.3_NUCLEO-F401RE\lib_stm\libLibraries.a(button.o)
 *(.rodata*)
                0x00000000080018d4                . = ALIGN (0x4)
 *fill*         0x00000000080018d1        0x3 

.rel.dyn        0x00000000080018d4        0x0
 .rel.iplt      0x00000000080018d4        0x0 c:/st/stm32cubeide_1.8.0/stm32cubeide/plugins/com.st.stm32cube.ide.mcu.externaltools.gnu-tools-for-stm32.9-2020-q2-update.win32_2.0.0.202105311346/tools/bin/../lib/gcc/arm-none-eabi/9.3.1/thumb/v7e-m+fp/hard/crtbegin.o

.ARM.extab      0x00000000080018d4        0x0
                0x00000000080018d4                . = ALIGN (0x4)
 *(.ARM.extab* .gnu.linkonce.armextab.*)
                0x00000000080018d4                . = ALIGN (0x4)

.ARM            0x00000000080018d4        0x0
                0x00000000080018d4                . = ALIGN (0x4)
                0x00000000080018d4                __exidx_start = .
 *(.ARM.exidx*)
                0x00000000080018d4                __exidx_end = .
                0x00000000080018d4                . = ALIGN (0x4)

.preinit_array  0x00000000080018d4        0x0
                0x00000000080018d4                . = ALIGN (0x4)
                0x00000000080018d4                PROVIDE (__preinit_array_start = .)
 *(.preinit_array*)
                0x00000000080018d4                PROVIDE (__preinit_array_end = .)
                0x00000000080018d4                . = ALIGN (0x4)

.init_array     0x00000000080018d4        0x4
                0x00000000080018d4                . = ALIGN (0x4)
                0x00000000080018d4                PROVIDE (__init_array_start = .)
 *(SORT_BY_NAME(.init_array.*))
 *(.init_array*)
 .init_array    0x00000000080018d4        0x4 c:/st/stm32cubeide_1.8.0/stm32cubeide/plugins/com.st.stm32cube.ide.mcu.externaltools.gnu-tools-for-stm32.9-2020-q2-update.win32_2.0.0.202105311346/tools/bin/../lib/gcc/arm-none-eabi/9.3.1/thumb/v7e-m+fp/hard/crtbegin.o
                0x00000000080018d8                PROVIDE (__init_array_end = .)
                0x00000000080018d8                . = ALIGN (0x4)

.fini_array     0x00000000080018d8        0x4
                0x00000000080018d8                . = ALIGN (0x4)
                [!provide]                        PROVIDE (__fini_array_start = .)
 *(SORT_BY_NAME(.fini_array.*))
 *(.fini_array*)
 .fini_array    0x00000000080018d8        0x4 c:/st/stm32cubeide_1.8.0/stm32cubeide/plugins/com.st.stm32cube.ide.mcu.externaltools.gnu-tools-for-stm32.9-2020-q2-update.win32_2.0.0.202105311346/tools/bin/../lib/gcc/arm-none-eabi/9.3.1/thumb/v7e-m+fp/hard/crtbegin.o
                [!provide]                        PROVIDE (__fini_array_end = .)
                0x00000000080018dc                . = ALIGN (0x4)
                0x00000000080018dc                _sidata = LOADADDR (.data)

.data           0x0000000020000000       0x38 load address 0x00000000080018dc
                0x0000000020000000                . = ALIGN (0x4)
                0x0000000020000000                _sdata = .
 *(.data)
 *(.data*)
 .data.pinBtnPad
                0x0000000020000000       0x30 G:\funixIot\introIOT\lab\My_workspace\target1\Bai8.3_Lab8\SDK_1.0.3_NUCLEO-F401RE\lib_stm\libLibraries.a(button.o)
 .data.idTaskScanButton
                0x0000000020000030        0x1 G:\funixIot\introIOT\lab\My_workspace\target1\Bai8.3_Lab8\SDK_1.0.3_NUCLEO-F401RE\lib_stm\libLibraries.a(button.o)
 *fill*         0x0000000020000031        0x3 
 .data.SystemCoreClock
                0x0000000020000034        0x4 G:\funixIot\introIOT\lab\My_workspace\target1\Bai8.3_Lab8\SDK_1.0.3_NUCLEO-F401RE\lib_stm\libLibraries.a(system_stm32f4xx.o)
                0x0000000020000034                SystemCoreClock
 *(.RamFunc)
 *(.RamFunc*)
                0x0000000020000038                . = ALIGN (0x4)
                0x0000000020000038                _edata = .

.igot.plt       0x0000000020000038        0x0 load address 0x0000000008001914
 .igot.plt      0x0000000020000038        0x0 c:/st/stm32cubeide_1.8.0/stm32cubeide/plugins/com.st.stm32cube.ide.mcu.externaltools.gnu-tools-for-stm32.9-2020-q2-update.win32_2.0.0.202105311346/tools/bin/../lib/gcc/arm-none-eabi/9.3.1/thumb/v7e-m+fp/hard/crtbegin.o
                0x0000000020000038                . = ALIGN (0x4)

.bss            0x0000000020000038      0x244 load address 0x0000000008001914
                0x0000000020000038                _sbss = .
                0x0000000020000038                __bss_start__ = _sbss
 *(.bss)
 .bss           0x0000000020000038       0x1c c:/st/stm32cubeide_1.8.0/stm32cubeide/plugins/com.st.stm32cube.ide.mcu.externaltools.gnu-tools-for-stm32.9-2020-q2-update.win32_2.0.0.202105311346/tools/bin/../lib/gcc/arm-none-eabi/9.3.1/thumb/v7e-m+fp/hard/crtbegin.o
 *(.bss*)
 .bss.kpad      0x0000000020000054       0x78 G:\funixIot\introIOT\lab\My_workspace\target1\Bai8.3_Lab8\SDK_1.0.3_NUCLEO-F401RE\lib_stm\libLibraries.a(button.o)
 .bss.pEventCallbacks
                0x00000000200000cc       0x10 G:\funixIot\introIOT\lab\My_workspace\target1\Bai8.3_Lab8\SDK_1.0.3_NUCLEO-F401RE\lib_stm\libLibraries.a(button.o)
 .bss.g_brightnessLed
                0x00000000200000dc        0x1 G:\funixIot\introIOT\lab\My_workspace\target1\Bai8.3_Lab8\SDK_1.0.3_NUCLEO-F401RE\lib_stm\libLibraries.a(led.o)
 *fill*         0x00000000200000dd        0x3 
 .bss.eventQueue
                0x00000000200000e0       0x10 G:\funixIot\introIOT\lab\My_workspace\target1\Bai8.3_Lab8\SDK_1.0.3_NUCLEO-F401RE\lib_stm\libLibraries.a(eventman.o)
 .bss.g_pTimerHandle
                0x00000000200000f0      0x180 G:\funixIot\introIOT\lab\My_workspace\target1\Bai8.3_Lab8\SDK_1.0.3_NUCLEO-F401RE\lib_stm\libLibraries.a(timer.o)
 .bss.g_wMilSecTickTimer
                0x0000000020000270        0x4 G:\funixIot\introIOT\lab\My_workspace\target1\Bai8.3_Lab8\SDK_1.0.3_NUCLEO-F401RE\lib_stm\libLibraries.a(timer.o)
 .bss.g_pUartQueueRx
                0x0000000020000274        0x8 G:\funixIot\introIOT\lab\My_workspace\target1\Bai8.3_Lab8\SDK_1.0.3_NUCLEO-F401RE\lib_stm\libLibraries.a(serial.o)
 *(COMMON)
                0x000000002000027c                . = ALIGN (0x4)
                0x000000002000027c                _ebss = .
                0x000000002000027c                __bss_end__ = _ebss

._user_heap_stack
                0x000000002000027c      0x604 load address 0x0000000008001914
                0x0000000020000280                . = ALIGN (0x8)
 *fill*         0x000000002000027c        0x4 
                [!provide]                        PROVIDE (end = .)
                0x0000000020000280                PROVIDE (_end = .)
                0x0000000020000480                . = (. + _Min_Heap_Size)
 *fill*         0x0000000020000280      0x200 
                0x0000000020000880                . = (. + _Min_Stack_Size)
 *fill*         0x0000000020000480      0x400 
                0x0000000020000880                . = ALIGN (0x8)

/DISCARD/
 libc.a(*)
 libm.a(*)
 libgcc.a(*)

.ARM.attributes
                0x0000000000000000       0x30
 *(.ARM.attributes)
 .ARM.attributes
                0x0000000000000000       0x1e c:/st/stm32cubeide_1.8.0/stm32cubeide/plugins/com.st.stm32cube.ide.mcu.externaltools.gnu-tools-for-stm32.9-2020-q2-update.win32_2.0.0.202105311346/tools/bin/../lib/gcc/arm-none-eabi/9.3.1/thumb/v7e-m+fp/hard/crti.o
 .ARM.attributes
                0x000000000000001e       0x34 c:/st/stm32cubeide_1.8.0/stm32cubeide/plugins/com.st.stm32cube.ide.mcu.externaltools.gnu-tools-for-stm32.9-2020-q2-update.win32_2.0.0.202105311346/tools/bin/../lib/gcc/arm-none-eabi/9.3.1/thumb/v7e-m+fp/hard/crtbegin.o
 .ARM.attributes
                0x0000000000000052       0x34 ./Src/main.o
 .ARM.attributes
                0x0000000000000086       0x21 ./Startup/startup_stm32f401retx.o
 .ARM.attributes
                0x00000000000000a7       0x39 G:\funixIot\introIOT\lab\My_workspace\target1\Bai8.3_Lab8\SDK_1.0.3_NUCLEO-F401RE\lib_stm\libLibraries.a(stm32f401re_gpio.o)
 .ARM.attributes
                0x00000000000000e0       0x39 G:\funixIot\introIOT\lab\My_workspace\target1\Bai8.3_Lab8\SDK_1.0.3_NUCLEO-F401RE\lib_stm\libLibraries.a(stm32f401re_rcc.o)
 .ARM.attributes
                0x0000000000000119       0x39 G:\funixIot\introIOT\lab\My_workspace\target1\Bai8.3_Lab8\SDK_1.0.3_NUCLEO-F401RE\lib_stm\libLibraries.a(button.o)
 .ARM.attributes
                0x0000000000000152       0x39 G:\funixIot\introIOT\lab\My_workspace\target1\Bai8.3_Lab8\SDK_1.0.3_NUCLEO-F401RE\lib_stm\libLibraries.a(eventbutton.o)
 .ARM.attributes
                0x000000000000018b       0x39 G:\funixIot\introIOT\lab\My_workspace\target1\Bai8.3_Lab8\SDK_1.0.3_NUCLEO-F401RE\lib_stm\libLibraries.a(led.o)
 .ARM.attributes
                0x00000000000001c4       0x39 G:\funixIot\introIOT\lab\My_workspace\target1\Bai8.3_Lab8\SDK_1.0.3_NUCLEO-F401RE\lib_stm\libLibraries.a(eventman.o)
 .ARM.attributes
                0x00000000000001fd       0x39 G:\funixIot\introIOT\lab\My_workspace\target1\Bai8.3_Lab8\SDK_1.0.3_NUCLEO-F401RE\lib_stm\libLibraries.a(timer.o)
 .ARM.attributes
                0x0000000000000236       0x39 G:\funixIot\introIOT\lab\My_workspace\target1\Bai8.3_Lab8\SDK_1.0.3_NUCLEO-F401RE\lib_stm\libLibraries.a(serial.o)
 .ARM.attributes
                0x000000000000026f       0x39 G:\funixIot\introIOT\lab\My_workspace\target1\Bai8.3_Lab8\SDK_1.0.3_NUCLEO-F401RE\lib_stm\libLibraries.a(buff.o)
 .ARM.attributes
                0x00000000000002a8       0x39 G:\funixIot\introIOT\lab\My_workspace\target1\Bai8.3_Lab8\SDK_1.0.3_NUCLEO-F401RE\lib_stm\libLibraries.a(system_stm32f4xx.o)
 .ARM.attributes
                0x00000000000002e1       0x39 G:\funixIot\introIOT\lab\My_workspace\target1\Bai8.3_Lab8\SDK_1.0.3_NUCLEO-F401RE\lib_stm\libLibraries.a(stm32f401re_tim.o)
 .ARM.attributes
                0x000000000000031a       0x39 G:\funixIot\introIOT\lab\My_workspace\target1\Bai8.3_Lab8\SDK_1.0.3_NUCLEO-F401RE\lib_stm\libLibraries.a(stm32f401re_usart.o)
 .ARM.attributes
                0x0000000000000353       0x34 c:/st/stm32cubeide_1.8.0/stm32cubeide/plugins/com.st.stm32cube.ide.mcu.externaltools.gnu-tools-for-stm32.9-2020-q2-update.win32_2.0.0.202105311346/tools/bin/../lib/gcc/arm-none-eabi/9.3.1/../../../../arm-none-eabi/lib/thumb/v7e-m+fp/hard\libc_nano.a(lib_a-init.o)
 .ARM.attributes
                0x0000000000000387       0x1e c:/st/stm32cubeide_1.8.0/stm32cubeide/plugins/com.st.stm32cube.ide.mcu.externaltools.gnu-tools-for-stm32.9-2020-q2-update.win32_2.0.0.202105311346/tools/bin/../lib/gcc/arm-none-eabi/9.3.1/thumb/v7e-m+fp/hard/crtn.o
OUTPUT(Bai8.3_Lab8.elf elf32-littlearm)
LOAD linker stubs
LOAD c:/st/stm32cubeide_1.8.0/stm32cubeide/plugins/com.st.stm32cube.ide.mcu.externaltools.gnu-tools-for-stm32.9-2020-q2-update.win32_2.0.0.202105311346/tools/bin/../lib/gcc/arm-none-eabi/9.3.1/../../../../arm-none-eabi/lib/thumb/v7e-m+fp/hard\libc.a
LOAD c:/st/stm32cubeide_1.8.0/stm32cubeide/plugins/com.st.stm32cube.ide.mcu.externaltools.gnu-tools-for-stm32.9-2020-q2-update.win32_2.0.0.202105311346/tools/bin/../lib/gcc/arm-none-eabi/9.3.1/../../../../arm-none-eabi/lib/thumb/v7e-m+fp/hard\libm.a
LOAD c:/st/stm32cubeide_1.8.0/stm32cubeide/plugins/com.st.stm32cube.ide.mcu.externaltools.gnu-tools-for-stm32.9-2020-q2-update.win32_2.0.0.202105311346/tools/bin/../lib/gcc/arm-none-eabi/9.3.1/thumb/v7e-m+fp/hard\libgcc.a

.debug_info     0x0000000000000000     0x6ef8
 .debug_info    0x0000000000000000      0x211 ./Src/main.o
 .debug_info    0x0000000000000211       0x22 ./Startup/startup_stm32f401retx.o
 .debug_info    0x0000000000000233      0x62b G:\funixIot\introIOT\lab\My_workspace\target1\Bai8.3_Lab8\SDK_1.0.3_NUCLEO-F401RE\lib_stm\libLibraries.a(stm32f401re_gpio.o)
 .debug_info    0x000000000000085e      0xd5e G:\funixIot\introIOT\lab\My_workspace\target1\Bai8.3_Lab8\SDK_1.0.3_NUCLEO-F401RE\lib_stm\libLibraries.a(stm32f401re_rcc.o)
 .debug_info    0x00000000000015bc      0x5fe G:\funixIot\introIOT\lab\My_workspace\target1\Bai8.3_Lab8\SDK_1.0.3_NUCLEO-F401RE\lib_stm\libLibraries.a(button.o)
 .debug_info    0x0000000000001bba      0x425 G:\funixIot\introIOT\lab\My_workspace\target1\Bai8.3_Lab8\SDK_1.0.3_NUCLEO-F401RE\lib_stm\libLibraries.a(eventbutton.o)
 .debug_info    0x0000000000001fdf      0x9b4 G:\funixIot\introIOT\lab\My_workspace\target1\Bai8.3_Lab8\SDK_1.0.3_NUCLEO-F401RE\lib_stm\libLibraries.a(led.o)
 .debug_info    0x0000000000002993      0x1f7 G:\funixIot\introIOT\lab\My_workspace\target1\Bai8.3_Lab8\SDK_1.0.3_NUCLEO-F401RE\lib_stm\libLibraries.a(eventman.o)
 .debug_info    0x0000000000002b8a      0x922 G:\funixIot\introIOT\lab\My_workspace\target1\Bai8.3_Lab8\SDK_1.0.3_NUCLEO-F401RE\lib_stm\libLibraries.a(timer.o)
 .debug_info    0x00000000000034ac      0xb11 G:\funixIot\introIOT\lab\My_workspace\target1\Bai8.3_Lab8\SDK_1.0.3_NUCLEO-F401RE\lib_stm\libLibraries.a(serial.o)
 .debug_info    0x0000000000003fbd      0x339 G:\funixIot\introIOT\lab\My_workspace\target1\Bai8.3_Lab8\SDK_1.0.3_NUCLEO-F401RE\lib_stm\libLibraries.a(buff.o)
 .debug_info    0x00000000000042f6      0x5bb G:\funixIot\introIOT\lab\My_workspace\target1\Bai8.3_Lab8\SDK_1.0.3_NUCLEO-F401RE\lib_stm\libLibraries.a(system_stm32f4xx.o)
 .debug_info    0x00000000000048b1     0x1c73 G:\funixIot\introIOT\lab\My_workspace\target1\Bai8.3_Lab8\SDK_1.0.3_NUCLEO-F401RE\lib_stm\libLibraries.a(stm32f401re_tim.o)
 .debug_info    0x0000000000006524      0x9d4 G:\funixIot\introIOT\lab\My_workspace\target1\Bai8.3_Lab8\SDK_1.0.3_NUCLEO-F401RE\lib_stm\libLibraries.a(stm32f401re_usart.o)

.debug_abbrev   0x0000000000000000     0x1580
 .debug_abbrev  0x0000000000000000       0xf5 ./Src/main.o
 .debug_abbrev  0x00000000000000f5       0x12 ./Startup/startup_stm32f401retx.o
 .debug_abbrev  0x0000000000000107      0x1bf G:\funixIot\introIOT\lab\My_workspace\target1\Bai8.3_Lab8\SDK_1.0.3_NUCLEO-F401RE\lib_stm\libLibraries.a(stm32f401re_gpio.o)
 .debug_abbrev  0x00000000000002c6      0x1d4 G:\funixIot\introIOT\lab\My_workspace\target1\Bai8.3_Lab8\SDK_1.0.3_NUCLEO-F401RE\lib_stm\libLibraries.a(stm32f401re_rcc.o)
 .debug_abbrev  0x000000000000049a      0x220 G:\funixIot\introIOT\lab\My_workspace\target1\Bai8.3_Lab8\SDK_1.0.3_NUCLEO-F401RE\lib_stm\libLibraries.a(button.o)
 .debug_abbrev  0x00000000000006ba       0xce G:\funixIot\introIOT\lab\My_workspace\target1\Bai8.3_Lab8\SDK_1.0.3_NUCLEO-F401RE\lib_stm\libLibraries.a(eventbutton.o)
 .debug_abbrev  0x0000000000000788      0x20c G:\funixIot\introIOT\lab\My_workspace\target1\Bai8.3_Lab8\SDK_1.0.3_NUCLEO-F401RE\lib_stm\libLibraries.a(led.o)
 .debug_abbrev  0x0000000000000994      0x110 G:\funixIot\introIOT\lab\My_workspace\target1\Bai8.3_Lab8\SDK_1.0.3_NUCLEO-F401RE\lib_stm\libLibraries.a(eventman.o)
 .debug_abbrev  0x0000000000000aa4      0x29a G:\funixIot\introIOT\lab\My_workspace\target1\Bai8.3_Lab8\SDK_1.0.3_NUCLEO-F401RE\lib_stm\libLibraries.a(timer.o)
 .debug_abbrev  0x0000000000000d3e      0x2ba G:\funixIot\introIOT\lab\My_workspace\target1\Bai8.3_Lab8\SDK_1.0.3_NUCLEO-F401RE\lib_stm\libLibraries.a(serial.o)
 .debug_abbrev  0x0000000000000ff8      0x12a G:\funixIot\introIOT\lab\My_workspace\target1\Bai8.3_Lab8\SDK_1.0.3_NUCLEO-F401RE\lib_stm\libLibraries.a(buff.o)
 .debug_abbrev  0x0000000000001122      0x138 G:\funixIot\introIOT\lab\My_workspace\target1\Bai8.3_Lab8\SDK_1.0.3_NUCLEO-F401RE\lib_stm\libLibraries.a(system_stm32f4xx.o)
 .debug_abbrev  0x000000000000125a      0x19f G:\funixIot\introIOT\lab\My_workspace\target1\Bai8.3_Lab8\SDK_1.0.3_NUCLEO-F401RE\lib_stm\libLibraries.a(stm32f401re_tim.o)
 .debug_abbrev  0x00000000000013f9      0x187 G:\funixIot\introIOT\lab\My_workspace\target1\Bai8.3_Lab8\SDK_1.0.3_NUCLEO-F401RE\lib_stm\libLibraries.a(stm32f401re_usart.o)

.debug_aranges  0x0000000000000000      0x918
 .debug_aranges
                0x0000000000000000       0x20 ./Src/main.o
 .debug_aranges
                0x0000000000000020       0x28 ./Startup/startup_stm32f401retx.o
 .debug_aranges
                0x0000000000000048       0x88 G:\funixIot\introIOT\lab\My_workspace\target1\Bai8.3_Lab8\SDK_1.0.3_NUCLEO-F401RE\lib_stm\libLibraries.a(stm32f401re_gpio.o)
 .debug_aranges
                0x00000000000000d0      0x198 G:\funixIot\introIOT\lab\My_workspace\target1\Bai8.3_Lab8\SDK_1.0.3_NUCLEO-F401RE\lib_stm\libLibraries.a(stm32f401re_rcc.o)
 .debug_aranges
                0x0000000000000268       0x58 G:\funixIot\introIOT\lab\My_workspace\target1\Bai8.3_Lab8\SDK_1.0.3_NUCLEO-F401RE\lib_stm\libLibraries.a(button.o)
 .debug_aranges
                0x00000000000002c0       0x48 G:\funixIot\introIOT\lab\My_workspace\target1\Bai8.3_Lab8\SDK_1.0.3_NUCLEO-F401RE\lib_stm\libLibraries.a(eventbutton.o)
 .debug_aranges
                0x0000000000000308       0x78 G:\funixIot\introIOT\lab\My_workspace\target1\Bai8.3_Lab8\SDK_1.0.3_NUCLEO-F401RE\lib_stm\libLibraries.a(led.o)
 .debug_aranges
                0x0000000000000380       0x30 G:\funixIot\introIOT\lab\My_workspace\target1\Bai8.3_Lab8\SDK_1.0.3_NUCLEO-F401RE\lib_stm\libLibraries.a(eventman.o)
 .debug_aranges
                0x00000000000003b0       0x70 G:\funixIot\introIOT\lab\My_workspace\target1\Bai8.3_Lab8\SDK_1.0.3_NUCLEO-F401RE\lib_stm\libLibraries.a(timer.o)
 .debug_aranges
                0x0000000000000420       0x80 G:\funixIot\introIOT\lab\My_workspace\target1\Bai8.3_Lab8\SDK_1.0.3_NUCLEO-F401RE\lib_stm\libLibraries.a(serial.o)
 .debug_aranges
                0x00000000000004a0       0x50 G:\funixIot\introIOT\lab\My_workspace\target1\Bai8.3_Lab8\SDK_1.0.3_NUCLEO-F401RE\lib_stm\libLibraries.a(buff.o)
 .debug_aranges
                0x00000000000004f0       0x30 G:\funixIot\introIOT\lab\My_workspace\target1\Bai8.3_Lab8\SDK_1.0.3_NUCLEO-F401RE\lib_stm\libLibraries.a(system_stm32f4xx.o)
 .debug_aranges
                0x0000000000000520      0x2f8 G:\funixIot\introIOT\lab\My_workspace\target1\Bai8.3_Lab8\SDK_1.0.3_NUCLEO-F401RE\lib_stm\libLibraries.a(stm32f401re_tim.o)
 .debug_aranges
                0x0000000000000818      0x100 G:\funixIot\introIOT\lab\My_workspace\target1\Bai8.3_Lab8\SDK_1.0.3_NUCLEO-F401RE\lib_stm\libLibraries.a(stm32f401re_usart.o)

.debug_ranges   0x0000000000000000      0x840
 .debug_ranges  0x0000000000000000       0x10 ./Src/main.o
 .debug_ranges  0x0000000000000010       0x20 ./Startup/startup_stm32f401retx.o
 .debug_ranges  0x0000000000000030       0x78 G:\funixIot\introIOT\lab\My_workspace\target1\Bai8.3_Lab8\SDK_1.0.3_NUCLEO-F401RE\lib_stm\libLibraries.a(stm32f401re_gpio.o)
 .debug_ranges  0x00000000000000a8      0x188 G:\funixIot\introIOT\lab\My_workspace\target1\Bai8.3_Lab8\SDK_1.0.3_NUCLEO-F401RE\lib_stm\libLibraries.a(stm32f401re_rcc.o)
 .debug_ranges  0x0000000000000230       0x48 G:\funixIot\introIOT\lab\My_workspace\target1\Bai8.3_Lab8\SDK_1.0.3_NUCLEO-F401RE\lib_stm\libLibraries.a(button.o)
 .debug_ranges  0x0000000000000278       0x38 G:\funixIot\introIOT\lab\My_workspace\target1\Bai8.3_Lab8\SDK_1.0.3_NUCLEO-F401RE\lib_stm\libLibraries.a(eventbutton.o)
 .debug_ranges  0x00000000000002b0       0x68 G:\funixIot\introIOT\lab\My_workspace\target1\Bai8.3_Lab8\SDK_1.0.3_NUCLEO-F401RE\lib_stm\libLibraries.a(led.o)
 .debug_ranges  0x0000000000000318       0x20 G:\funixIot\introIOT\lab\My_workspace\target1\Bai8.3_Lab8\SDK_1.0.3_NUCLEO-F401RE\lib_stm\libLibraries.a(eventman.o)
 .debug_ranges  0x0000000000000338       0x60 G:\funixIot\introIOT\lab\My_workspace\target1\Bai8.3_Lab8\SDK_1.0.3_NUCLEO-F401RE\lib_stm\libLibraries.a(timer.o)
 .debug_ranges  0x0000000000000398       0x70 G:\funixIot\introIOT\lab\My_workspace\target1\Bai8.3_Lab8\SDK_1.0.3_NUCLEO-F401RE\lib_stm\libLibraries.a(serial.o)
 .debug_ranges  0x0000000000000408       0x40 G:\funixIot\introIOT\lab\My_workspace\target1\Bai8.3_Lab8\SDK_1.0.3_NUCLEO-F401RE\lib_stm\libLibraries.a(buff.o)
 .debug_ranges  0x0000000000000448       0x20 G:\funixIot\introIOT\lab\My_workspace\target1\Bai8.3_Lab8\SDK_1.0.3_NUCLEO-F401RE\lib_stm\libLibraries.a(system_stm32f4xx.o)
 .debug_ranges  0x0000000000000468      0x2e8 G:\funixIot\introIOT\lab\My_workspace\target1\Bai8.3_Lab8\SDK_1.0.3_NUCLEO-F401RE\lib_stm\libLibraries.a(stm32f401re_tim.o)
 .debug_ranges  0x0000000000000750       0xf0 G:\funixIot\introIOT\lab\My_workspace\target1\Bai8.3_Lab8\SDK_1.0.3_NUCLEO-F401RE\lib_stm\libLibraries.a(stm32f401re_usart.o)

.debug_macro    0x0000000000000000     0xe125
 .debug_macro   0x0000000000000000       0xd4 ./Src/main.o
 .debug_macro   0x00000000000000d4      0xab4 ./Src/main.o
 .debug_macro   0x0000000000000b88       0x22 ./Src/main.o
 .debug_macro   0x0000000000000baa       0x8e ./Src/main.o
 .debug_macro   0x0000000000000c38       0x51 ./Src/main.o
 .debug_macro   0x0000000000000c89      0x103 ./Src/main.o
 .debug_macro   0x0000000000000d8c       0x6a ./Src/main.o
 .debug_macro   0x0000000000000df6      0x1df ./Src/main.o
 .debug_macro   0x0000000000000fd5       0x88 ./Src/main.o
 .debug_macro   0x000000000000105d       0xc4 ./Src/main.o
 .debug_macro   0x0000000000001121       0x4f ./Src/main.o
 .debug_macro   0x0000000000001170       0x6b ./Src/main.o
 .debug_macro   0x00000000000011db       0x3b ./Src/main.o
 .debug_macro   0x0000000000001216       0x34 ./Src/main.o
 .debug_macro   0x000000000000124a       0x26 ./Src/main.o
 .debug_macro   0x0000000000001270      0xe43 ./Src/main.o
 .debug_macro   0x00000000000020b3     0x8018 ./Src/main.o
 .debug_macro   0x000000000000a0cb      0x2ee ./Src/main.o
 .debug_macro   0x000000000000a3b9       0xc3 G:\funixIot\introIOT\lab\My_workspace\target1\Bai8.3_Lab8\SDK_1.0.3_NUCLEO-F401RE\lib_stm\libLibraries.a(stm32f401re_gpio.o)
 .debug_macro   0x000000000000a47c      0xa66 G:\funixIot\introIOT\lab\My_workspace\target1\Bai8.3_Lab8\SDK_1.0.3_NUCLEO-F401RE\lib_stm\libLibraries.a(stm32f401re_gpio.o)
 .debug_macro   0x000000000000aee2       0x22 G:\funixIot\introIOT\lab\My_workspace\target1\Bai8.3_Lab8\SDK_1.0.3_NUCLEO-F401RE\lib_stm\libLibraries.a(stm32f401re_gpio.o)
 .debug_macro   0x000000000000af04       0xef G:\funixIot\introIOT\lab\My_workspace\target1\Bai8.3_Lab8\SDK_1.0.3_NUCLEO-F401RE\lib_stm\libLibraries.a(stm32f401re_gpio.o)
 .debug_macro   0x000000000000aff3      0x64a G:\funixIot\introIOT\lab\My_workspace\target1\Bai8.3_Lab8\SDK_1.0.3_NUCLEO-F401RE\lib_stm\libLibraries.a(stm32f401re_gpio.o)
 .debug_macro   0x000000000000b63d      0x18d G:\funixIot\introIOT\lab\My_workspace\target1\Bai8.3_Lab8\SDK_1.0.3_NUCLEO-F401RE\lib_stm\libLibraries.a(stm32f401re_rcc.o)
 .debug_macro   0x000000000000b7ca      0x644 G:\funixIot\introIOT\lab\My_workspace\target1\Bai8.3_Lab8\SDK_1.0.3_NUCLEO-F401RE\lib_stm\libLibraries.a(stm32f401re_rcc.o)
 .debug_macro   0x000000000000be0e       0xf5 G:\funixIot\introIOT\lab\My_workspace\target1\Bai8.3_Lab8\SDK_1.0.3_NUCLEO-F401RE\lib_stm\libLibraries.a(button.o)
 .debug_macro   0x000000000000bf03       0xbe G:\funixIot\introIOT\lab\My_workspace\target1\Bai8.3_Lab8\SDK_1.0.3_NUCLEO-F401RE\lib_stm\libLibraries.a(button.o)
 .debug_macro   0x000000000000bfc1       0x22 G:\funixIot\introIOT\lab\My_workspace\target1\Bai8.3_Lab8\SDK_1.0.3_NUCLEO-F401RE\lib_stm\libLibraries.a(button.o)
 .debug_macro   0x000000000000bfe3      0x2f4 G:\funixIot\introIOT\lab\My_workspace\target1\Bai8.3_Lab8\SDK_1.0.3_NUCLEO-F401RE\lib_stm\libLibraries.a(button.o)
 .debug_macro   0x000000000000c2d7       0x16 G:\funixIot\introIOT\lab\My_workspace\target1\Bai8.3_Lab8\SDK_1.0.3_NUCLEO-F401RE\lib_stm\libLibraries.a(button.o)
 .debug_macro   0x000000000000c2ed       0x97 G:\funixIot\introIOT\lab\My_workspace\target1\Bai8.3_Lab8\SDK_1.0.3_NUCLEO-F401RE\lib_stm\libLibraries.a(eventbutton.o)
 .debug_macro   0x000000000000c384       0x1c G:\funixIot\introIOT\lab\My_workspace\target1\Bai8.3_Lab8\SDK_1.0.3_NUCLEO-F401RE\lib_stm\libLibraries.a(eventbutton.o)
 .debug_macro   0x000000000000c3a0      0x170 G:\funixIot\introIOT\lab\My_workspace\target1\Bai8.3_Lab8\SDK_1.0.3_NUCLEO-F401RE\lib_stm\libLibraries.a(eventbutton.o)
 .debug_macro   0x000000000000c510       0xec G:\funixIot\introIOT\lab\My_workspace\target1\Bai8.3_Lab8\SDK_1.0.3_NUCLEO-F401RE\lib_stm\libLibraries.a(led.o)
 .debug_macro   0x000000000000c5fc       0x82 G:\funixIot\introIOT\lab\My_workspace\target1\Bai8.3_Lab8\SDK_1.0.3_NUCLEO-F401RE\lib_stm\libLibraries.a(led.o)
 .debug_macro   0x000000000000c67e      0x741 G:\funixIot\introIOT\lab\My_workspace\target1\Bai8.3_Lab8\SDK_1.0.3_NUCLEO-F401RE\lib_stm\libLibraries.a(led.o)
 .debug_macro   0x000000000000cdbf       0x97 G:\funixIot\introIOT\lab\My_workspace\target1\Bai8.3_Lab8\SDK_1.0.3_NUCLEO-F401RE\lib_stm\libLibraries.a(eventman.o)
 .debug_macro   0x000000000000ce56       0xe3 G:\funixIot\introIOT\lab\My_workspace\target1\Bai8.3_Lab8\SDK_1.0.3_NUCLEO-F401RE\lib_stm\libLibraries.a(timer.o)
 .debug_macro   0x000000000000cf39       0x1c G:\funixIot\introIOT\lab\My_workspace\target1\Bai8.3_Lab8\SDK_1.0.3_NUCLEO-F401RE\lib_stm\libLibraries.a(timer.o)
 .debug_macro   0x000000000000cf55      0x10a G:\funixIot\introIOT\lab\My_workspace\target1\Bai8.3_Lab8\SDK_1.0.3_NUCLEO-F401RE\lib_stm\libLibraries.a(serial.o)
 .debug_macro   0x000000000000d05f      0x16a G:\funixIot\introIOT\lab\My_workspace\target1\Bai8.3_Lab8\SDK_1.0.3_NUCLEO-F401RE\lib_stm\libLibraries.a(serial.o)
 .debug_macro   0x000000000000d1c9       0x7c G:\funixIot\introIOT\lab\My_workspace\target1\Bai8.3_Lab8\SDK_1.0.3_NUCLEO-F401RE\lib_stm\libLibraries.a(serial.o)
 .debug_macro   0x000000000000d245      0x223 G:\funixIot\introIOT\lab\My_workspace\target1\Bai8.3_Lab8\SDK_1.0.3_NUCLEO-F401RE\lib_stm\libLibraries.a(serial.o)
 .debug_macro   0x000000000000d468       0xc2 G:\funixIot\introIOT\lab\My_workspace\target1\Bai8.3_Lab8\SDK_1.0.3_NUCLEO-F401RE\lib_stm\libLibraries.a(buff.o)
 .debug_macro   0x000000000000d52a       0x16 G:\funixIot\introIOT\lab\My_workspace\target1\Bai8.3_Lab8\SDK_1.0.3_NUCLEO-F401RE\lib_stm\libLibraries.a(buff.o)
 .debug_macro   0x000000000000d540       0xce G:\funixIot\introIOT\lab\My_workspace\target1\Bai8.3_Lab8\SDK_1.0.3_NUCLEO-F401RE\lib_stm\libLibraries.a(system_stm32f4xx.o)
 .debug_macro   0x000000000000d60e       0xe4 G:\funixIot\introIOT\lab\My_workspace\target1\Bai8.3_Lab8\SDK_1.0.3_NUCLEO-F401RE\lib_stm\libLibraries.a(stm32f401re_tim.o)
 .debug_macro   0x000000000000d6f2      0x73b G:\funixIot\introIOT\lab\My_workspace\target1\Bai8.3_Lab8\SDK_1.0.3_NUCLEO-F401RE\lib_stm\libLibraries.a(stm32f401re_tim.o)
 .debug_macro   0x000000000000de2d       0xdb G:\funixIot\introIOT\lab\My_workspace\target1\Bai8.3_Lab8\SDK_1.0.3_NUCLEO-F401RE\lib_stm\libLibraries.a(stm32f401re_usart.o)
 .debug_macro   0x000000000000df08      0x21d G:\funixIot\introIOT\lab\My_workspace\target1\Bai8.3_Lab8\SDK_1.0.3_NUCLEO-F401RE\lib_stm\libLibraries.a(stm32f401re_usart.o)

.debug_line     0x0000000000000000     0x58be
 .debug_line    0x0000000000000000      0x5f3 ./Src/main.o
 .debug_line    0x00000000000005f3       0x84 ./Startup/startup_stm32f401retx.o
 .debug_line    0x0000000000000677      0x65e G:\funixIot\introIOT\lab\My_workspace\target1\Bai8.3_Lab8\SDK_1.0.3_NUCLEO-F401RE\lib_stm\libLibraries.a(stm32f401re_gpio.o)
 .debug_line    0x0000000000000cd5      0x8d2 G:\funixIot\introIOT\lab\My_workspace\target1\Bai8.3_Lab8\SDK_1.0.3_NUCLEO-F401RE\lib_stm\libLibraries.a(stm32f401re_rcc.o)
 .debug_line    0x00000000000015a7      0x6b8 G:\funixIot\introIOT\lab\My_workspace\target1\Bai8.3_Lab8\SDK_1.0.3_NUCLEO-F401RE\lib_stm\libLibraries.a(button.o)
 .debug_line    0x0000000000001c5f      0x503 G:\funixIot\introIOT\lab\My_workspace\target1\Bai8.3_Lab8\SDK_1.0.3_NUCLEO-F401RE\lib_stm\libLibraries.a(eventbutton.o)
 .debug_line    0x0000000000002162      0x6f2 G:\funixIot\introIOT\lab\My_workspace\target1\Bai8.3_Lab8\SDK_1.0.3_NUCLEO-F401RE\lib_stm\libLibraries.a(led.o)
 .debug_line    0x0000000000002854      0x415 G:\funixIot\introIOT\lab\My_workspace\target1\Bai8.3_Lab8\SDK_1.0.3_NUCLEO-F401RE\lib_stm\libLibraries.a(eventman.o)
 .debug_line    0x0000000000002c69      0x684 G:\funixIot\introIOT\lab\My_workspace\target1\Bai8.3_Lab8\SDK_1.0.3_NUCLEO-F401RE\lib_stm\libLibraries.a(timer.o)
 .debug_line    0x00000000000032ed      0x72b G:\funixIot\introIOT\lab\My_workspace\target1\Bai8.3_Lab8\SDK_1.0.3_NUCLEO-F401RE\lib_stm\libLibraries.a(serial.o)
 .debug_line    0x0000000000003a18      0x532 G:\funixIot\introIOT\lab\My_workspace\target1\Bai8.3_Lab8\SDK_1.0.3_NUCLEO-F401RE\lib_stm\libLibraries.a(buff.o)
 .debug_line    0x0000000000003f4a      0x4a0 G:\funixIot\introIOT\lab\My_workspace\target1\Bai8.3_Lab8\SDK_1.0.3_NUCLEO-F401RE\lib_stm\libLibraries.a(system_stm32f4xx.o)
 .debug_line    0x00000000000043ea      0xd2f G:\funixIot\introIOT\lab\My_workspace\target1\Bai8.3_Lab8\SDK_1.0.3_NUCLEO-F401RE\lib_stm\libLibraries.a(stm32f401re_tim.o)
 .debug_line    0x0000000000005119      0x7a5 G:\funixIot\introIOT\lab\My_workspace\target1\Bai8.3_Lab8\SDK_1.0.3_NUCLEO-F401RE\lib_stm\libLibraries.a(stm32f401re_usart.o)

.debug_str      0x0000000000000000    0x44e46
 .debug_str     0x0000000000000000    0x373be ./Src/main.o
                                      0x3753f (size before relaxing)
 .debug_str     0x00000000000373be       0x31 ./Startup/startup_stm32f401retx.o
                                         0x71 (size before relaxing)
 .debug_str     0x00000000000373ef     0x3b6d G:\funixIot\introIOT\lab\My_workspace\target1\Bai8.3_Lab8\SDK_1.0.3_NUCLEO-F401RE\lib_stm\libLibraries.a(stm32f401re_gpio.o)
                                      0x3a690 (size before relaxing)
 .debug_str     0x000000000003af5c      0xcfa G:\funixIot\introIOT\lab\My_workspace\target1\Bai8.3_Lab8\SDK_1.0.3_NUCLEO-F401RE\lib_stm\libLibraries.a(stm32f401re_rcc.o)
                                      0x39aa1 (size before relaxing)
 .debug_str     0x000000000003bc56      0x2e1 G:\funixIot\introIOT\lab\My_workspace\target1\Bai8.3_Lab8\SDK_1.0.3_NUCLEO-F401RE\lib_stm\libLibraries.a(button.o)
                                      0x3abc5 (size before relaxing)
 .debug_str     0x000000000003bf37      0xf4e G:\funixIot\introIOT\lab\My_workspace\target1\Bai8.3_Lab8\SDK_1.0.3_NUCLEO-F401RE\lib_stm\libLibraries.a(eventbutton.o)
                                       0x5101 (size before relaxing)
 .debug_str     0x000000000003ce85     0x4a05 G:\funixIot\introIOT\lab\My_workspace\target1\Bai8.3_Lab8\SDK_1.0.3_NUCLEO-F401RE\lib_stm\libLibraries.a(led.o)
                                      0x3f796 (size before relaxing)
 .debug_str     0x000000000004188a      0x162 G:\funixIot\introIOT\lab\My_workspace\target1\Bai8.3_Lab8\SDK_1.0.3_NUCLEO-F401RE\lib_stm\libLibraries.a(eventman.o)
                                       0x3df5 (size before relaxing)
 .debug_str     0x00000000000419ec      0x617 G:\funixIot\introIOT\lab\My_workspace\target1\Bai8.3_Lab8\SDK_1.0.3_NUCLEO-F401RE\lib_stm\libLibraries.a(timer.o)
                                      0x39451 (size before relaxing)
 .debug_str     0x0000000000042003     0x1d6d G:\funixIot\introIOT\lab\My_workspace\target1\Bai8.3_Lab8\SDK_1.0.3_NUCLEO-F401RE\lib_stm\libLibraries.a(serial.o)
                                      0x3cca1 (size before relaxing)
 .debug_str     0x0000000000043d70       0x93 G:\funixIot\introIOT\lab\My_workspace\target1\Bai8.3_Lab8\SDK_1.0.3_NUCLEO-F401RE\lib_stm\libLibraries.a(buff.o)
                                      0x35751 (size before relaxing)
 .debug_str     0x0000000000043e03       0xbf G:\funixIot\introIOT\lab\My_workspace\target1\Bai8.3_Lab8\SDK_1.0.3_NUCLEO-F401RE\lib_stm\libLibraries.a(system_stm32f4xx.o)
                                      0x3583e (size before relaxing)
 .debug_str     0x0000000000043ec2      0xaba G:\funixIot\introIOT\lab\My_workspace\target1\Bai8.3_Lab8\SDK_1.0.3_NUCLEO-F401RE\lib_stm\libLibraries.a(stm32f401re_tim.o)
                                      0x3a911 (size before relaxing)
 .debug_str     0x000000000004497c      0x4ca G:\funixIot\introIOT\lab\My_workspace\target1\Bai8.3_Lab8\SDK_1.0.3_NUCLEO-F401RE\lib_stm\libLibraries.a(stm32f401re_usart.o)
                                      0x3a79e (size before relaxing)

.comment        0x0000000000000000       0xce
 .comment       0x0000000000000000       0x53 ./Src/main.o
                                         0x54 (size before relaxing)
 .comment       0x0000000000000053       0x7b G:\funixIot\introIOT\lab\My_workspace\target1\Bai8.3_Lab8\SDK_1.0.3_NUCLEO-F401RE\lib_stm\libLibraries.a(stm32f401re_gpio.o)
                                         0x7c (size before relaxing)
 .comment       0x00000000000000ce       0x7c G:\funixIot\introIOT\lab\My_workspace\target1\Bai8.3_Lab8\SDK_1.0.3_NUCLEO-F401RE\lib_stm\libLibraries.a(stm32f401re_rcc.o)
 .comment       0x00000000000000ce       0x7c G:\funixIot\introIOT\lab\My_workspace\target1\Bai8.3_Lab8\SDK_1.0.3_NUCLEO-F401RE\lib_stm\libLibraries.a(button.o)
 .comment       0x00000000000000ce       0x7c G:\funixIot\introIOT\lab\My_workspace\target1\Bai8.3_Lab8\SDK_1.0.3_NUCLEO-F401RE\lib_stm\libLibraries.a(eventbutton.o)
 .comment       0x00000000000000ce       0x7c G:\funixIot\introIOT\lab\My_workspace\target1\Bai8.3_Lab8\SDK_1.0.3_NUCLEO-F401RE\lib_stm\libLibraries.a(led.o)
 .comment       0x00000000000000ce       0x7c G:\funixIot\introIOT\lab\My_workspace\target1\Bai8.3_Lab8\SDK_1.0.3_NUCLEO-F401RE\lib_stm\libLibraries.a(eventman.o)
 .comment       0x00000000000000ce       0x7c G:\funixIot\introIOT\lab\My_workspace\target1\Bai8.3_Lab8\SDK_1.0.3_NUCLEO-F401RE\lib_stm\libLibraries.a(timer.o)
 .comment       0x00000000000000ce       0x7c G:\funixIot\introIOT\lab\My_workspace\target1\Bai8.3_Lab8\SDK_1.0.3_NUCLEO-F401RE\lib_stm\libLibraries.a(serial.o)
 .comment       0x00000000000000ce       0x7c G:\funixIot\introIOT\lab\My_workspace\target1\Bai8.3_Lab8\SDK_1.0.3_NUCLEO-F401RE\lib_stm\libLibraries.a(buff.o)
 .comment       0x00000000000000ce       0x7c G:\funixIot\introIOT\lab\My_workspace\target1\Bai8.3_Lab8\SDK_1.0.3_NUCLEO-F401RE\lib_stm\libLibraries.a(system_stm32f4xx.o)
 .comment       0x00000000000000ce       0x7c G:\funixIot\introIOT\lab\My_workspace\target1\Bai8.3_Lab8\SDK_1.0.3_NUCLEO-F401RE\lib_stm\libLibraries.a(stm32f401re_tim.o)
 .comment       0x00000000000000ce       0x7c G:\funixIot\introIOT\lab\My_workspace\target1\Bai8.3_Lab8\SDK_1.0.3_NUCLEO-F401RE\lib_stm\libLibraries.a(stm32f401re_usart.o)

.debug_frame    0x0000000000000000     0x2658
 .debug_frame   0x0000000000000000       0x2c ./Src/main.o
 .debug_frame   0x000000000000002c      0x23c G:\funixIot\introIOT\lab\My_workspace\target1\Bai8.3_Lab8\SDK_1.0.3_NUCLEO-F401RE\lib_stm\libLibraries.a(stm32f401re_gpio.o)
 .debug_frame   0x0000000000000268      0x774 G:\funixIot\introIOT\lab\My_workspace\target1\Bai8.3_Lab8\SDK_1.0.3_NUCLEO-F401RE\lib_stm\libLibraries.a(stm32f401re_rcc.o)
 .debug_frame   0x00000000000009dc      0x140 G:\funixIot\introIOT\lab\My_workspace\target1\Bai8.3_Lab8\SDK_1.0.3_NUCLEO-F401RE\lib_stm\libLibraries.a(button.o)
 .debug_frame   0x0000000000000b1c       0xe0 G:\funixIot\introIOT\lab\My_workspace\target1\Bai8.3_Lab8\SDK_1.0.3_NUCLEO-F401RE\lib_stm\libLibraries.a(eventbutton.o)
 .debug_frame   0x0000000000000bfc      0x1b8 G:\funixIot\introIOT\lab\My_workspace\target1\Bai8.3_Lab8\SDK_1.0.3_NUCLEO-F401RE\lib_stm\libLibraries.a(led.o)
 .debug_frame   0x0000000000000db4       0x7c G:\funixIot\introIOT\lab\My_workspace\target1\Bai8.3_Lab8\SDK_1.0.3_NUCLEO-F401RE\lib_stm\libLibraries.a(eventman.o)
 .debug_frame   0x0000000000000e30      0x1a8 G:\funixIot\introIOT\lab\My_workspace\target1\Bai8.3_Lab8\SDK_1.0.3_NUCLEO-F401RE\lib_stm\libLibraries.a(timer.o)
 .debug_frame   0x0000000000000fd8      0x1e0 G:\funixIot\introIOT\lab\My_workspace\target1\Bai8.3_Lab8\SDK_1.0.3_NUCLEO-F401RE\lib_stm\libLibraries.a(serial.o)
 .debug_frame   0x00000000000011b8      0x118 G:\funixIot\introIOT\lab\My_workspace\target1\Bai8.3_Lab8\SDK_1.0.3_NUCLEO-F401RE\lib_stm\libLibraries.a(buff.o)
 .debug_frame   0x00000000000012d0       0x74 G:\funixIot\introIOT\lab\My_workspace\target1\Bai8.3_Lab8\SDK_1.0.3_NUCLEO-F401RE\lib_stm\libLibraries.a(system_stm32f4xx.o)
 .debug_frame   0x0000000000001344      0xe58 G:\funixIot\introIOT\lab\My_workspace\target1\Bai8.3_Lab8\SDK_1.0.3_NUCLEO-F401RE\lib_stm\libLibraries.a(stm32f401re_tim.o)
 .debug_frame   0x000000000000219c      0x490 G:\funixIot\introIOT\lab\My_workspace\target1\Bai8.3_Lab8\SDK_1.0.3_NUCLEO-F401RE\lib_stm\libLibraries.a(stm32f401re_usart.o)
 .debug_frame   0x000000000000262c       0x2c c:/st/stm32cubeide_1.8.0/stm32cubeide/plugins/com.st.stm32cube.ide.mcu.externaltools.gnu-tools-for-stm32.9-2020-q2-update.win32_2.0.0.202105311346/tools/bin/../lib/gcc/arm-none-eabi/9.3.1/../../../../arm-none-eabi/lib/thumb/v7e-m+fp/hard\libc_nano.a(lib_a-init.o)
