Archive member included to satisfy reference by file (symbol)

G:\funixIot\introIOT\lab\My_workspace\target1\Bai8.4_Lab8\SDK_1.0.3_NUCLEO-F401RE\lib_stm\libLibraries.a(system_stm32f4xx.o)
                              ./Src/main.o (SystemCoreClockUpdate)
G:\funixIot\introIOT\lab\My_workspace\target1\Bai8.4_Lab8\SDK_1.0.3_NUCLEO-F401RE\lib_stm\libLibraries.a(timer.o)
                              ./Src/main.o (TimerInit)
G:\funixIot\introIOT\lab\My_workspace\target1\Bai8.4_Lab8\SDK_1.0.3_NUCLEO-F401RE\lib_stm\libLibraries.a(temhumsensor.o)
                              ./Src/main.o (TemHumSensor_Init)
G:\funixIot\introIOT\lab\My_workspace\target1\Bai8.4_Lab8\SDK_1.0.3_NUCLEO-F401RE\lib_stm\libLibraries.a(serial.o)
                              G:\funixIot\introIOT\lab\My_workspace\target1\Bai8.4_Lab8\SDK_1.0.3_NUCLEO-F401RE\lib_stm\libLibraries.a(temhumsensor.o) (Serial_SendPacket)
G:\funixIot\introIOT\lab\My_workspace\target1\Bai8.4_Lab8\SDK_1.0.3_NUCLEO-F401RE\lib_stm\libLibraries.a(Ucglib.o)
                              ./Src/main.o (Ucglib4WireSWSPI_begin)
G:\funixIot\introIOT\lab\My_workspace\target1\Bai8.4_Lab8\SDK_1.0.3_NUCLEO-F401RE\lib_stm\libLibraries.a(ucg_box.o)
                              ./Src/main.o (ucg_ClearScreen)
G:\funixIot\introIOT\lab\My_workspace\target1\Bai8.4_Lab8\SDK_1.0.3_NUCLEO-F401RE\lib_stm\libLibraries.a(ucg_ccs.o)
                              G:\funixIot\introIOT\lab\My_workspace\target1\Bai8.4_Lab8\SDK_1.0.3_NUCLEO-F401RE\lib_stm\libLibraries.a(ucg_box.o) (ucg_ccs_init)
G:\funixIot\introIOT\lab\My_workspace\target1\Bai8.4_Lab8\SDK_1.0.3_NUCLEO-F401RE\lib_stm\libLibraries.a(ucg_circle.o)
                              G:\funixIot\introIOT\lab\My_workspace\target1\Bai8.4_Lab8\SDK_1.0.3_NUCLEO-F401RE\lib_stm\libLibraries.a(ucg_box.o) (ucg_DrawCircle)
G:\funixIot\introIOT\lab\My_workspace\target1\Bai8.4_Lab8\SDK_1.0.3_NUCLEO-F401RE\lib_stm\libLibraries.a(ucg_dev_default_cb.o)
                              G:\funixIot\introIOT\lab\My_workspace\target1\Bai8.4_Lab8\SDK_1.0.3_NUCLEO-F401RE\lib_stm\libLibraries.a(Ucglib.o) (ucg_dev_default_cb)
G:\funixIot\introIOT\lab\My_workspace\target1\Bai8.4_Lab8\SDK_1.0.3_NUCLEO-F401RE\lib_stm\libLibraries.a(ucg_dev_ic_st7735.o)
                              G:\funixIot\introIOT\lab\My_workspace\target1\Bai8.4_Lab8\SDK_1.0.3_NUCLEO-F401RE\lib_stm\libLibraries.a(Ucglib.o) (ucg_ext_st7735_18)
G:\funixIot\introIOT\lab\My_workspace\target1\Bai8.4_Lab8\SDK_1.0.3_NUCLEO-F401RE\lib_stm\libLibraries.a(ucg_dev_msg_api.o)
                              G:\funixIot\introIOT\lab\My_workspace\target1\Bai8.4_Lab8\SDK_1.0.3_NUCLEO-F401RE\lib_stm\libLibraries.a(ucg_box.o) (ucg_SetMaxClipRange)
G:\funixIot\introIOT\lab\My_workspace\target1\Bai8.4_Lab8\SDK_1.0.3_NUCLEO-F401RE\lib_stm\libLibraries.a(ucg_dev_tft_128x128_st7735.o)
                              G:\funixIot\introIOT\lab\My_workspace\target1\Bai8.4_Lab8\SDK_1.0.3_NUCLEO-F401RE\lib_stm\libLibraries.a(Ucglib.o) (ucg_dev_st7735_18x128x128)
G:\funixIot\introIOT\lab\My_workspace\target1\Bai8.4_Lab8\SDK_1.0.3_NUCLEO-F401RE\lib_stm\libLibraries.a(ucg_font.o)
                              G:\funixIot\introIOT\lab\My_workspace\target1\Bai8.4_Lab8\SDK_1.0.3_NUCLEO-F401RE\lib_stm\libLibraries.a(Ucglib.o) (ucg_SetFontMode)
G:\funixIot\introIOT\lab\My_workspace\target1\Bai8.4_Lab8\SDK_1.0.3_NUCLEO-F401RE\lib_stm\libLibraries.a(ucg_init.o)
                              G:\funixIot\introIOT\lab\My_workspace\target1\Bai8.4_Lab8\SDK_1.0.3_NUCLEO-F401RE\lib_stm\libLibraries.a(Ucglib.o) (ucg_Init)
G:\funixIot\introIOT\lab\My_workspace\target1\Bai8.4_Lab8\SDK_1.0.3_NUCLEO-F401RE\lib_stm\libLibraries.a(ucg_line.o)
                              G:\funixIot\introIOT\lab\My_workspace\target1\Bai8.4_Lab8\SDK_1.0.3_NUCLEO-F401RE\lib_stm\libLibraries.a(ucg_font.o) (ucg_Draw90Line)
G:\funixIot\introIOT\lab\My_workspace\target1\Bai8.4_Lab8\SDK_1.0.3_NUCLEO-F401RE\lib_stm\libLibraries.a(ucg_pixel.o)
                              ./Src/main.o (ucg_SetColor)
G:\funixIot\introIOT\lab\My_workspace\target1\Bai8.4_Lab8\SDK_1.0.3_NUCLEO-F401RE\lib_stm\libLibraries.a(ucg_pixel_font_data.o)
                              ./Src/main.o (ucg_font_ncenR12_hr)
G:\funixIot\introIOT\lab\My_workspace\target1\Bai8.4_Lab8\SDK_1.0.3_NUCLEO-F401RE\lib_stm\libLibraries.a(ucg_rotate.o)
                              ./Src/main.o (ucg_SetRotate180)
G:\funixIot\introIOT\lab\My_workspace\target1\Bai8.4_Lab8\SDK_1.0.3_NUCLEO-F401RE\lib_stm\libLibraries.a(buff.o)
                              G:\funixIot\introIOT\lab\My_workspace\target1\Bai8.4_Lab8\SDK_1.0.3_NUCLEO-F401RE\lib_stm\libLibraries.a(serial.o) (bufInit)
G:\funixIot\introIOT\lab\My_workspace\target1\Bai8.4_Lab8\SDK_1.0.3_NUCLEO-F401RE\lib_stm\libLibraries.a(utilities.o)
                              G:\funixIot\introIOT\lab\My_workspace\target1\Bai8.4_Lab8\SDK_1.0.3_NUCLEO-F401RE\lib_stm\libLibraries.a(timer.o) (memsetl)
[...]
Memory Configuration

Name             Origin             Length             Attributes
RAM              0x0000000020000000 0x0000000000018000 xrw
FLASH            0x0000000008000000 0x0000000000080000 xr
*default*        0x0000000000000000 0xffffffffffffffff

Linker script and memory map

LOAD c:/st/stm32cubeide_1.8.0/stm32cubeide/plugins/com.st.stm32cube.ide.mcu.externaltools.gnu-tools-for-stm32.9-2020-q2-update.win32_2.0.0.202105311346/tools/bin/../lib/gcc/arm-none-eabi/9.3.1/thumb/v7e-m+fp/hard/crti.o
LOAD c:/st/stm32cubeide_1.8.0/stm32cubeide/plugins/com.st.stm32cube.ide.mcu.externaltools.gnu-tools-for-stm32.9-2020-q2-update.win32_2.0.0.202105311346/tools/bin/../lib/gcc/arm-none-eabi/9.3.1/thumb/v7e-m+fp/hard/crtbegin.o
LOAD c:/st/stm32cubeide_1.8.0/stm32cubeide/plugins/com.st.stm32cube.ide.mcu.externaltools.gnu-tools-for-stm32.9-2020-q2-update.win32_2.0.0.202105311346/tools/bin/../lib/gcc/arm-none-eabi/9.3.1/../../../../arm-none-eabi/lib/thumb/v7e-m+fp/hard/crt0.o
LOAD ./Src/main.o
LOAD ./Src/syscalls.o
LOAD ./Src/sysmem.o
LOAD ./Startup/startup_stm32f401retx.o
LOAD G:\funixIot\introIOT\lab\My_workspace\target1\Bai8.4_Lab8\SDK_1.0.3_NUCLEO-F401RE\lib_stm\libLibraries.a
START GROUP
LOAD c:/st/stm32cubeide_1.8.0/stm32cubeide/plugins/com.st.stm32cube.ide.mcu.externaltools.gnu-tools-for-stm32.9-2020-q2-update.win32_2.0.0.202105311346/tools/bin/../lib/gcc/arm-none-eabi/9.3.1/../../../../arm-none-eabi/lib/thumb/v7e-m+fp/hard\libc_nano.a
LOAD c:/st/stm32cubeide_1.8.0/stm32cubeide/plugins/com.st.stm32cube.ide.mcu.externaltools.gnu-tools-for-stm32.9-2020-q2-update.win32_2.0.0.202105311346/tools/bin/../lib/gcc/arm-none-eabi/9.3.1/../../../../arm-none-eabi/lib/thumb/v7e-m+fp/hard\libm.a
END GROUP
START GROUP
LOAD c:/st/stm32cubeide_1.8.0/stm32cubeide/plugins/com.st.stm32cube.ide.mcu.externaltools.gnu-tools-for-stm32.9-2020-q2-update.win32_2.0.0.202105311346/tools/bin/../lib/gcc/arm-none-eabi/9.3.1/thumb/v7e-m+fp/hard\libgcc.a
LOAD c:/st/stm32cubeide_1.8.0/stm32cubeide/plugins/com.st.stm32cube.ide.mcu.externaltools.gnu-tools-for-stm32.9-2020-q2-update.win32_2.0.0.202105311346/tools/bin/../lib/gcc/arm-none-eabi/9.3.1/../../../../arm-none-eabi/lib/thumb/v7e-m+fp/hard\libc_nano.a
END GROUP
START GROUP
LOAD c:/st/stm32cubeide_1.8.0/stm32cubeide/plugins/com.st.stm32cube.ide.mcu.externaltools.gnu-tools-for-stm32.9-2020-q2-update.win32_2.0.0.202105311346/tools/bin/../lib/gcc/arm-none-eabi/9.3.1/thumb/v7e-m+fp/hard\libgcc.a
LOAD c:/st/stm32cubeide_1.8.0/stm32cubeide/plugins/com.st.stm32cube.ide.mcu.externaltools.gnu-tools-for-stm32.9-2020-q2-update.win32_2.0.0.202105311346/tools/bin/../lib/gcc/arm-none-eabi/9.3.1/../../../../arm-none-eabi/lib/thumb/v7e-m+fp/hard\libc_nano.a
LOAD c:/st/stm32cubeide_1.8.0/stm32cubeide/plugins/com.st.stm32cube.ide.mcu.externaltools.gnu-tools-for-stm32.9-2020-q2-update.win32_2.0.0.202105311346/tools/bin/../lib/gcc/arm-none-eabi/9.3.1/../../../../arm-none-eabi/lib/thumb/v7e-m+fp/hard\libnosys.a
END GROUP
START GROUP
LOAD c:/st/stm32cubeide_1.8.0/stm32cubeide/plugins/com.st.stm32cube.ide.mcu.externaltools.gnu-tools-for-stm32.9-2020-q2-update.win32_2.0.0.202105311346/tools/bin/../lib/gcc/arm-none-eabi/9.3.1/thumb/v7e-m+fp/hard\libgcc.a
LOAD c:/st/stm32cubeide_1.8.0/stm32cubeide/plugins/com.st.stm32cube.ide.mcu.externaltools.gnu-tools-for-stm32.9-2020-q2-update.win32_2.0.0.202105311346/tools/bin/../lib/gcc/arm-none-eabi/9.3.1/../../../../arm-none-eabi/lib/thumb/v7e-m+fp/hard\libc_nano.a
LOAD c:/st/stm32cubeide_1.8.0/stm32cubeide/plugins/com.st.stm32cube.ide.mcu.externaltools.gnu-tools-for-stm32.9-2020-q2-update.win32_2.0.0.202105311346/tools/bin/../lib/gcc/arm-none-eabi/9.3.1/../../../../arm-none-eabi/lib/thumb/v7e-m+fp/hard\libnosys.a
END GROUP
LOAD c:/st/stm32cubeide_1.8.0/stm32cubeide/plugins/com.st.stm32cube.ide.mcu.externaltools.gnu-tools-for-stm32.9-2020-q2-update.win32_2.0.0.202105311346/tools/bin/../lib/gcc/arm-none-eabi/9.3.1/thumb/v7e-m+fp/hard/crtend.o
LOAD c:/st/stm32cubeide_1.8.0/stm32cubeide/plugins/com.st.stm32cube.ide.mcu.externaltools.gnu-tools-for-stm32.9-2020-q2-update.win32_2.0.0.202105311346/tools/bin/../lib/gcc/arm-none-eabi/9.3.1/thumb/v7e-m+fp/hard/crtn.o
                0x0000000020018000                _estack = (ORIGIN (RAM) + LENGTH (RAM))
                0x0000000000000200                _Min_Heap_Size = 0x200
                0x0000000000000400                _Min_Stack_Size = 0x400

.isr_vector     0x0000000008000000      0x194
                0x0000000008000000                . = ALIGN (0x4)
 *(.isr_vector)
 .isr_vector    0x0000000008000000      0x194 ./Startup/startup_stm32f401retx.o
                0x0000000008000000                g_pfnVectors
                0x0000000008000194                . = ALIGN (0x4)

.text           0x00000000080001a0     0x44c0
                0x00000000080001a0                . = ALIGN (0x4)
 *(.text)
 .text          0x00000000080001a0       0x40 c:/st/stm32cubeide_1.8.0/stm32cubeide/plugins/com.st.stm32cube.ide.mcu.externaltools.gnu-tools-for-stm32.9-2020-q2-update.win32_2.0.0.202105311346/tools/bin/../lib/gcc/arm-none-eabi/9.3.1/thumb/v7e-m+fp/hard/crtbegin.o
 .text          0x00000000080001e0       0xa0 c:/st/stm32cubeide_1.8.0/stm32cubeide/plugins/com.st.stm32cube.ide.mcu.externaltools.gnu-tools-for-stm32.9-2020-q2-update.win32_2.0.0.202105311346/tools/bin/../lib/gcc/arm-none-eabi/9.3.1/../../../../arm-none-eabi/lib/thumb/v7e-m+fp/hard\libc_nano.a(lib_a-memchr.o)
                0x00000000080001e0                memchr
 *(.text*)
 .text.main     0x0000000008000280       0x20 ./Src/main.o
                0x0000000008000280                main
 .text.AppInitCommon
                0x00000000080002a0       0x5c ./Src/main.o
                0x00000000080002a0                AppInitCommon
 .text.processGetValueSensor
                0x00000000080002fc      0x110 ./Src/main.o
                0x00000000080002fc                processGetValueSensor
 .text._sbrk    0x000000000800040c       0x6c ./Src/sysmem.o
                0x000000000800040c                _sbrk
 .text.Reset_Handler
                0x0000000008000478       0x50 ./Startup/startup_stm32f401retx.o
                0x0000000008000478                Reset_Handler
 .text.Default_Handler
                0x00000000080004c8        0x2 ./Startup/startup_stm32f401retx.o
                0x00000000080004c8                EXTI2_IRQHandler
                0x00000000080004c8                DebugMon_Handler
                0x00000000080004c8                SPI4_IRQHandler
                0x00000000080004c8                TIM1_CC_IRQHandler
                0x00000000080004c8                HardFault_Handler
                0x00000000080004c8                SDIO_IRQHandler
                0x00000000080004c8                TAMP_STAMP_IRQHandler
                0x00000000080004c8                PendSV_Handler
                0x00000000080004c8                NMI_Handler
                0x00000000080004c8                EXTI3_IRQHandler
                0x00000000080004c8                TIM1_UP_TIM10_IRQHandler
                0x00000000080004c8                I2C3_ER_IRQHandler
                0x00000000080004c8                EXTI18_OTG_FS_WKUP_IRQHandler
                0x00000000080004c8                EXTI0_IRQHandler
                0x00000000080004c8                I2C2_EV_IRQHandler
                0x00000000080004c8                FPU_IRQHandler
                0x00000000080004c8                UsageFault_Handler
                0x00000000080004c8                SPI1_IRQHandler
                0x00000000080004c8                TIM1_BRK_TIM9_IRQHandler
                0x00000000080004c8                USART6_IRQHandler
                0x00000000080004c8                TIM4_IRQHandler
                0x00000000080004c8                I2C1_EV_IRQHandler
                0x00000000080004c8                TIM3_IRQHandler
                0x00000000080004c8                RCC_IRQHandler
                0x00000000080004c8                Default_Handler
                0x00000000080004c8                EXTI15_10_IRQHandler
                0x00000000080004c8                ADC_IRQHandler
                0x00000000080004c8                TIM5_IRQHandler
                0x00000000080004c8                I2C3_EV_IRQHandler
                0x00000000080004c8                EXTI9_5_IRQHandler
                0x00000000080004c8                SPI2_IRQHandler
                0x00000000080004c8                MemManage_Handler
                0x00000000080004c8                SVC_Handler
                0x00000000080004c8                EXTI4_IRQHandler
                0x00000000080004c8                EXTI22_RTC_WKUP_IRQHandler
                0x00000000080004c8                TIM2_IRQHandler
                0x00000000080004c8                EXTI16_PVD_IRQHandler
                0x00000000080004c8                TIM1_TRG_COM_TIM11_IRQHandler
                0x00000000080004c8                EXTI1_IRQHandler
                0x00000000080004c8                EXTI17_RTC_Alarm_IRQHandler
                0x00000000080004c8                I2C2_ER_IRQHandler
                0x00000000080004c8                FLASH_IRQHandler
                0x00000000080004c8                BusFault_Handler
                0x00000000080004c8                USART1_IRQHandler
                0x00000000080004c8                OTG_FS_IRQHandler
                0x00000000080004c8                SPI3_IRQHandler
                0x00000000080004c8                I2C1_ER_IRQHandler
 *fill*         0x00000000080004ca        0x2 
 .text.SystemInit
                0x00000000080004cc       0x6c G:\funixIot\introIOT\lab\My_workspace\target1\Bai8.4_Lab8\SDK_1.0.3_NUCLEO-F401RE\lib_stm\libLibraries.a(system_stm32f4xx.o)
                0x00000000080004cc                SystemInit
 .text.SystemCoreClockUpdate
                0x0000000008000538       0xf8 G:\funixIot\introIOT\lab\My_workspace\target1\Bai8.4_Lab8\SDK_1.0.3_NUCLEO-F401RE\lib_stm\libLibraries.a(system_stm32f4xx.o)
                0x0000000008000538                SystemCoreClockUpdate
 .text.SetSysClock
                0x0000000008000630       0xa0 G:\funixIot\introIOT\lab\My_workspace\target1\Bai8.4_Lab8\SDK_1.0.3_NUCLEO-F401RE\lib_stm\libLibraries.a(system_stm32f4xx.o)
 .text.NVIC_SetPriority
                0x00000000080006d0       0x54 G:\funixIot\introIOT\lab\My_workspace\target1\Bai8.4_Lab8\SDK_1.0.3_NUCLEO-F401RE\lib_stm\libLibraries.a(timer.o)
 .text.SysTick_Config
                0x0000000008000724       0x44 G:\funixIot\introIOT\lab\My_workspace\target1\Bai8.4_Lab8\SDK_1.0.3_NUCLEO-F401RE\lib_stm\libLibraries.a(timer.o)
 .text.TimerInit
                0x0000000008000768       0x44 G:\funixIot\introIOT\lab\My_workspace\target1\Bai8.4_Lab8\SDK_1.0.3_NUCLEO-F401RE\lib_stm\libLibraries.a(timer.o)
                0x0000000008000768                TimerInit
 .text.TimerStart
                0x00000000080007ac       0xc4 G:\funixIot\introIOT\lab\My_workspace\target1\Bai8.4_Lab8\SDK_1.0.3_NUCLEO-F401RE\lib_stm\libLibraries.a(timer.o)
                0x00000000080007ac                TimerStart
 .text.TimerStop
                0x0000000008000870       0xa0 G:\funixIot\introIOT\lab\My_workspace\target1\Bai8.4_Lab8\SDK_1.0.3_NUCLEO-F401RE\lib_stm\libLibraries.a(timer.o)
                0x0000000008000870                TimerStop
 .text.GetMilSecTick
                0x0000000008000910       0x18 G:\funixIot\introIOT\lab\My_workspace\target1\Bai8.4_Lab8\SDK_1.0.3_NUCLEO-F401RE\lib_stm\libLibraries.a(timer.o)
                0x0000000008000910                GetMilSecTick
 .text.processTimerScheduler
                0x0000000008000928       0xf0 G:\funixIot\introIOT\lab\My_workspace\target1\Bai8.4_Lab8\SDK_1.0.3_NUCLEO-F401RE\lib_stm\libLibraries.a(timer.o)
                0x0000000008000928                processTimerScheduler
 .text.TimeExpired
                0x0000000008000a18       0xcc G:\funixIot\introIOT\lab\My_workspace\target1\Bai8.4_Lab8\SDK_1.0.3_NUCLEO-F401RE\lib_stm\libLibraries.a(timer.o)
 .text.SysTick_Handler
                0x0000000008000ae4       0x1c G:\funixIot\introIOT\lab\My_workspace\target1\Bai8.4_Lab8\SDK_1.0.3_NUCLEO-F401RE\lib_stm\libLibraries.a(timer.o)
                0x0000000008000ae4                SysTick_Handler
 .text.TemHumSensor_Init
                0x0000000008000b00        0xc G:\funixIot\introIOT\lab\My_workspace\target1\Bai8.4_Lab8\SDK_1.0.3_NUCLEO-F401RE\lib_stm\libLibraries.a(temhumsensor.o)
                0x0000000008000b00                TemHumSensor_Init
 .text.TemHumSensor_GetTemp
                0x0000000008000b0c       0x7c G:\funixIot\introIOT\lab\My_workspace\target1\Bai8.4_Lab8\SDK_1.0.3_NUCLEO-F401RE\lib_stm\libLibraries.a(temhumsensor.o)
                0x0000000008000b0c                TemHumSensor_GetTemp
 .text.TemHumSensor_GetHumi
                0x0000000008000b88       0x78 G:\funixIot\introIOT\lab\My_workspace\target1\Bai8.4_Lab8\SDK_1.0.3_NUCLEO-F401RE\lib_stm\libLibraries.a(temhumsensor.o)
                0x0000000008000b88                TemHumSensor_GetHumi
 .text.CalculateCRC8
                0x0000000008000c00       0x86 G:\funixIot\introIOT\lab\My_workspace\target1\Bai8.4_Lab8\SDK_1.0.3_NUCLEO-F401RE\lib_stm\libLibraries.a(temhumsensor.o)
 *fill*         0x0000000008000c86        0x2 
 .text.i2c_config
                0x0000000008000c88       0x94 G:\funixIot\introIOT\lab\My_workspace\target1\Bai8.4_Lab8\SDK_1.0.3_NUCLEO-F401RE\lib_stm\libLibraries.a(temhumsensor.o)
                0x0000000008000c88                i2c_config
 .text.i2c_read_reg_expand
                0x0000000008000d1c       0xac G:\funixIot\introIOT\lab\My_workspace\target1\Bai8.4_Lab8\SDK_1.0.3_NUCLEO-F401RE\lib_stm\libLibraries.a(temhumsensor.o)
                0x0000000008000d1c                i2c_read_reg_expand
 .text.i2c_start
                0x0000000008000dc8       0x3c G:\funixIot\introIOT\lab\My_workspace\target1\Bai8.4_Lab8\SDK_1.0.3_NUCLEO-F401RE\lib_stm\libLibraries.a(temhumsensor.o)
                0x0000000008000dc8                i2c_start
 .text.i2c_stop
                0x0000000008000e04       0x14 G:\funixIot\introIOT\lab\My_workspace\target1\Bai8.4_Lab8\SDK_1.0.3_NUCLEO-F401RE\lib_stm\libLibraries.a(temhumsensor.o)
                0x0000000008000e04                i2c_stop
 .text.i2c_address_direction
                0x0000000008000e18       0x60 G:\funixIot\introIOT\lab\My_workspace\target1\Bai8.4_Lab8\SDK_1.0.3_NUCLEO-F401RE\lib_stm\libLibraries.a(temhumsensor.o)
                0x0000000008000e18                i2c_address_direction
 .text.i2c_transmit
                0x0000000008000e78       0x34 G:\funixIot\introIOT\lab\My_workspace\target1\Bai8.4_Lab8\SDK_1.0.3_NUCLEO-F401RE\lib_stm\libLibraries.a(temhumsensor.o)
                0x0000000008000e78                i2c_transmit
 .text.i2c_receive_ack
                0x0000000008000eac       0x30 G:\funixIot\introIOT\lab\My_workspace\target1\Bai8.4_Lab8\SDK_1.0.3_NUCLEO-F401RE\lib_stm\libLibraries.a(temhumsensor.o)
                0x0000000008000eac                i2c_receive_ack
 .text.i2c_receive_nack
                0x0000000008000edc       0x30 G:\funixIot\introIOT\lab\My_workspace\target1\Bai8.4_Lab8\SDK_1.0.3_NUCLEO-F401RE\lib_stm\libLibraries.a(temhumsensor.o)
                0x0000000008000edc                i2c_receive_nack
 .text.USART2_IRQHandler
                0x0000000008000f0c       0x50 G:\funixIot\introIOT\lab\My_workspace\target1\Bai8.4_Lab8\SDK_1.0.3_NUCLEO-F401RE\lib_stm\libLibraries.a(serial.o)
                0x0000000008000f0c                USART2_IRQHandler
 .text.delayMicroseconds
                0x0000000008000f5c       0x14 G:\funixIot\introIOT\lab\My_workspace\target1\Bai8.4_Lab8\SDK_1.0.3_NUCLEO-F401RE\lib_stm\libLibraries.a(Ucglib.o)
 .text.ucg_gpio_init
                0x0000000008000f70       0x60 G:\funixIot\introIOT\lab\My_workspace\target1\Bai8.4_Lab8\SDK_1.0.3_NUCLEO-F401RE\lib_stm\libLibraries.a(Ucglib.o)
 .text.ucg_com_arduino_send_generic_SW_SPI
                0x0000000008000fd0       0x74 G:\funixIot\introIOT\lab\My_workspace\target1\Bai8.4_Lab8\SDK_1.0.3_NUCLEO-F401RE\lib_stm\libLibraries.a(Ucglib.o)
 .text.ucg_com_arduino_generic_SW_SPI
                0x0000000008001044      0x1ec G:\funixIot\introIOT\lab\My_workspace\target1\Bai8.4_Lab8\SDK_1.0.3_NUCLEO-F401RE\lib_stm\libLibraries.a(Ucglib.o)
 .text.Ucglib4WireSWSPI_begin
                0x0000000008001230       0x38 G:\funixIot\introIOT\lab\My_workspace\target1\Bai8.4_Lab8\SDK_1.0.3_NUCLEO-F401RE\lib_stm\libLibraries.a(Ucglib.o)
                0x0000000008001230                Ucglib4WireSWSPI_begin
 .text.ucg_DrawBox
                0x0000000008001268       0x56 G:\funixIot\introIOT\lab\My_workspace\target1\Bai8.4_Lab8\SDK_1.0.3_NUCLEO-F401RE\lib_stm\libLibraries.a(ucg_box.o)
                0x0000000008001268                ucg_DrawBox
 .text.ucg_ClearScreen
                0x00000000080012be       0x50 G:\funixIot\introIOT\lab\My_workspace\target1\Bai8.4_Lab8\SDK_1.0.3_NUCLEO-F401RE\lib_stm\libLibraries.a(ucg_box.o)
                0x00000000080012be                ucg_ClearScreen
 .text.ucg_ccs_init
                0x000000000800130e       0xc0 G:\funixIot\introIOT\lab\My_workspace\target1\Bai8.4_Lab8\SDK_1.0.3_NUCLEO-F401RE\lib_stm\libLibraries.a(ucg_ccs.o)
                0x000000000800130e                ucg_ccs_init
 .text.ucg_ccs_step
                0x00000000080013ce       0x80 G:\funixIot\introIOT\lab\My_workspace\target1\Bai8.4_Lab8\SDK_1.0.3_NUCLEO-F401RE\lib_stm\libLibraries.a(ucg_ccs.o)
                0x00000000080013ce                ucg_ccs_step
 .text.ucg_ccs_seek
                0x000000000800144e       0xca G:\funixIot\introIOT\lab\My_workspace\target1\Bai8.4_Lab8\SDK_1.0.3_NUCLEO-F401RE\lib_stm\libLibraries.a(ucg_ccs.o)
                0x000000000800144e                ucg_ccs_seek
 .text.ucg_dev_default_cb
                0x0000000008001518       0x44 G:\funixIot\introIOT\lab\My_workspace\target1\Bai8.4_Lab8\SDK_1.0.3_NUCLEO-F401RE\lib_stm\libLibraries.a(ucg_dev_default_cb.o)
                0x0000000008001518                ucg_dev_default_cb
 .text.ucg_ext_none
                0x000000000800155c       0x1c G:\funixIot\introIOT\lab\My_workspace\target1\Bai8.4_Lab8\SDK_1.0.3_NUCLEO-F401RE\lib_stm\libLibraries.a(ucg_dev_default_cb.o)
                0x000000000800155c                ucg_ext_none
 .text.ucg_handle_st7735_l90fx
                0x0000000008001578       0xd8 G:\funixIot\introIOT\lab\My_workspace\target1\Bai8.4_Lab8\SDK_1.0.3_NUCLEO-F401RE\lib_stm\libLibraries.a(ucg_dev_ic_st7735.o)
                0x0000000008001578                ucg_handle_st7735_l90fx
 .text.ucg_handle_st7735_l90se
                0x0000000008001650      0x154 G:\funixIot\introIOT\lab\My_workspace\target1\Bai8.4_Lab8\SDK_1.0.3_NUCLEO-F401RE\lib_stm\libLibraries.a(ucg_dev_ic_st7735.o)
                0x0000000008001650                ucg_handle_st7735_l90se
 .text.ucg_dev_ic_st7735_18
                0x00000000080017a4       0xf8 G:\funixIot\introIOT\lab\My_workspace\target1\Bai8.4_Lab8\SDK_1.0.3_NUCLEO-F401RE\lib_stm\libLibraries.a(ucg_dev_ic_st7735.o)
                0x00000000080017a4                ucg_dev_ic_st7735_18
 .text.ucg_ext_st7735_18
                0x000000000800189c       0x28 G:\funixIot\introIOT\lab\My_workspace\target1\Bai8.4_Lab8\SDK_1.0.3_NUCLEO-F401RE\lib_stm\libLibraries.a(ucg_dev_ic_st7735.o)
                0x000000000800189c                ucg_ext_st7735_18
 .text.ucg_PowerDown
                0x00000000080018c4       0x34 G:\funixIot\introIOT\lab\My_workspace\target1\Bai8.4_Lab8\SDK_1.0.3_NUCLEO-F401RE\lib_stm\libLibraries.a(ucg_dev_msg_api.o)
                0x00000000080018c4                ucg_PowerDown
 .text.ucg_PowerUp
                0x00000000080018f8       0x3c G:\funixIot\introIOT\lab\My_workspace\target1\Bai8.4_Lab8\SDK_1.0.3_NUCLEO-F401RE\lib_stm\libLibraries.a(ucg_dev_msg_api.o)
                0x00000000080018f8                ucg_PowerUp
 .text.ucg_SetClipBox
                0x0000000008001934       0x1e G:\funixIot\introIOT\lab\My_workspace\target1\Bai8.4_Lab8\SDK_1.0.3_NUCLEO-F401RE\lib_stm\libLibraries.a(ucg_dev_msg_api.o)
                0x0000000008001934                ucg_SetClipBox
 .text.ucg_SetMaxClipRange
                0x0000000008001952       0x30 G:\funixIot\introIOT\lab\My_workspace\target1\Bai8.4_Lab8\SDK_1.0.3_NUCLEO-F401RE\lib_stm\libLibraries.a(ucg_dev_msg_api.o)
                0x0000000008001952                ucg_SetMaxClipRange
 .text.ucg_GetDimension
                0x0000000008001982       0x24 G:\funixIot\introIOT\lab\My_workspace\target1\Bai8.4_Lab8\SDK_1.0.3_NUCLEO-F401RE\lib_stm\libLibraries.a(ucg_dev_msg_api.o)
                0x0000000008001982                ucg_GetDimension
 .text.ucg_DrawL90FXWithArg
                0x00000000080019a6       0x1e G:\funixIot\introIOT\lab\My_workspace\target1\Bai8.4_Lab8\SDK_1.0.3_NUCLEO-F401RE\lib_stm\libLibraries.a(ucg_dev_msg_api.o)
                0x00000000080019a6                ucg_DrawL90FXWithArg
 .text.ucg_dev_st7735_18x128x128
                0x00000000080019c4       0x80 G:\funixIot\introIOT\lab\My_workspace\target1\Bai8.4_Lab8\SDK_1.0.3_NUCLEO-F401RE\lib_stm\libLibraries.a(ucg_dev_tft_128x128_st7735.o)
                0x00000000080019c4                ucg_dev_st7735_18x128x128
 .text.ucg_font_get_byte
                0x0000000008001a44       0x24 G:\funixIot\introIOT\lab\My_workspace\target1\Bai8.4_Lab8\SDK_1.0.3_NUCLEO-F401RE\lib_stm\libLibraries.a(ucg_font.o)
 .text.ucg_font_get_word
                0x0000000008001a68       0x40 G:\funixIot\introIOT\lab\My_workspace\target1\Bai8.4_Lab8\SDK_1.0.3_NUCLEO-F401RE\lib_stm\libLibraries.a(ucg_font.o)
 .text.ucg_read_font_info
                0x0000000008001aa8      0x142 G:\funixIot\introIOT\lab\My_workspace\target1\Bai8.4_Lab8\SDK_1.0.3_NUCLEO-F401RE\lib_stm\libLibraries.a(ucg_font.o)
                0x0000000008001aa8                ucg_read_font_info
 .text.ucg_font_decode_get_unsigned_bits
                0x0000000008001bea       0x96 G:\funixIot\introIOT\lab\My_workspace\target1\Bai8.4_Lab8\SDK_1.0.3_NUCLEO-F401RE\lib_stm\libLibraries.a(ucg_font.o)
                0x0000000008001bea                ucg_font_decode_get_unsigned_bits
 .text.ucg_font_decode_get_signed_bits
                0x0000000008001c80       0x46 G:\funixIot\introIOT\lab\My_workspace\target1\Bai8.4_Lab8\SDK_1.0.3_NUCLEO-F401RE\lib_stm\libLibraries.a(ucg_font.o)
                0x0000000008001c80                ucg_font_decode_get_signed_bits
 .text.ucg_add_vector_y
                0x0000000008001cc6       0x7a G:\funixIot\introIOT\lab\My_workspace\target1\Bai8.4_Lab8\SDK_1.0.3_NUCLEO-F401RE\lib_stm\libLibraries.a(ucg_font.o)
 .text.ucg_add_vector_x
                0x0000000008001d40       0x7a G:\funixIot\introIOT\lab\My_workspace\target1\Bai8.4_Lab8\SDK_1.0.3_NUCLEO-F401RE\lib_stm\libLibraries.a(ucg_font.o)
 .text.ucg_font_decode_len
                0x0000000008001dba      0x118 G:\funixIot\introIOT\lab\My_workspace\target1\Bai8.4_Lab8\SDK_1.0.3_NUCLEO-F401RE\lib_stm\libLibraries.a(ucg_font.o)
                0x0000000008001dba                ucg_font_decode_len
 .text.ucg_font_setup_decode
                0x0000000008001ed2       0x64 G:\funixIot\introIOT\lab\My_workspace\target1\Bai8.4_Lab8\SDK_1.0.3_NUCLEO-F401RE\lib_stm\libLibraries.a(ucg_font.o)
 .text.ucg_font_decode_glyph
                0x0000000008001f36      0x14c G:\funixIot\introIOT\lab\My_workspace\target1\Bai8.4_Lab8\SDK_1.0.3_NUCLEO-F401RE\lib_stm\libLibraries.a(ucg_font.o)
                0x0000000008001f36                ucg_font_decode_glyph
 .text.ucg_font_get_glyph_data
                0x0000000008002082       0x7a G:\funixIot\introIOT\lab\My_workspace\target1\Bai8.4_Lab8\SDK_1.0.3_NUCLEO-F401RE\lib_stm\libLibraries.a(ucg_font.o)
                0x0000000008002082                ucg_font_get_glyph_data
 .text.ucg_font_draw_glyph
                0x00000000080020fc       0x62 G:\funixIot\introIOT\lab\My_workspace\target1\Bai8.4_Lab8\SDK_1.0.3_NUCLEO-F401RE\lib_stm\libLibraries.a(ucg_font.o)
                0x00000000080020fc                ucg_font_draw_glyph
 .text.ucg_SetFontMode
                0x000000000800215e       0x20 G:\funixIot\introIOT\lab\My_workspace\target1\Bai8.4_Lab8\SDK_1.0.3_NUCLEO-F401RE\lib_stm\libLibraries.a(ucg_font.o)
                0x000000000800215e                ucg_SetFontMode
 *fill*         0x000000000800217e        0x2 
 .text.ucg_DrawGlyph
                0x0000000008002180       0xb0 G:\funixIot\introIOT\lab\My_workspace\target1\Bai8.4_Lab8\SDK_1.0.3_NUCLEO-F401RE\lib_stm\libLibraries.a(ucg_font.o)
                0x0000000008002180                ucg_DrawGlyph
 .text.task_drawString
                0x0000000008002230      0x138 G:\funixIot\introIOT\lab\My_workspace\target1\Bai8.4_Lab8\SDK_1.0.3_NUCLEO-F401RE\lib_stm\libLibraries.a(ucg_font.o)
                0x0000000008002230                task_drawString
 .text.ucg_DrawString
                0x0000000008002368       0x78 G:\funixIot\introIOT\lab\My_workspace\target1\Bai8.4_Lab8\SDK_1.0.3_NUCLEO-F401RE\lib_stm\libLibraries.a(ucg_font.o)
                0x0000000008002368                ucg_DrawString
 .text.ucg_UpdateRefHeight
                0x00000000080023e0       0xd8 G:\funixIot\introIOT\lab\My_workspace\target1\Bai8.4_Lab8\SDK_1.0.3_NUCLEO-F401RE\lib_stm\libLibraries.a(ucg_font.o)
                0x00000000080023e0                ucg_UpdateRefHeight
 .text.ucg_font_calc_vref_font
                0x00000000080024b8       0x16 G:\funixIot\introIOT\lab\My_workspace\target1\Bai8.4_Lab8\SDK_1.0.3_NUCLEO-F401RE\lib_stm\libLibraries.a(ucg_font.o)
                0x00000000080024b8                ucg_font_calc_vref_font
 *fill*         0x00000000080024ce        0x2 
 .text.ucg_SetFontPosBaseline
                0x00000000080024d0       0x20 G:\funixIot\introIOT\lab\My_workspace\target1\Bai8.4_Lab8\SDK_1.0.3_NUCLEO-F401RE\lib_stm\libLibraries.a(ucg_font.o)
                0x00000000080024d0                ucg_SetFontPosBaseline
 .text.ucg_SetFont
                0x00000000080024f0       0x4c G:\funixIot\introIOT\lab\My_workspace\target1\Bai8.4_Lab8\SDK_1.0.3_NUCLEO-F401RE\lib_stm\libLibraries.a(ucg_font.o)
                0x00000000080024f0                ucg_SetFont
 .text.ucg_init_struct
                0x000000000800253c       0x50 G:\funixIot\introIOT\lab\My_workspace\target1\Bai8.4_Lab8\SDK_1.0.3_NUCLEO-F401RE\lib_stm\libLibraries.a(ucg_init.o)
                0x000000000800253c                ucg_init_struct
 .text.ucg_Init
                0x000000000800258c       0x5c G:\funixIot\introIOT\lab\My_workspace\target1\Bai8.4_Lab8\SDK_1.0.3_NUCLEO-F401RE\lib_stm\libLibraries.a(ucg_init.o)
                0x000000000800258c                ucg_Init
 .text.ucg_Draw90Line
                0x00000000080025e8       0x88 G:\funixIot\introIOT\lab\My_workspace\target1\Bai8.4_Lab8\SDK_1.0.3_NUCLEO-F401RE\lib_stm\libLibraries.a(ucg_line.o)
                0x00000000080025e8                ucg_Draw90Line
 .text.ucg_DrawHLine
                0x0000000008002670       0x3e G:\funixIot\introIOT\lab\My_workspace\target1\Bai8.4_Lab8\SDK_1.0.3_NUCLEO-F401RE\lib_stm\libLibraries.a(ucg_line.o)
                0x0000000008002670                ucg_DrawHLine
 .text.ucg_SetColor
                0x00000000080026ae       0x5c G:\funixIot\introIOT\lab\My_workspace\target1\Bai8.4_Lab8\SDK_1.0.3_NUCLEO-F401RE\lib_stm\libLibraries.a(ucg_pixel.o)
                0x00000000080026ae                ucg_SetColor
 .text.ucg_UndoRotate
                0x000000000800270a       0x32 G:\funixIot\introIOT\lab\My_workspace\target1\Bai8.4_Lab8\SDK_1.0.3_NUCLEO-F401RE\lib_stm\libLibraries.a(ucg_rotate.o)
                0x000000000800270a                ucg_UndoRotate
 .text.ucg_rotate_180_xy
                0x000000000800273c       0x66 G:\funixIot\introIOT\lab\My_workspace\target1\Bai8.4_Lab8\SDK_1.0.3_NUCLEO-F401RE\lib_stm\libLibraries.a(ucg_rotate.o)
 *fill*         0x00000000080027a2        0x2 
 .text.ucg_dev_rotate180
                0x00000000080027a4      0x100 G:\funixIot\introIOT\lab\My_workspace\target1\Bai8.4_Lab8\SDK_1.0.3_NUCLEO-F401RE\lib_stm\libLibraries.a(ucg_rotate.o)
                0x00000000080027a4                ucg_dev_rotate180
 .text.ucg_SetRotate180
                0x00000000080028a4       0x34 G:\funixIot\introIOT\lab\My_workspace\target1\Bai8.4_Lab8\SDK_1.0.3_NUCLEO-F401RE\lib_stm\libLibraries.a(ucg_rotate.o)
                0x00000000080028a4                ucg_SetRotate180
 .text.bufInit  0x00000000080028d8       0x36 G:\funixIot\introIOT\lab\My_workspace\target1\Bai8.4_Lab8\SDK_1.0.3_NUCLEO-F401RE\lib_stm\libLibraries.a(buff.o)
                0x00000000080028d8                bufInit
 .text.bufNumItems
                0x000000000800290e       0x18 G:\funixIot\introIOT\lab\My_workspace\target1\Bai8.4_Lab8\SDK_1.0.3_NUCLEO-F401RE\lib_stm\libLibraries.a(buff.o)
                0x000000000800290e                bufNumItems
 .text.bufIsFull
                0x0000000008002926       0x26 G:\funixIot\introIOT\lab\My_workspace\target1\Bai8.4_Lab8\SDK_1.0.3_NUCLEO-F401RE\lib_stm\libLibraries.a(buff.o)
                0x0000000008002926                bufIsFull
 .text.bufIsEmpty
                0x000000000800294c       0x26 G:\funixIot\introIOT\lab\My_workspace\target1\Bai8.4_Lab8\SDK_1.0.3_NUCLEO-F401RE\lib_stm\libLibraries.a(buff.o)
                0x000000000800294c                bufIsEmpty
 .text.bufFlush
                0x0000000008002972       0x32 G:\funixIot\introIOT\lab\My_workspace\target1\Bai8.4_Lab8\SDK_1.0.3_NUCLEO-F401RE\lib_stm\libLibraries.a(buff.o)
                0x0000000008002972                bufFlush
 .text.bufEnDat
                0x00000000080029a4       0x9c G:\funixIot\introIOT\lab\My_workspace\target1\Bai8.4_Lab8\SDK_1.0.3_NUCLEO-F401RE\lib_stm\libLibraries.a(buff.o)
                0x00000000080029a4                bufEnDat
 .text.bufDeDat
                0x0000000008002a40       0x84 G:\funixIot\introIOT\lab\My_workspace\target1\Bai8.4_Lab8\SDK_1.0.3_NUCLEO-F401RE\lib_stm\libLibraries.a(buff.o)
                0x0000000008002a40                bufDeDat
 .text.memsetl  0x0000000008002ac4       0x32 G:\funixIot\introIOT\lab\My_workspace\target1\Bai8.4_Lab8\SDK_1.0.3_NUCLEO-F401RE\lib_stm\libLibraries.a(utilities.o)
                0x0000000008002ac4                memsetl
 .text.GPIO_Init
                0x0000000008002af6      0x11c G:\funixIot\introIOT\lab\My_workspace\target1\Bai8.4_Lab8\SDK_1.0.3_NUCLEO-F401RE\lib_stm\libLibraries.a(stm32f401re_gpio.o)
                0x0000000008002af6                GPIO_Init
 .text.GPIO_WriteBit
                0x0000000008002c12       0x30 G:\funixIot\introIOT\lab\My_workspace\target1\Bai8.4_Lab8\SDK_1.0.3_NUCLEO-F401RE\lib_stm\libLibraries.a(stm32f401re_gpio.o)
                0x0000000008002c12                GPIO_WriteBit
 .text.GPIO_PinAFConfig
                0x0000000008002c42       0x92 G:\funixIot\introIOT\lab\My_workspace\target1\Bai8.4_Lab8\SDK_1.0.3_NUCLEO-F401RE\lib_stm\libLibraries.a(stm32f401re_gpio.o)
                0x0000000008002c42                GPIO_PinAFConfig
 .text.I2C_Init
                0x0000000008002cd4      0x184 G:\funixIot\introIOT\lab\My_workspace\target1\Bai8.4_Lab8\SDK_1.0.3_NUCLEO-F401RE\lib_stm\libLibraries.a(stm32f401re_i2c.o)
                0x0000000008002cd4                I2C_Init
 .text.I2C_Cmd  0x0000000008002e58       0x40 G:\funixIot\introIOT\lab\My_workspace\target1\Bai8.4_Lab8\SDK_1.0.3_NUCLEO-F401RE\lib_stm\libLibraries.a(stm32f401re_i2c.o)
                0x0000000008002e58                I2C_Cmd
 .text.I2C_GenerateSTART
                0x0000000008002e98       0x40 G:\funixIot\introIOT\lab\My_workspace\target1\Bai8.4_Lab8\SDK_1.0.3_NUCLEO-F401RE\lib_stm\libLibraries.a(stm32f401re_i2c.o)
                0x0000000008002e98                I2C_GenerateSTART
 .text.I2C_GenerateSTOP
                0x0000000008002ed8       0x40 G:\funixIot\introIOT\lab\My_workspace\target1\Bai8.4_Lab8\SDK_1.0.3_NUCLEO-F401RE\lib_stm\libLibraries.a(stm32f401re_i2c.o)
                0x0000000008002ed8                I2C_GenerateSTOP
 .text.I2C_Send7bitAddress
                0x0000000008002f18       0x3c G:\funixIot\introIOT\lab\My_workspace\target1\Bai8.4_Lab8\SDK_1.0.3_NUCLEO-F401RE\lib_stm\libLibraries.a(stm32f401re_i2c.o)
                0x0000000008002f18                I2C_Send7bitAddress
 .text.I2C_AcknowledgeConfig
                0x0000000008002f54       0x40 G:\funixIot\introIOT\lab\My_workspace\target1\Bai8.4_Lab8\SDK_1.0.3_NUCLEO-F401RE\lib_stm\libLibraries.a(stm32f401re_i2c.o)
                0x0000000008002f54                I2C_AcknowledgeConfig
 .text.I2C_SendData
                0x0000000008002f94       0x20 G:\funixIot\introIOT\lab\My_workspace\target1\Bai8.4_Lab8\SDK_1.0.3_NUCLEO-F401RE\lib_stm\libLibraries.a(stm32f401re_i2c.o)
                0x0000000008002f94                I2C_SendData
 .text.I2C_ReceiveData
                0x0000000008002fb4       0x1c G:\funixIot\introIOT\lab\My_workspace\target1\Bai8.4_Lab8\SDK_1.0.3_NUCLEO-F401RE\lib_stm\libLibraries.a(stm32f401re_i2c.o)
                0x0000000008002fb4                I2C_ReceiveData
 .text.I2C_CheckEvent
                0x0000000008002fd0       0x60 G:\funixIot\introIOT\lab\My_workspace\target1\Bai8.4_Lab8\SDK_1.0.3_NUCLEO-F401RE\lib_stm\libLibraries.a(stm32f401re_i2c.o)
                0x0000000008002fd0                I2C_CheckEvent
 .text.I2C_GetFlagStatus
                0x0000000008003030       0x66 G:\funixIot\introIOT\lab\My_workspace\target1\Bai8.4_Lab8\SDK_1.0.3_NUCLEO-F401RE\lib_stm\libLibraries.a(stm32f401re_i2c.o)
                0x0000000008003030                I2C_GetFlagStatus
 *fill*         0x0000000008003096        0x2 
 .text.RCC_GetClocksFreq
                0x0000000008003098      0x150 G:\funixIot\introIOT\lab\My_workspace\target1\Bai8.4_Lab8\SDK_1.0.3_NUCLEO-F401RE\lib_stm\libLibraries.a(stm32f401re_rcc.o)
                0x0000000008003098                RCC_GetClocksFreq
 .text.RCC_AHB1PeriphClockCmd
                0x00000000080031e8       0x40 G:\funixIot\introIOT\lab\My_workspace\target1\Bai8.4_Lab8\SDK_1.0.3_NUCLEO-F401RE\lib_stm\libLibraries.a(stm32f401re_rcc.o)
                0x00000000080031e8                RCC_AHB1PeriphClockCmd
 .text.RCC_APB1PeriphClockCmd
                0x0000000008003228       0x40 G:\funixIot\introIOT\lab\My_workspace\target1\Bai8.4_Lab8\SDK_1.0.3_NUCLEO-F401RE\lib_stm\libLibraries.a(stm32f401re_rcc.o)
                0x0000000008003228                RCC_APB1PeriphClockCmd
 .text.USART_ReceiveData
                0x0000000008003268       0x20 G:\funixIot\introIOT\lab\My_workspace\target1\Bai8.4_Lab8\SDK_1.0.3_NUCLEO-F401RE\lib_stm\libLibraries.a(stm32f401re_usart.o)
                0x0000000008003268                USART_ReceiveData
 .text.USART_GetITStatus
                0x0000000008003288       0xb6 G:\funixIot\introIOT\lab\My_workspace\target1\Bai8.4_Lab8\SDK_1.0.3_NUCLEO-F401RE\lib_stm\libLibraries.a(stm32f401re_usart.o)
                0x0000000008003288                USART_GetITStatus
 .text.USART_ClearITPendingBit
                0x000000000800333e       0x3a G:\funixIot\introIOT\lab\My_workspace\target1\Bai8.4_Lab8\SDK_1.0.3_NUCLEO-F401RE\lib_stm\libLibraries.a(stm32f401re_usart.o)
                0x000000000800333e                USART_ClearITPendingBit
 .text.ucg_clip_is_x_visible
                0x0000000008003378       0x4a G:\funixIot\introIOT\lab\My_workspace\target1\Bai8.4_Lab8\SDK_1.0.3_NUCLEO-F401RE\lib_stm\libLibraries.a(ucg_clip.o)
 .text.ucg_clip_is_y_visible
                0x00000000080033c2       0x4a G:\funixIot\introIOT\lab\My_workspace\target1\Bai8.4_Lab8\SDK_1.0.3_NUCLEO-F401RE\lib_stm\libLibraries.a(ucg_clip.o)
 .text.ucg_clip_intersection
                0x000000000800340c       0x74 G:\funixIot\introIOT\lab\My_workspace\target1\Bai8.4_Lab8\SDK_1.0.3_NUCLEO-F401RE\lib_stm\libLibraries.a(ucg_clip.o)
 .text.ucg_clip_is_pixel_visible
                0x0000000008003480       0x32 G:\funixIot\introIOT\lab\My_workspace\target1\Bai8.4_Lab8\SDK_1.0.3_NUCLEO-F401RE\lib_stm\libLibraries.a(ucg_clip.o)
                0x0000000008003480                ucg_clip_is_pixel_visible
 *fill*         0x00000000080034b2        0x2 
 .text.ucg_clip_l90fx
                0x00000000080034b4      0x300 G:\funixIot\introIOT\lab\My_workspace\target1\Bai8.4_Lab8\SDK_1.0.3_NUCLEO-F401RE\lib_stm\libLibraries.a(ucg_clip.o)
                0x00000000080034b4                ucg_clip_l90fx
 .text.ucg_clip_l90se
                0x00000000080037b4       0x54 G:\funixIot\introIOT\lab\My_workspace\target1\Bai8.4_Lab8\SDK_1.0.3_NUCLEO-F401RE\lib_stm\libLibraries.a(ucg_clip.o)
                0x00000000080037b4                ucg_clip_l90se
 .text.ucg_com_PowerDown
                0x0000000008003808       0x3e G:\funixIot\introIOT\lab\My_workspace\target1\Bai8.4_Lab8\SDK_1.0.3_NUCLEO-F401RE\lib_stm\libLibraries.a(ucg_com_msg_api.o)
                0x0000000008003808                ucg_com_PowerDown
 .text.ucg_com_PowerUp
                0x0000000008003846       0x60 G:\funixIot\introIOT\lab\My_workspace\target1\Bai8.4_Lab8\SDK_1.0.3_NUCLEO-F401RE\lib_stm\libLibraries.a(ucg_com_msg_api.o)
                0x0000000008003846                ucg_com_PowerUp
 .text.ucg_com_SetLineStatus
                0x00000000080038a6       0xe2 G:\funixIot\introIOT\lab\My_workspace\target1\Bai8.4_Lab8\SDK_1.0.3_NUCLEO-F401RE\lib_stm\libLibraries.a(ucg_com_msg_api.o)
                0x00000000080038a6                ucg_com_SetLineStatus
 .text.ucg_com_SetResetLineStatus
                0x0000000008003988       0x20 G:\funixIot\introIOT\lab\My_workspace\target1\Bai8.4_Lab8\SDK_1.0.3_NUCLEO-F401RE\lib_stm\libLibraries.a(ucg_com_msg_api.o)
                0x0000000008003988                ucg_com_SetResetLineStatus
 .text.ucg_com_SetCSLineStatus
                0x00000000080039a8       0x20 G:\funixIot\introIOT\lab\My_workspace\target1\Bai8.4_Lab8\SDK_1.0.3_NUCLEO-F401RE\lib_stm\libLibraries.a(ucg_com_msg_api.o)
                0x00000000080039a8                ucg_com_SetCSLineStatus
 .text.ucg_com_SetCDLineStatus
                0x00000000080039c8       0x20 G:\funixIot\introIOT\lab\My_workspace\target1\Bai8.4_Lab8\SDK_1.0.3_NUCLEO-F401RE\lib_stm\libLibraries.a(ucg_com_msg_api.o)
                0x00000000080039c8                ucg_com_SetCDLineStatus
 .text.ucg_com_DelayMicroseconds
                0x00000000080039e8       0x22 G:\funixIot\introIOT\lab\My_workspace\target1\Bai8.4_Lab8\SDK_1.0.3_NUCLEO-F401RE\lib_stm\libLibraries.a(ucg_com_msg_api.o)
                0x00000000080039e8                ucg_com_DelayMicroseconds
 .text.ucg_com_DelayMilliseconds
                0x0000000008003a0a       0x2c G:\funixIot\introIOT\lab\My_workspace\target1\Bai8.4_Lab8\SDK_1.0.3_NUCLEO-F401RE\lib_stm\libLibraries.a(ucg_com_msg_api.o)
                0x0000000008003a0a                ucg_com_DelayMilliseconds
 .text.ucg_com_SendByte
                0x0000000008003a36       0x24 G:\funixIot\introIOT\lab\My_workspace\target1\Bai8.4_Lab8\SDK_1.0.3_NUCLEO-F401RE\lib_stm\libLibraries.a(ucg_com_msg_api.o)
                0x0000000008003a36                ucg_com_SendByte
 .text.ucg_com_SendStringP
                0x0000000008003a5a       0x40 G:\funixIot\introIOT\lab\My_workspace\target1\Bai8.4_Lab8\SDK_1.0.3_NUCLEO-F401RE\lib_stm\libLibraries.a(ucg_com_msg_api.o)
                0x0000000008003a5a                ucg_com_SendStringP
 .text.ucg_com_SendCmdArg
                0x0000000008003a9a       0x74 G:\funixIot\introIOT\lab\My_workspace\target1\Bai8.4_Lab8\SDK_1.0.3_NUCLEO-F401RE\lib_stm\libLibraries.a(ucg_com_msg_api.o)
 *fill*         0x0000000008003b0e        0x2 
 .text.ucg_com_SendCmdSeq
                0x0000000008003b10      0x278 G:\funixIot\introIOT\lab\My_workspace\target1\Bai8.4_Lab8\SDK_1.0.3_NUCLEO-F401RE\lib_stm\libLibraries.a(ucg_com_msg_api.o)
                0x0000000008003b10                ucg_com_SendCmdSeq
 .text.__errno  0x0000000008003d88        0xc c:/st/stm32cubeide_1.8.0/stm32cubeide/plugins/com.st.stm32cube.ide.mcu.externaltools.gnu-tools-for-stm32.9-2020-q2-update.win32_2.0.0.202105311346/tools/bin/../lib/gcc/arm-none-eabi/9.3.1/../../../../arm-none-eabi/lib/thumb/v7e-m+fp/hard\libc_nano.a(lib_a-errno.o)
                0x0000000008003d88                __errno
 .text.__libc_init_array
                0x0000000008003d94       0x48 c:/st/stm32cubeide_1.8.0/stm32cubeide/plugins/com.st.stm32cube.ide.mcu.externaltools.gnu-tools-for-stm32.9-2020-q2-update.win32_2.0.0.202105311346/tools/bin/../lib/gcc/arm-none-eabi/9.3.1/../../../../arm-none-eabi/lib/thumb/v7e-m+fp/hard\libc_nano.a(lib_a-init.o)
                0x0000000008003d94                __libc_init_array
 .text.memset   0x0000000008003ddc       0x10 c:/st/stm32cubeide_1.8.0/stm32cubeide/plugins/com.st.stm32cube.ide.mcu.externaltools.gnu-tools-for-stm32.9-2020-q2-update.win32_2.0.0.202105311346/tools/bin/../lib/gcc/arm-none-eabi/9.3.1/../../../../arm-none-eabi/lib/thumb/v7e-m+fp/hard\libc_nano.a(lib_a-memset.o)
                0x0000000008003ddc                memset
 .text.sprintf  0x0000000008003dec       0x40 c:/st/stm32cubeide_1.8.0/stm32cubeide/plugins/com.st.stm32cube.ide.mcu.externaltools.gnu-tools-for-stm32.9-2020-q2-update.win32_2.0.0.202105311346/tools/bin/../lib/gcc/arm-none-eabi/9.3.1/../../../../arm-none-eabi/lib/thumb/v7e-m+fp/hard\libc_nano.a(lib_a-sprintf.o)
                0x0000000008003dec                siprintf
                0x0000000008003dec                sprintf
 .text.__ssputs_r
                0x0000000008003e2c       0xb6 c:/st/stm32cubeide_1.8.0/stm32cubeide/plugins/com.st.stm32cube.ide.mcu.externaltools.gnu-tools-for-stm32.9-2020-q2-update.win32_2.0.0.202105311346/tools/bin/../lib/gcc/arm-none-eabi/9.3.1/../../../../arm-none-eabi/lib/thumb/v7e-m+fp/hard\libc_nano.a(lib_a-nano-svfprintf.o)
                0x0000000008003e2c                __ssputs_r
 *fill*         0x0000000008003ee2        0x2 
 .text._svfprintf_r
                0x0000000008003ee4      0x200 c:/st/stm32cubeide_1.8.0/stm32cubeide/plugins/com.st.stm32cube.ide.mcu.externaltools.gnu-tools-for-stm32.9-2020-q2-update.win32_2.0.0.202105311346/tools/bin/../lib/gcc/arm-none-eabi/9.3.1/../../../../arm-none-eabi/lib/thumb/v7e-m+fp/hard\libc_nano.a(lib_a-nano-svfprintf.o)
                0x0000000008003ee4                _svfiprintf_r
                0x0000000008003ee4                _svfprintf_r
 .text._printf_common
                0x00000000080040e4       0xda c:/st/stm32cubeide_1.8.0/stm32cubeide/plugins/com.st.stm32cube.ide.mcu.externaltools.gnu-tools-for-stm32.9-2020-q2-update.win32_2.0.0.202105311346/tools/bin/../lib/gcc/arm-none-eabi/9.3.1/../../../../arm-none-eabi/lib/thumb/v7e-m+fp/hard\libc_nano.a(lib_a-nano-vfprintf_i.o)
                0x00000000080040e4                _printf_common
 *fill*         0x00000000080041be        0x2 
 .text._printf_i
                0x00000000080041c0      0x24c c:/st/stm32cubeide_1.8.0/stm32cubeide/plugins/com.st.stm32cube.ide.mcu.externaltools.gnu-tools-for-stm32.9-2020-q2-update.win32_2.0.0.202105311346/tools/bin/../lib/gcc/arm-none-eabi/9.3.1/../../../../arm-none-eabi/lib/thumb/v7e-m+fp/hard\libc_nano.a(lib_a-nano-vfprintf_i.o)
                0x00000000080041c0                _printf_i
 .text.memcpy   0x000000000800440c       0x1c c:/st/stm32cubeide_1.8.0/stm32cubeide/plugins/com.st.stm32cube.ide.mcu.externaltools.gnu-tools-for-stm32.9-2020-q2-update.win32_2.0.0.202105311346/tools/bin/../lib/gcc/arm-none-eabi/9.3.1/../../../../arm-none-eabi/lib/thumb/v7e-m+fp/hard\libc_nano.a(lib_a-memcpy-stub.o)
                0x000000000800440c                memcpy
 .text.memmove  0x0000000008004428       0x34 c:/st/stm32cubeide_1.8.0/stm32cubeide/plugins/com.st.stm32cube.ide.mcu.externaltools.gnu-tools-for-stm32.9-2020-q2-update.win32_2.0.0.202105311346/tools/bin/../lib/gcc/arm-none-eabi/9.3.1/../../../../arm-none-eabi/lib/thumb/v7e-m+fp/hard\libc_nano.a(lib_a-memmove.o)
                0x0000000008004428                memmove
 .text._free_r  0x000000000800445c       0xa0 c:/st/stm32cubeide_1.8.0/stm32cubeide/plugins/com.st.stm32cube.ide.mcu.externaltools.gnu-tools-for-stm32.9-2020-q2-update.win32_2.0.0.202105311346/tools/bin/../lib/gcc/arm-none-eabi/9.3.1/../../../../arm-none-eabi/lib/thumb/v7e-m+fp/hard\libc_nano.a(lib_a-nano-freer.o)
                0x000000000800445c                _free_r
 .text._malloc_r
                0x00000000080044fc       0xb4 c:/st/stm32cubeide_1.8.0/stm32cubeide/plugins/com.st.stm32cube.ide.mcu.externaltools.gnu-tools-for-stm32.9-2020-q2-update.win32_2.0.0.202105311346/tools/bin/../lib/gcc/arm-none-eabi/9.3.1/../../../../arm-none-eabi/lib/thumb/v7e-m+fp/hard\libc_nano.a(lib_a-nano-mallocr.o)
                0x00000000080044fc                _malloc_r
 .text._realloc_r
                0x00000000080045b0       0x4c c:/st/stm32cubeide_1.8.0/stm32cubeide/plugins/com.st.stm32cube.ide.mcu.externaltools.gnu-tools-for-stm32.9-2020-q2-update.win32_2.0.0.202105311346/tools/bin/../lib/gcc/arm-none-eabi/9.3.1/../../../../arm-none-eabi/lib/thumb/v7e-m+fp/hard\libc_nano.a(lib_a-nano-reallocr.o)
                0x00000000080045b0                _realloc_r
 .text._sbrk_r  0x00000000080045fc       0x20 c:/st/stm32cubeide_1.8.0/stm32cubeide/plugins/com.st.stm32cube.ide.mcu.externaltools.gnu-tools-for-stm32.9-2020-q2-update.win32_2.0.0.202105311346/tools/bin/../lib/gcc/arm-none-eabi/9.3.1/../../../../arm-none-eabi/lib/thumb/v7e-m+fp/hard\libc_nano.a(lib_a-sbrkr.o)
                0x00000000080045fc                _sbrk_r
 .text.__malloc_lock
                0x000000000800461c        0xc c:/st/stm32cubeide_1.8.0/stm32cubeide/plugins/com.st.stm32cube.ide.mcu.externaltools.gnu-tools-for-stm32.9-2020-q2-update.win32_2.0.0.202105311346/tools/bin/../lib/gcc/arm-none-eabi/9.3.1/../../../../arm-none-eabi/lib/thumb/v7e-m+fp/hard\libc_nano.a(lib_a-mlock.o)
                0x000000000800461c                __malloc_lock
 .text.__malloc_unlock
                0x0000000008004628        0xc c:/st/stm32cubeide_1.8.0/stm32cubeide/plugins/com.st.stm32cube.ide.mcu.externaltools.gnu-tools-for-stm32.9-2020-q2-update.win32_2.0.0.202105311346/tools/bin/../lib/gcc/arm-none-eabi/9.3.1/../../../../arm-none-eabi/lib/thumb/v7e-m+fp/hard\libc_nano.a(lib_a-mlock.o)
                0x0000000008004628                __malloc_unlock
 .text._malloc_usable_size_r
                0x0000000008004634       0x10 c:/st/stm32cubeide_1.8.0/stm32cubeide/plugins/com.st.stm32cube.ide.mcu.externaltools.gnu-tools-for-stm32.9-2020-q2-update.win32_2.0.0.202105311346/tools/bin/../lib/gcc/arm-none-eabi/9.3.1/../../../../arm-none-eabi/lib/thumb/v7e-m+fp/hard\libc_nano.a(lib_a-nano-msizer.o)
                0x0000000008004634                _malloc_usable_size_r
 .text.__retarget_lock_acquire_recursive
                0x0000000008004644        0x2 c:/st/stm32cubeide_1.8.0/stm32cubeide/plugins/com.st.stm32cube.ide.mcu.externaltools.gnu-tools-for-stm32.9-2020-q2-update.win32_2.0.0.202105311346/tools/bin/../lib/gcc/arm-none-eabi/9.3.1/../../../../arm-none-eabi/lib/thumb/v7e-m+fp/hard\libc_nano.a(lib_a-lock.o)
                0x0000000008004644                __retarget_lock_acquire_recursive
 .text.__retarget_lock_release_recursive
                0x0000000008004646        0x2 c:/st/stm32cubeide_1.8.0/stm32cubeide/plugins/com.st.stm32cube.ide.mcu.externaltools.gnu-tools-for-stm32.9-2020-q2-update.win32_2.0.0.202105311346/tools/bin/../lib/gcc/arm-none-eabi/9.3.1/../../../../arm-none-eabi/lib/thumb/v7e-m+fp/hard\libc_nano.a(lib_a-lock.o)
                0x0000000008004646                __retarget_lock_release_recursive
 *(.glue_7)
 .glue_7        0x0000000008004648        0x0 linker stubs
 *(.glue_7t)
 .glue_7t       0x0000000008004648        0x0 linker stubs
 *(.eh_frame)
 .eh_frame      0x0000000008004648        0x0 c:/st/stm32cubeide_1.8.0/stm32cubeide/plugins/com.st.stm32cube.ide.mcu.externaltools.gnu-tools-for-stm32.9-2020-q2-update.win32_2.0.0.202105311346/tools/bin/../lib/gcc/arm-none-eabi/9.3.1/thumb/v7e-m+fp/hard/crtbegin.o
 *(.init)
 .init          0x0000000008004648        0x4 c:/st/stm32cubeide_1.8.0/stm32cubeide/plugins/com.st.stm32cube.ide.mcu.externaltools.gnu-tools-for-stm32.9-2020-q2-update.win32_2.0.0.202105311346/tools/bin/../lib/gcc/arm-none-eabi/9.3.1/thumb/v7e-m+fp/hard/crti.o
                0x0000000008004648                _init
 .init          0x000000000800464c        0x8 c:/st/stm32cubeide_1.8.0/stm32cubeide/plugins/com.st.stm32cube.ide.mcu.externaltools.gnu-tools-for-stm32.9-2020-q2-update.win32_2.0.0.202105311346/tools/bin/../lib/gcc/arm-none-eabi/9.3.1/thumb/v7e-m+fp/hard/crtn.o
 *(.fini)
 .fini          0x0000000008004654        0x4 c:/st/stm32cubeide_1.8.0/stm32cubeide/plugins/com.st.stm32cube.ide.mcu.externaltools.gnu-tools-for-stm32.9-2020-q2-update.win32_2.0.0.202105311346/tools/bin/../lib/gcc/arm-none-eabi/9.3.1/thumb/v7e-m+fp/hard/crti.o
                0x0000000008004654                _fini
 .fini          0x0000000008004658        0x8 c:/st/stm32cubeide_1.8.0/stm32cubeide/plugins/com.st.stm32cube.ide.mcu.externaltools.gnu-tools-for-stm32.9-2020-q2-update.win32_2.0.0.202105311346/tools/bin/../lib/gcc/arm-none-eabi/9.3.1/thumb/v7e-m+fp/hard/crtn.o
                0x0000000008004660                . = ALIGN (0x4)
                0x0000000008004660                _etext = .

.vfp11_veneer   0x0000000008004660        0x0
 .vfp11_veneer  0x0000000008004660        0x0 linker stubs

.v4_bx          0x0000000008004660        0x0
 .v4_bx         0x0000000008004660        0x0 linker stubs

.iplt           0x0000000008004660        0x0
 .iplt          0x0000000008004660        0x0 c:/st/stm32cubeide_1.8.0/stm32cubeide/plugins/com.st.stm32cube.ide.mcu.externaltools.gnu-tools-for-stm32.9-2020-q2-update.win32_2.0.0.202105311346/tools/bin/../lib/gcc/arm-none-eabi/9.3.1/thumb/v7e-m+fp/hard/crtbegin.o

.rodata         0x0000000008004660      0x904
                0x0000000008004660                . = ALIGN (0x4)
 *(.rodata)
 .rodata        0x0000000008004660       0x1d ./Src/main.o
 *fill*         0x000000000800467d        0x3 
 .rodata        0x0000000008004680       0x16 G:\funixIot\introIOT\lab\My_workspace\target1\Bai8.4_Lab8\SDK_1.0.3_NUCLEO-F401RE\lib_stm\libLibraries.a(temhumsensor.o)
 *fill*         0x0000000008004696        0x2 
 .rodata        0x0000000008004698        0xf G:\funixIot\introIOT\lab\My_workspace\target1\Bai8.4_Lab8\SDK_1.0.3_NUCLEO-F401RE\lib_stm\libLibraries.a(ucg_font.o)
 *(.rodata*)
 *fill*         0x00000000080046a7        0x1 
 .rodata.ucg_st7735_set_pos_seq
                0x00000000080046a8       0x1e G:\funixIot\introIOT\lab\My_workspace\target1\Bai8.4_Lab8\SDK_1.0.3_NUCLEO-F401RE\lib_stm\libLibraries.a(ucg_dev_ic_st7735.o)
                0x00000000080046a8                ucg_st7735_set_pos_seq
 *fill*         0x00000000080046c6        0x2 
 .rodata.ucg_st7735_set_pos_dir0_seq
                0x00000000080046c8       0x1e G:\funixIot\introIOT\lab\My_workspace\target1\Bai8.4_Lab8\SDK_1.0.3_NUCLEO-F401RE\lib_stm\libLibraries.a(ucg_dev_ic_st7735.o)
                0x00000000080046c8                ucg_st7735_set_pos_dir0_seq
 *fill*         0x00000000080046e6        0x2 
 .rodata.ucg_st7735_set_pos_dir1_seq
                0x00000000080046e8       0x21 G:\funixIot\introIOT\lab\My_workspace\target1\Bai8.4_Lab8\SDK_1.0.3_NUCLEO-F401RE\lib_stm\libLibraries.a(ucg_dev_ic_st7735.o)
                0x00000000080046e8                ucg_st7735_set_pos_dir1_seq
 *fill*         0x0000000008004709        0x3 
 .rodata.ucg_st7735_set_pos_dir2_seq
                0x000000000800470c       0x21 G:\funixIot\introIOT\lab\My_workspace\target1\Bai8.4_Lab8\SDK_1.0.3_NUCLEO-F401RE\lib_stm\libLibraries.a(ucg_dev_ic_st7735.o)
                0x000000000800470c                ucg_st7735_set_pos_dir2_seq
 *fill*         0x000000000800472d        0x3 
 .rodata.ucg_st7735_set_pos_dir3_seq
                0x0000000008004730       0x24 G:\funixIot\introIOT\lab\My_workspace\target1\Bai8.4_Lab8\SDK_1.0.3_NUCLEO-F401RE\lib_stm\libLibraries.a(ucg_dev_ic_st7735.o)
                0x0000000008004730                ucg_st7735_set_pos_dir3_seq
 .rodata.ucg_st7735_power_down_seq
                0x0000000008004754        0x7 G:\funixIot\introIOT\lab\My_workspace\target1\Bai8.4_Lab8\SDK_1.0.3_NUCLEO-F401RE\lib_stm\libLibraries.a(ucg_dev_ic_st7735.o)
 *fill*         0x000000000800475b        0x1 
 .rodata.ucg_tft_128x160_st7735_init_seq
                0x000000000800475c       0x2c G:\funixIot\introIOT\lab\My_workspace\target1\Bai8.4_Lab8\SDK_1.0.3_NUCLEO-F401RE\lib_stm\libLibraries.a(ucg_dev_tft_128x128_st7735.o)
 .rodata.ucg_font_ncenR12_hr
                0x0000000008004788      0x7a8 G:\funixIot\introIOT\lab\My_workspace\target1\Bai8.4_Lab8\SDK_1.0.3_NUCLEO-F401RE\lib_stm\libLibraries.a(ucg_pixel_font_data.o)
                0x0000000008004788                ucg_font_ncenR12_hr
 .rodata._svfprintf_r.str1.1
                0x0000000008004f30       0x11 c:/st/stm32cubeide_1.8.0/stm32cubeide/plugins/com.st.stm32cube.ide.mcu.externaltools.gnu-tools-for-stm32.9-2020-q2-update.win32_2.0.0.202105311346/tools/bin/../lib/gcc/arm-none-eabi/9.3.1/../../../../arm-none-eabi/lib/thumb/v7e-m+fp/hard\libc_nano.a(lib_a-nano-svfprintf.o)
 .rodata._printf_i.str1.1
                0x0000000008004f41       0x22 c:/st/stm32cubeide_1.8.0/stm32cubeide/plugins/com.st.stm32cube.ide.mcu.externaltools.gnu-tools-for-stm32.9-2020-q2-update.win32_2.0.0.202105311346/tools/bin/../lib/gcc/arm-none-eabi/9.3.1/../../../../arm-none-eabi/lib/thumb/v7e-m+fp/hard\libc_nano.a(lib_a-nano-vfprintf_i.o)
                0x0000000008004f64                . = ALIGN (0x4)
 *fill*         0x0000000008004f63        0x1 

.rel.dyn        0x0000000008004f64        0x0
 .rel.iplt      0x0000000008004f64        0x0 c:/st/stm32cubeide_1.8.0/stm32cubeide/plugins/com.st.stm32cube.ide.mcu.externaltools.gnu-tools-for-stm32.9-2020-q2-update.win32_2.0.0.202105311346/tools/bin/../lib/gcc/arm-none-eabi/9.3.1/thumb/v7e-m+fp/hard/crtbegin.o

.ARM.extab      0x0000000008004f64        0x0
                0x0000000008004f64                . = ALIGN (0x4)
 *(.ARM.extab* .gnu.linkonce.armextab.*)
                0x0000000008004f64                . = ALIGN (0x4)

.ARM            0x0000000008004f64        0x0
                0x0000000008004f64                . = ALIGN (0x4)
                0x0000000008004f64                __exidx_start = .
 *(.ARM.exidx*)
                0x0000000008004f64                __exidx_end = .
                0x0000000008004f64                . = ALIGN (0x4)

.preinit_array  0x0000000008004f64        0x0
                0x0000000008004f64                . = ALIGN (0x4)
                0x0000000008004f64                PROVIDE (__preinit_array_start = .)
 *(.preinit_array*)
                0x0000000008004f64                PROVIDE (__preinit_array_end = .)
                0x0000000008004f64                . = ALIGN (0x4)

.init_array     0x0000000008004f64        0x4
                0x0000000008004f64                . = ALIGN (0x4)
                0x0000000008004f64                PROVIDE (__init_array_start = .)
 *(SORT_BY_NAME(.init_array.*))
 *(.init_array*)
 .init_array    0x0000000008004f64        0x4 c:/st/stm32cubeide_1.8.0/stm32cubeide/plugins/com.st.stm32cube.ide.mcu.externaltools.gnu-tools-for-stm32.9-2020-q2-update.win32_2.0.0.202105311346/tools/bin/../lib/gcc/arm-none-eabi/9.3.1/thumb/v7e-m+fp/hard/crtbegin.o
                0x0000000008004f68                PROVIDE (__init_array_end = .)
                0x0000000008004f68                . = ALIGN (0x4)

.fini_array     0x0000000008004f68        0x4
                0x0000000008004f68                . = ALIGN (0x4)
                [!provide]                        PROVIDE (__fini_array_start = .)
 *(SORT_BY_NAME(.fini_array.*))
 *(.fini_array*)
 .fini_array    0x0000000008004f68        0x4 c:/st/stm32cubeide_1.8.0/stm32cubeide/plugins/com.st.stm32cube.ide.mcu.externaltools.gnu-tools-for-stm32.9-2020-q2-update.win32_2.0.0.202105311346/tools/bin/../lib/gcc/arm-none-eabi/9.3.1/thumb/v7e-m+fp/hard/crtbegin.o
                [!provide]                        PROVIDE (__fini_array_end = .)
                0x0000000008004f6c                . = ALIGN (0x4)
                0x0000000008004f6c                _sidata = LOADADDR (.data)

.data           0x0000000020000000       0x8c load address 0x0000000008004f6c
                0x0000000020000000                . = ALIGN (0x4)
                0x0000000020000000                _sdata = .
 *(.data)
 *(.data*)
 .data.SystemCoreClock
                0x0000000020000000        0x4 G:\funixIot\introIOT\lab\My_workspace\target1\Bai8.4_Lab8\SDK_1.0.3_NUCLEO-F401RE\lib_stm\libLibraries.a(system_stm32f4xx.o)
                0x0000000020000000                SystemCoreClock
 .data.AHBPrescTable
                0x0000000020000004       0x10 G:\funixIot\introIOT\lab\My_workspace\target1\Bai8.4_Lab8\SDK_1.0.3_NUCLEO-F401RE\lib_stm\libLibraries.a(system_stm32f4xx.o)
                0x0000000020000004                AHBPrescTable
 .data.g_byTimeWaitGetTemp
                0x0000000020000014        0x1 G:\funixIot\introIOT\lab\My_workspace\target1\Bai8.4_Lab8\SDK_1.0.3_NUCLEO-F401RE\lib_stm\libLibraries.a(temhumsensor.o)
 .data.g_byTimeWaitGetHumi
                0x0000000020000015        0x1 G:\funixIot\introIOT\lab\My_workspace\target1\Bai8.4_Lab8\SDK_1.0.3_NUCLEO-F401RE\lib_stm\libLibraries.a(temhumsensor.o)
 .data.idTaskScanDecodeLen
                0x0000000020000016        0x1 G:\funixIot\introIOT\lab\My_workspace\target1\Bai8.4_Lab8\SDK_1.0.3_NUCLEO-F401RE\lib_stm\libLibraries.a(ucg_font.o)
 *fill*         0x0000000020000017        0x1 
 .data.APBAHBPrescTable
                0x0000000020000018       0x10 G:\funixIot\introIOT\lab\My_workspace\target1\Bai8.4_Lab8\SDK_1.0.3_NUCLEO-F401RE\lib_stm\libLibraries.a(stm32f401re_rcc.o)
 .data._impure_ptr
                0x0000000020000028        0x4 c:/st/stm32cubeide_1.8.0/stm32cubeide/plugins/com.st.stm32cube.ide.mcu.externaltools.gnu-tools-for-stm32.9-2020-q2-update.win32_2.0.0.202105311346/tools/bin/../lib/gcc/arm-none-eabi/9.3.1/../../../../arm-none-eabi/lib/thumb/v7e-m+fp/hard\libc_nano.a(lib_a-impure.o)
                0x0000000020000028                _impure_ptr
 .data.impure_data
                0x000000002000002c       0x60 c:/st/stm32cubeide_1.8.0/stm32cubeide/plugins/com.st.stm32cube.ide.mcu.externaltools.gnu-tools-for-stm32.9-2020-q2-update.win32_2.0.0.202105311346/tools/bin/../lib/gcc/arm-none-eabi/9.3.1/../../../../arm-none-eabi/lib/thumb/v7e-m+fp/hard\libc_nano.a(lib_a-impure.o)
 *(.RamFunc)
 *(.RamFunc*)
                0x000000002000008c                . = ALIGN (0x4)
                0x000000002000008c                _edata = .

.igot.plt       0x000000002000008c        0x0 load address 0x0000000008004ff8
 .igot.plt      0x000000002000008c        0x0 c:/st/stm32cubeide_1.8.0/stm32cubeide/plugins/com.st.stm32cube.ide.mcu.externaltools.gnu-tools-for-stm32.9-2020-q2-update.win32_2.0.0.202105311346/tools/bin/../lib/gcc/arm-none-eabi/9.3.1/thumb/v7e-m+fp/hard/crtbegin.o
                0x000000002000008c                . = ALIGN (0x4)

.bss            0x000000002000008c     0x12d4 load address 0x0000000008004ff8
                0x000000002000008c                _sbss = .
                0x000000002000008c                __bss_start__ = _sbss
 *(.bss)
 .bss           0x000000002000008c       0x1c c:/st/stm32cubeide_1.8.0/stm32cubeide/plugins/com.st.stm32cube.ide.mcu.externaltools.gnu-tools-for-stm32.9-2020-q2-update.win32_2.0.0.202105311346/tools/bin/../lib/gcc/arm-none-eabi/9.3.1/thumb/v7e-m+fp/hard/crtbegin.o
 *(.bss*)
 .bss.time_current
                0x00000000200000a8        0x4 ./Src/main.o
 .bss.time_initial
                0x00000000200000ac        0x4 ./Src/main.o
 .bss.time_total
                0x00000000200000b0        0x4 ./Src/main.o
 .bss.temperature
                0x00000000200000b4        0x4 ./Src/main.o
 .bss.humidity  0x00000000200000b8        0x4 ./Src/main.o
 .bss.ucg       0x00000000200000bc       0xb4 ./Src/main.o
 .bss.src1      0x0000000020000170       0x14 ./Src/main.o
 .bss.src2      0x0000000020000184       0x14 ./Src/main.o
 .bss.__sbrk_heap_end
                0x0000000020000198        0x4 ./Src/sysmem.o
 .bss.g_pTimerHandle
                0x000000002000019c      0x180 G:\funixIot\introIOT\lab\My_workspace\target1\Bai8.4_Lab8\SDK_1.0.3_NUCLEO-F401RE\lib_stm\libLibraries.a(timer.o)
 .bss.g_wMilSecTickTimer
                0x000000002000031c        0x4 G:\funixIot\introIOT\lab\My_workspace\target1\Bai8.4_Lab8\SDK_1.0.3_NUCLEO-F401RE\lib_stm\libLibraries.a(timer.o)
 .bss.g_pUartQueueRx
                0x0000000020000320        0x8 G:\funixIot\introIOT\lab\My_workspace\target1\Bai8.4_Lab8\SDK_1.0.3_NUCLEO-F401RE\lib_stm\libLibraries.a(serial.o)
 .bss.fontQueue
                0x0000000020000328       0x10 G:\funixIot\introIOT\lab\My_workspace\target1\Bai8.4_Lab8\SDK_1.0.3_NUCLEO-F401RE\lib_stm\libLibraries.a(ucg_font.o)
 .bss.pQueueFont
                0x0000000020000338     0x1000 G:\funixIot\introIOT\lab\My_workspace\target1\Bai8.4_Lab8\SDK_1.0.3_NUCLEO-F401RE\lib_stm\libLibraries.a(ucg_font.o)
 .bss.next.7562
                0x0000000020001338        0x1 G:\funixIot\introIOT\lab\My_workspace\target1\Bai8.4_Lab8\SDK_1.0.3_NUCLEO-F401RE\lib_stm\libLibraries.a(ucg_font.o)
 *fill*         0x0000000020001339        0x3 
 .bss.__malloc_free_list
                0x000000002000133c        0x4 c:/st/stm32cubeide_1.8.0/stm32cubeide/plugins/com.st.stm32cube.ide.mcu.externaltools.gnu-tools-for-stm32.9-2020-q2-update.win32_2.0.0.202105311346/tools/bin/../lib/gcc/arm-none-eabi/9.3.1/../../../../arm-none-eabi/lib/thumb/v7e-m+fp/hard\libc_nano.a(lib_a-nano-mallocr.o)
                0x000000002000133c                __malloc_free_list
 .bss.__malloc_sbrk_start
                0x0000000020001340        0x4 c:/st/stm32cubeide_1.8.0/stm32cubeide/plugins/com.st.stm32cube.ide.mcu.externaltools.gnu-tools-for-stm32.9-2020-q2-update.win32_2.0.0.202105311346/tools/bin/../lib/gcc/arm-none-eabi/9.3.1/../../../../arm-none-eabi/lib/thumb/v7e-m+fp/hard\libc_nano.a(lib_a-nano-mallocr.o)
                0x0000000020001340                __malloc_sbrk_start
 *(COMMON)
 COMMON         0x0000000020001344        0xc G:\funixIot\introIOT\lab\My_workspace\target1\Bai8.4_Lab8\SDK_1.0.3_NUCLEO-F401RE\lib_stm\libLibraries.a(ucg_font.o)
                0x0000000020001344                ucg_draw_str
 COMMON         0x0000000020001350        0x4 c:/st/stm32cubeide_1.8.0/stm32cubeide/plugins/com.st.stm32cube.ide.mcu.externaltools.gnu-tools-for-stm32.9-2020-q2-update.win32_2.0.0.202105311346/tools/bin/../lib/gcc/arm-none-eabi/9.3.1/../../../../arm-none-eabi/lib/thumb/v7e-m+fp/hard\libc_nano.a(lib_a-reent.o)
                0x0000000020001350                errno
 COMMON         0x0000000020001354        0x9 c:/st/stm32cubeide_1.8.0/stm32cubeide/plugins/com.st.stm32cube.ide.mcu.externaltools.gnu-tools-for-stm32.9-2020-q2-update.win32_2.0.0.202105311346/tools/bin/../lib/gcc/arm-none-eabi/9.3.1/../../../../arm-none-eabi/lib/thumb/v7e-m+fp/hard\libc_nano.a(lib_a-lock.o)
                0x0000000020001354                __lock___atexit_recursive_mutex
                0x0000000020001355                __lock___arc4random_mutex
                0x0000000020001356                __lock___env_recursive_mutex
                0x0000000020001357                __lock___sinit_recursive_mutex
                0x0000000020001358                __lock___malloc_recursive_mutex
                0x0000000020001359                __lock___at_quick_exit_mutex
                0x000000002000135a                __lock___dd_hash_mutex
                0x000000002000135b                __lock___tz_mutex
                0x000000002000135c                __lock___sfp_recursive_mutex
                0x0000000020001360                . = ALIGN (0x4)
 *fill*         0x000000002000135d        0x3 
                0x0000000020001360                _ebss = .
                0x0000000020001360                __bss_end__ = _ebss

._user_heap_stack
                0x0000000020001360      0x600 load address 0x0000000008004ff8
                0x0000000020001360                . = ALIGN (0x8)
                [!provide]                        PROVIDE (end = .)
                0x0000000020001360                PROVIDE (_end = .)
                0x0000000020001560                . = (. + _Min_Heap_Size)
 *fill*         0x0000000020001360      0x200 
                0x0000000020001960                . = (. + _Min_Stack_Size)
 *fill*         0x0000000020001560      0x400 
                0x0000000020001960                . = ALIGN (0x8)

/DISCARD/
 libc.a(*)
 libm.a(*)
 libgcc.a(*)

.ARM.attributes
                0x0000000000000000       0x30
 *(.ARM.attributes)
 .ARM.attributes
                0x0000000000000000       0x1e c:/st/stm32cubeide_1.8.0/stm32cubeide/plugins/com.st.stm32cube.ide.mcu.externaltools.gnu-tools-for-stm32.9-2020-q2-update.win32_2.0.0.202105311346/tools/bin/../lib/gcc/arm-none-eabi/9.3.1/thumb/v7e-m+fp/hard/crti.o
 .ARM.attributes
                0x000000000000001e       0x34 c:/st/stm32cubeide_1.8.0/stm32cubeide/plugins/com.st.stm32cube.ide.mcu.externaltools.gnu-tools-for-stm32.9-2020-q2-update.win32_2.0.0.202105311346/tools/bin/../lib/gcc/arm-none-eabi/9.3.1/thumb/v7e-m+fp/hard/crtbegin.o
 .ARM.attributes
                0x0000000000000052       0x34 ./Src/main.o
 .ARM.attributes
                0x0000000000000086       0x34 ./Src/sysmem.o
 .ARM.attributes
                0x00000000000000ba       0x21 ./Startup/startup_stm32f401retx.o
 .ARM.attributes
                0x00000000000000db       0x39 G:\funixIot\introIOT\lab\My_workspace\target1\Bai8.4_Lab8\SDK_1.0.3_NUCLEO-F401RE\lib_stm\libLibraries.a(system_stm32f4xx.o)
 .ARM.attributes
                0x0000000000000114       0x39 G:\funixIot\introIOT\lab\My_workspace\target1\Bai8.4_Lab8\SDK_1.0.3_NUCLEO-F401RE\lib_stm\libLibraries.a(timer.o)
 .ARM.attributes
                0x000000000000014d       0x39 G:\funixIot\introIOT\lab\My_workspace\target1\Bai8.4_Lab8\SDK_1.0.3_NUCLEO-F401RE\lib_stm\libLibraries.a(temhumsensor.o)
 .ARM.attributes
                0x0000000000000186       0x39 G:\funixIot\introIOT\lab\My_workspace\target1\Bai8.4_Lab8\SDK_1.0.3_NUCLEO-F401RE\lib_stm\libLibraries.a(serial.o)
 .ARM.attributes
                0x00000000000001bf       0x39 G:\funixIot\introIOT\lab\My_workspace\target1\Bai8.4_Lab8\SDK_1.0.3_NUCLEO-F401RE\lib_stm\libLibraries.a(Ucglib.o)
 .ARM.attributes
                0x00000000000001f8       0x39 G:\funixIot\introIOT\lab\My_workspace\target1\Bai8.4_Lab8\SDK_1.0.3_NUCLEO-F401RE\lib_stm\libLibraries.a(ucg_box.o)
 .ARM.attributes
                0x0000000000000231       0x39 G:\funixIot\introIOT\lab\My_workspace\target1\Bai8.4_Lab8\SDK_1.0.3_NUCLEO-F401RE\lib_stm\libLibraries.a(ucg_ccs.o)
 .ARM.attributes
                0x000000000000026a       0x39 G:\funixIot\introIOT\lab\My_workspace\target1\Bai8.4_Lab8\SDK_1.0.3_NUCLEO-F401RE\lib_stm\libLibraries.a(ucg_dev_default_cb.o)
 .ARM.attributes
                0x00000000000002a3       0x39 G:\funixIot\introIOT\lab\My_workspace\target1\Bai8.4_Lab8\SDK_1.0.3_NUCLEO-F401RE\lib_stm\libLibraries.a(ucg_dev_ic_st7735.o)
 .ARM.attributes
                0x00000000000002dc       0x39 G:\funixIot\introIOT\lab\My_workspace\target1\Bai8.4_Lab8\SDK_1.0.3_NUCLEO-F401RE\lib_stm\libLibraries.a(ucg_dev_msg_api.o)
 .ARM.attributes
                0x0000000000000315       0x39 G:\funixIot\introIOT\lab\My_workspace\target1\Bai8.4_Lab8\SDK_1.0.3_NUCLEO-F401RE\lib_stm\libLibraries.a(ucg_dev_tft_128x128_st7735.o)
 .ARM.attributes
                0x000000000000034e       0x39 G:\funixIot\introIOT\lab\My_workspace\target1\Bai8.4_Lab8\SDK_1.0.3_NUCLEO-F401RE\lib_stm\libLibraries.a(ucg_font.o)
 .ARM.attributes
                0x0000000000000387       0x39 G:\funixIot\introIOT\lab\My_workspace\target1\Bai8.4_Lab8\SDK_1.0.3_NUCLEO-F401RE\lib_stm\libLibraries.a(ucg_init.o)
 .ARM.attributes
                0x00000000000003c0       0x39 G:\funixIot\introIOT\lab\My_workspace\target1\Bai8.4_Lab8\SDK_1.0.3_NUCLEO-F401RE\lib_stm\libLibraries.a(ucg_line.o)
 .ARM.attributes
                0x00000000000003f9       0x39 G:\funixIot\introIOT\lab\My_workspace\target1\Bai8.4_Lab8\SDK_1.0.3_NUCLEO-F401RE\lib_stm\libLibraries.a(ucg_pixel.o)
 .ARM.attributes
                0x0000000000000432       0x39 G:\funixIot\introIOT\lab\My_workspace\target1\Bai8.4_Lab8\SDK_1.0.3_NUCLEO-F401RE\lib_stm\libLibraries.a(ucg_pixel_font_data.o)
 .ARM.attributes
                0x000000000000046b       0x39 G:\funixIot\introIOT\lab\My_workspace\target1\Bai8.4_Lab8\SDK_1.0.3_NUCLEO-F401RE\lib_stm\libLibraries.a(ucg_rotate.o)
 .ARM.attributes
                0x00000000000004a4       0x39 G:\funixIot\introIOT\lab\My_workspace\target1\Bai8.4_Lab8\SDK_1.0.3_NUCLEO-F401RE\lib_stm\libLibraries.a(buff.o)
 .ARM.attributes
                0x00000000000004dd       0x39 G:\funixIot\introIOT\lab\My_workspace\target1\Bai8.4_Lab8\SDK_1.0.3_NUCLEO-F401RE\lib_stm\libLibraries.a(utilities.o)
 .ARM.attributes
                0x0000000000000516       0x39 G:\funixIot\introIOT\lab\My_workspace\target1\Bai8.4_Lab8\SDK_1.0.3_NUCLEO-F401RE\lib_stm\libLibraries.a(stm32f401re_gpio.o)
 .ARM.attributes
                0x000000000000054f       0x39 G:\funixIot\introIOT\lab\My_workspace\target1\Bai8.4_Lab8\SDK_1.0.3_NUCLEO-F401RE\lib_stm\libLibraries.a(stm32f401re_i2c.o)
 .ARM.attributes
                0x0000000000000588       0x39 G:\funixIot\introIOT\lab\My_workspace\target1\Bai8.4_Lab8\SDK_1.0.3_NUCLEO-F401RE\lib_stm\libLibraries.a(stm32f401re_rcc.o)
 .ARM.attributes
                0x00000000000005c1       0x39 G:\funixIot\introIOT\lab\My_workspace\target1\Bai8.4_Lab8\SDK_1.0.3_NUCLEO-F401RE\lib_stm\libLibraries.a(stm32f401re_usart.o)
 .ARM.attributes
                0x00000000000005fa       0x39 G:\funixIot\introIOT\lab\My_workspace\target1\Bai8.4_Lab8\SDK_1.0.3_NUCLEO-F401RE\lib_stm\libLibraries.a(ucg_clip.o)
 .ARM.attributes
                0x0000000000000633       0x39 G:\funixIot\introIOT\lab\My_workspace\target1\Bai8.4_Lab8\SDK_1.0.3_NUCLEO-F401RE\lib_stm\libLibraries.a(ucg_com_msg_api.o)
 .ARM.attributes
                0x000000000000066c       0x34 c:/st/stm32cubeide_1.8.0/stm32cubeide/plugins/com.st.stm32cube.ide.mcu.externaltools.gnu-tools-for-stm32.9-2020-q2-update.win32_2.0.0.202105311346/tools/bin/../lib/gcc/arm-none-eabi/9.3.1/../../../../arm-none-eabi/lib/thumb/v7e-m+fp/hard\libc_nano.a(lib_a-errno.o)
 .ARM.attributes
                0x00000000000006a0       0x32 c:/st/stm32cubeide_1.8.0/stm32cubeide/plugins/com.st.stm32cube.ide.mcu.externaltools.gnu-tools-for-stm32.9-2020-q2-update.win32_2.0.0.202105311346/tools/bin/../lib/gcc/arm-none-eabi/9.3.1/../../../../arm-none-eabi/lib/thumb/v7e-m+fp/hard\libc_nano.a(lib_a-impure.o)
 .ARM.attributes
                0x00000000000006d2       0x34 c:/st/stm32cubeide_1.8.0/stm32cubeide/plugins/com.st.stm32cube.ide.mcu.externaltools.gnu-tools-for-stm32.9-2020-q2-update.win32_2.0.0.202105311346/tools/bin/../lib/gcc/arm-none-eabi/9.3.1/../../../../arm-none-eabi/lib/thumb/v7e-m+fp/hard\libc_nano.a(lib_a-init.o)
 .ARM.attributes
                0x0000000000000706       0x34 c:/st/stm32cubeide_1.8.0/stm32cubeide/plugins/com.st.stm32cube.ide.mcu.externaltools.gnu-tools-for-stm32.9-2020-q2-update.win32_2.0.0.202105311346/tools/bin/../lib/gcc/arm-none-eabi/9.3.1/../../../../arm-none-eabi/lib/thumb/v7e-m+fp/hard\libc_nano.a(lib_a-memset.o)
 .ARM.attributes
                0x000000000000073a       0x34 c:/st/stm32cubeide_1.8.0/stm32cubeide/plugins/com.st.stm32cube.ide.mcu.externaltools.gnu-tools-for-stm32.9-2020-q2-update.win32_2.0.0.202105311346/tools/bin/../lib/gcc/arm-none-eabi/9.3.1/../../../../arm-none-eabi/lib/thumb/v7e-m+fp/hard\libc_nano.a(lib_a-sprintf.o)
 .ARM.attributes
                0x000000000000076e       0x34 c:/st/stm32cubeide_1.8.0/stm32cubeide/plugins/com.st.stm32cube.ide.mcu.externaltools.gnu-tools-for-stm32.9-2020-q2-update.win32_2.0.0.202105311346/tools/bin/../lib/gcc/arm-none-eabi/9.3.1/../../../../arm-none-eabi/lib/thumb/v7e-m+fp/hard\libc_nano.a(lib_a-nano-svfprintf.o)
 .ARM.attributes
                0x00000000000007a2       0x34 c:/st/stm32cubeide_1.8.0/stm32cubeide/plugins/com.st.stm32cube.ide.mcu.externaltools.gnu-tools-for-stm32.9-2020-q2-update.win32_2.0.0.202105311346/tools/bin/../lib/gcc/arm-none-eabi/9.3.1/../../../../arm-none-eabi/lib/thumb/v7e-m+fp/hard\libc_nano.a(lib_a-nano-vfprintf_i.o)
 .ARM.attributes
                0x00000000000007d6       0x1c c:/st/stm32cubeide_1.8.0/stm32cubeide/plugins/com.st.stm32cube.ide.mcu.externaltools.gnu-tools-for-stm32.9-2020-q2-update.win32_2.0.0.202105311346/tools/bin/../lib/gcc/arm-none-eabi/9.3.1/../../../../arm-none-eabi/lib/thumb/v7e-m+fp/hard\libc_nano.a(lib_a-memchr.o)
 .ARM.attributes
                0x00000000000007f2       0x34 c:/st/stm32cubeide_1.8.0/stm32cubeide/plugins/com.st.stm32cube.ide.mcu.externaltools.gnu-tools-for-stm32.9-2020-q2-update.win32_2.0.0.202105311346/tools/bin/../lib/gcc/arm-none-eabi/9.3.1/../../../../arm-none-eabi/lib/thumb/v7e-m+fp/hard\libc_nano.a(lib_a-memcpy-stub.o)
 .ARM.attributes
                0x0000000000000826       0x34 c:/st/stm32cubeide_1.8.0/stm32cubeide/plugins/com.st.stm32cube.ide.mcu.externaltools.gnu-tools-for-stm32.9-2020-q2-update.win32_2.0.0.202105311346/tools/bin/../lib/gcc/arm-none-eabi/9.3.1/../../../../arm-none-eabi/lib/thumb/v7e-m+fp/hard\libc_nano.a(lib_a-memmove.o)
 .ARM.attributes
                0x000000000000085a       0x34 c:/st/stm32cubeide_1.8.0/stm32cubeide/plugins/com.st.stm32cube.ide.mcu.externaltools.gnu-tools-for-stm32.9-2020-q2-update.win32_2.0.0.202105311346/tools/bin/../lib/gcc/arm-none-eabi/9.3.1/../../../../arm-none-eabi/lib/thumb/v7e-m+fp/hard\libc_nano.a(lib_a-nano-freer.o)
 .ARM.attributes
                0x000000000000088e       0x34 c:/st/stm32cubeide_1.8.0/stm32cubeide/plugins/com.st.stm32cube.ide.mcu.externaltools.gnu-tools-for-stm32.9-2020-q2-update.win32_2.0.0.202105311346/tools/bin/../lib/gcc/arm-none-eabi/9.3.1/../../../../arm-none-eabi/lib/thumb/v7e-m+fp/hard\libc_nano.a(lib_a-nano-mallocr.o)
 .ARM.attributes
                0x00000000000008c2       0x34 c:/st/stm32cubeide_1.8.0/stm32cubeide/plugins/com.st.stm32cube.ide.mcu.externaltools.gnu-tools-for-stm32.9-2020-q2-update.win32_2.0.0.202105311346/tools/bin/../lib/gcc/arm-none-eabi/9.3.1/../../../../arm-none-eabi/lib/thumb/v7e-m+fp/hard\libc_nano.a(lib_a-nano-reallocr.o)
 .ARM.attributes
                0x00000000000008f6       0x34 c:/st/stm32cubeide_1.8.0/stm32cubeide/plugins/com.st.stm32cube.ide.mcu.externaltools.gnu-tools-for-stm32.9-2020-q2-update.win32_2.0.0.202105311346/tools/bin/../lib/gcc/arm-none-eabi/9.3.1/../../../../arm-none-eabi/lib/thumb/v7e-m+fp/hard\libc_nano.a(lib_a-sbrkr.o)
 .ARM.attributes
                0x000000000000092a       0x34 c:/st/stm32cubeide_1.8.0/stm32cubeide/plugins/com.st.stm32cube.ide.mcu.externaltools.gnu-tools-for-stm32.9-2020-q2-update.win32_2.0.0.202105311346/tools/bin/../lib/gcc/arm-none-eabi/9.3.1/../../../../arm-none-eabi/lib/thumb/v7e-m+fp/hard\libc_nano.a(lib_a-mlock.o)
 .ARM.attributes
                0x000000000000095e       0x34 c:/st/stm32cubeide_1.8.0/stm32cubeide/plugins/com.st.stm32cube.ide.mcu.externaltools.gnu-tools-for-stm32.9-2020-q2-update.win32_2.0.0.202105311346/tools/bin/../lib/gcc/arm-none-eabi/9.3.1/../../../../arm-none-eabi/lib/thumb/v7e-m+fp/hard\libc_nano.a(lib_a-nano-msizer.o)
 .ARM.attributes
                0x0000000000000992       0x34 c:/st/stm32cubeide_1.8.0/stm32cubeide/plugins/com.st.stm32cube.ide.mcu.externaltools.gnu-tools-for-stm32.9-2020-q2-update.win32_2.0.0.202105311346/tools/bin/../lib/gcc/arm-none-eabi/9.3.1/../../../../arm-none-eabi/lib/thumb/v7e-m+fp/hard\libc_nano.a(lib_a-reent.o)
 .ARM.attributes
                0x00000000000009c6       0x34 c:/st/stm32cubeide_1.8.0/stm32cubeide/plugins/com.st.stm32cube.ide.mcu.externaltools.gnu-tools-for-stm32.9-2020-q2-update.win32_2.0.0.202105311346/tools/bin/../lib/gcc/arm-none-eabi/9.3.1/../../../../arm-none-eabi/lib/thumb/v7e-m+fp/hard\libc_nano.a(lib_a-lock.o)
 .ARM.attributes
                0x00000000000009fa       0x1e c:/st/stm32cubeide_1.8.0/stm32cubeide/plugins/com.st.stm32cube.ide.mcu.externaltools.gnu-tools-for-stm32.9-2020-q2-update.win32_2.0.0.202105311346/tools/bin/../lib/gcc/arm-none-eabi/9.3.1/thumb/v7e-m+fp/hard/crtn.o
OUTPUT(Bai8.4_Lab8.elf elf32-littlearm)
LOAD linker stubs
LOAD c:/st/stm32cubeide_1.8.0/stm32cubeide/plugins/com.st.stm32cube.ide.mcu.externaltools.gnu-tools-for-stm32.9-2020-q2-update.win32_2.0.0.202105311346/tools/bin/../lib/gcc/arm-none-eabi/9.3.1/../../../../arm-none-eabi/lib/thumb/v7e-m+fp/hard\libc.a
LOAD c:/st/stm32cubeide_1.8.0/stm32cubeide/plugins/com.st.stm32cube.ide.mcu.externaltools.gnu-tools-for-stm32.9-2020-q2-update.win32_2.0.0.202105311346/tools/bin/../lib/gcc/arm-none-eabi/9.3.1/../../../../arm-none-eabi/lib/thumb/v7e-m+fp/hard\libm.a
LOAD c:/st/stm32cubeide_1.8.0/stm32cubeide/plugins/com.st.stm32cube.ide.mcu.externaltools.gnu-tools-for-stm32.9-2020-q2-update.win32_2.0.0.202105311346/tools/bin/../lib/gcc/arm-none-eabi/9.3.1/thumb/v7e-m+fp/hard\libgcc.a

.debug_info     0x0000000000000000    0x3ad55
 .debug_info    0x0000000000000000     0x3d6e ./Src/main.o
 .debug_info    0x0000000000003d6e      0xa25 ./Src/sysmem.o
 .debug_info    0x0000000000004793       0x22 ./Startup/startup_stm32f401retx.o
 .debug_info    0x00000000000047b5      0x5bb G:\funixIot\introIOT\lab\My_workspace\target1\Bai8.4_Lab8\SDK_1.0.3_NUCLEO-F401RE\lib_stm\libLibraries.a(system_stm32f4xx.o)
 .debug_info    0x0000000000004d70      0x922 G:\funixIot\introIOT\lab\My_workspace\target1\Bai8.4_Lab8\SDK_1.0.3_NUCLEO-F401RE\lib_stm\libLibraries.a(timer.o)
 .debug_info    0x0000000000005692      0xafd G:\funixIot\introIOT\lab\My_workspace\target1\Bai8.4_Lab8\SDK_1.0.3_NUCLEO-F401RE\lib_stm\libLibraries.a(temhumsensor.o)
 .debug_info    0x000000000000618f      0xb11 G:\funixIot\introIOT\lab\My_workspace\target1\Bai8.4_Lab8\SDK_1.0.3_NUCLEO-F401RE\lib_stm\libLibraries.a(serial.o)
 .debug_info    0x0000000000006ca0     0x333f G:\funixIot\introIOT\lab\My_workspace\target1\Bai8.4_Lab8\SDK_1.0.3_NUCLEO-F401RE\lib_stm\libLibraries.a(Ucglib.o)
 .debug_info    0x0000000000009fdf     0x329d G:\funixIot\introIOT\lab\My_workspace\target1\Bai8.4_Lab8\SDK_1.0.3_NUCLEO-F401RE\lib_stm\libLibraries.a(ucg_box.o)
 .debug_info    0x000000000000d27c     0x2b08 G:\funixIot\introIOT\lab\My_workspace\target1\Bai8.4_Lab8\SDK_1.0.3_NUCLEO-F401RE\lib_stm\libLibraries.a(ucg_ccs.o)
 .debug_info    0x000000000000fd84     0x324b G:\funixIot\introIOT\lab\My_workspace\target1\Bai8.4_Lab8\SDK_1.0.3_NUCLEO-F401RE\lib_stm\libLibraries.a(ucg_dev_default_cb.o)
 .debug_info    0x0000000000012fcf     0x3272 G:\funixIot\introIOT\lab\My_workspace\target1\Bai8.4_Lab8\SDK_1.0.3_NUCLEO-F401RE\lib_stm\libLibraries.a(ucg_dev_ic_st7735.o)
 .debug_info    0x0000000000016241     0x3178 G:\funixIot\introIOT\lab\My_workspace\target1\Bai8.4_Lab8\SDK_1.0.3_NUCLEO-F401RE\lib_stm\libLibraries.a(ucg_dev_msg_api.o)
 .debug_info    0x00000000000193b9     0x303e G:\funixIot\introIOT\lab\My_workspace\target1\Bai8.4_Lab8\SDK_1.0.3_NUCLEO-F401RE\lib_stm\libLibraries.a(ucg_dev_tft_128x128_st7735.o)
 .debug_info    0x000000000001c3f7     0x43ab G:\funixIot\introIOT\lab\My_workspace\target1\Bai8.4_Lab8\SDK_1.0.3_NUCLEO-F401RE\lib_stm\libLibraries.a(ucg_font.o)
 .debug_info    0x00000000000207a2     0x3856 G:\funixIot\introIOT\lab\My_workspace\target1\Bai8.4_Lab8\SDK_1.0.3_NUCLEO-F401RE\lib_stm\libLibraries.a(ucg_init.o)
 .debug_info    0x0000000000023ff8     0x3222 G:\funixIot\introIOT\lab\My_workspace\target1\Bai8.4_Lab8\SDK_1.0.3_NUCLEO-F401RE\lib_stm\libLibraries.a(ucg_line.o)
 .debug_info    0x000000000002721a     0x3056 G:\funixIot\introIOT\lab\My_workspace\target1\Bai8.4_Lab8\SDK_1.0.3_NUCLEO-F401RE\lib_stm\libLibraries.a(ucg_pixel.o)
 .debug_info    0x000000000002a270     0x43df G:\funixIot\introIOT\lab\My_workspace\target1\Bai8.4_Lab8\SDK_1.0.3_NUCLEO-F401RE\lib_stm\libLibraries.a(ucg_pixel_font_data.o)
 .debug_info    0x000000000002e64f     0x3231 G:\funixIot\introIOT\lab\My_workspace\target1\Bai8.4_Lab8\SDK_1.0.3_NUCLEO-F401RE\lib_stm\libLibraries.a(ucg_rotate.o)
 .debug_info    0x0000000000031880      0x339 G:\funixIot\introIOT\lab\My_workspace\target1\Bai8.4_Lab8\SDK_1.0.3_NUCLEO-F401RE\lib_stm\libLibraries.a(buff.o)
 .debug_info    0x0000000000031bb9      0x2bd G:\funixIot\introIOT\lab\My_workspace\target1\Bai8.4_Lab8\SDK_1.0.3_NUCLEO-F401RE\lib_stm\libLibraries.a(utilities.o)
 .debug_info    0x0000000000031e76      0x62b G:\funixIot\introIOT\lab\My_workspace\target1\Bai8.4_Lab8\SDK_1.0.3_NUCLEO-F401RE\lib_stm\libLibraries.a(stm32f401re_gpio.o)
 .debug_info    0x00000000000324a1      0xb9e G:\funixIot\introIOT\lab\My_workspace\target1\Bai8.4_Lab8\SDK_1.0.3_NUCLEO-F401RE\lib_stm\libLibraries.a(stm32f401re_i2c.o)
 .debug_info    0x000000000003303f      0xd5e G:\funixIot\introIOT\lab\My_workspace\target1\Bai8.4_Lab8\SDK_1.0.3_NUCLEO-F401RE\lib_stm\libLibraries.a(stm32f401re_rcc.o)
 .debug_info    0x0000000000033d9d      0x9d4 G:\funixIot\introIOT\lab\My_workspace\target1\Bai8.4_Lab8\SDK_1.0.3_NUCLEO-F401RE\lib_stm\libLibraries.a(stm32f401re_usart.o)
 .debug_info    0x0000000000034771     0x315a G:\funixIot\introIOT\lab\My_workspace\target1\Bai8.4_Lab8\SDK_1.0.3_NUCLEO-F401RE\lib_stm\libLibraries.a(ucg_clip.o)
 .debug_info    0x00000000000378cb     0x348a G:\funixIot\introIOT\lab\My_workspace\target1\Bai8.4_Lab8\SDK_1.0.3_NUCLEO-F401RE\lib_stm\libLibraries.a(ucg_com_msg_api.o)

.debug_abbrev   0x0000000000000000     0x2d29
 .debug_abbrev  0x0000000000000000      0x1f5 ./Src/main.o
 .debug_abbrev  0x00000000000001f5      0x1bf ./Src/sysmem.o
 .debug_abbrev  0x00000000000003b4       0x12 ./Startup/startup_stm32f401retx.o
 .debug_abbrev  0x00000000000003c6      0x138 G:\funixIot\introIOT\lab\My_workspace\target1\Bai8.4_Lab8\SDK_1.0.3_NUCLEO-F401RE\lib_stm\libLibraries.a(system_stm32f4xx.o)
 .debug_abbrev  0x00000000000004fe      0x29a G:\funixIot\introIOT\lab\My_workspace\target1\Bai8.4_Lab8\SDK_1.0.3_NUCLEO-F401RE\lib_stm\libLibraries.a(timer.o)
 .debug_abbrev  0x0000000000000798      0x24a G:\funixIot\introIOT\lab\My_workspace\target1\Bai8.4_Lab8\SDK_1.0.3_NUCLEO-F401RE\lib_stm\libLibraries.a(temhumsensor.o)
 .debug_abbrev  0x00000000000009e2      0x2ba G:\funixIot\introIOT\lab\My_workspace\target1\Bai8.4_Lab8\SDK_1.0.3_NUCLEO-F401RE\lib_stm\libLibraries.a(serial.o)
 .debug_abbrev  0x0000000000000c9c      0x202 G:\funixIot\introIOT\lab\My_workspace\target1\Bai8.4_Lab8\SDK_1.0.3_NUCLEO-F401RE\lib_stm\libLibraries.a(Ucglib.o)
 .debug_abbrev  0x0000000000000e9e      0x18b G:\funixIot\introIOT\lab\My_workspace\target1\Bai8.4_Lab8\SDK_1.0.3_NUCLEO-F401RE\lib_stm\libLibraries.a(ucg_box.o)
 .debug_abbrev  0x0000000000001029       0xf5 G:\funixIot\introIOT\lab\My_workspace\target1\Bai8.4_Lab8\SDK_1.0.3_NUCLEO-F401RE\lib_stm\libLibraries.a(ucg_ccs.o)
 .debug_abbrev  0x000000000000111e      0x19e G:\funixIot\introIOT\lab\My_workspace\target1\Bai8.4_Lab8\SDK_1.0.3_NUCLEO-F401RE\lib_stm\libLibraries.a(ucg_dev_default_cb.o)
 .debug_abbrev  0x00000000000012bc      0x1dc G:\funixIot\introIOT\lab\My_workspace\target1\Bai8.4_Lab8\SDK_1.0.3_NUCLEO-F401RE\lib_stm\libLibraries.a(ucg_dev_ic_st7735.o)
 .debug_abbrev  0x0000000000001498      0x191 G:\funixIot\introIOT\lab\My_workspace\target1\Bai8.4_Lab8\SDK_1.0.3_NUCLEO-F401RE\lib_stm\libLibraries.a(ucg_dev_msg_api.o)
 .debug_abbrev  0x0000000000001629      0x14e G:\funixIot\introIOT\lab\My_workspace\target1\Bai8.4_Lab8\SDK_1.0.3_NUCLEO-F401RE\lib_stm\libLibraries.a(ucg_dev_tft_128x128_st7735.o)
 .debug_abbrev  0x0000000000001777      0x2fc G:\funixIot\introIOT\lab\My_workspace\target1\Bai8.4_Lab8\SDK_1.0.3_NUCLEO-F401RE\lib_stm\libLibraries.a(ucg_font.o)
 .debug_abbrev  0x0000000000001a73      0x1c6 G:\funixIot\introIOT\lab\My_workspace\target1\Bai8.4_Lab8\SDK_1.0.3_NUCLEO-F401RE\lib_stm\libLibraries.a(ucg_init.o)
 .debug_abbrev  0x0000000000001c39      0x175 G:\funixIot\introIOT\lab\My_workspace\target1\Bai8.4_Lab8\SDK_1.0.3_NUCLEO-F401RE\lib_stm\libLibraries.a(ucg_line.o)
 .debug_abbrev  0x0000000000001dae      0x148 G:\funixIot\introIOT\lab\My_workspace\target1\Bai8.4_Lab8\SDK_1.0.3_NUCLEO-F401RE\lib_stm\libLibraries.a(ucg_pixel.o)
 .debug_abbrev  0x0000000000001ef6       0x83 G:\funixIot\introIOT\lab\My_workspace\target1\Bai8.4_Lab8\SDK_1.0.3_NUCLEO-F401RE\lib_stm\libLibraries.a(ucg_pixel_font_data.o)
 .debug_abbrev  0x0000000000001f79      0x1a3 G:\funixIot\introIOT\lab\My_workspace\target1\Bai8.4_Lab8\SDK_1.0.3_NUCLEO-F401RE\lib_stm\libLibraries.a(ucg_rotate.o)
 .debug_abbrev  0x000000000000211c      0x12a G:\funixIot\introIOT\lab\My_workspace\target1\Bai8.4_Lab8\SDK_1.0.3_NUCLEO-F401RE\lib_stm\libLibraries.a(buff.o)
 .debug_abbrev  0x0000000000002246       0xce G:\funixIot\introIOT\lab\My_workspace\target1\Bai8.4_Lab8\SDK_1.0.3_NUCLEO-F401RE\lib_stm\libLibraries.a(utilities.o)
 .debug_abbrev  0x0000000000002314      0x1bf G:\funixIot\introIOT\lab\My_workspace\target1\Bai8.4_Lab8\SDK_1.0.3_NUCLEO-F401RE\lib_stm\libLibraries.a(stm32f401re_gpio.o)
 .debug_abbrev  0x00000000000024d3      0x196 G:\funixIot\introIOT\lab\My_workspace\target1\Bai8.4_Lab8\SDK_1.0.3_NUCLEO-F401RE\lib_stm\libLibraries.a(stm32f401re_i2c.o)
 .debug_abbrev  0x0000000000002669      0x1d4 G:\funixIot\introIOT\lab\My_workspace\target1\Bai8.4_Lab8\SDK_1.0.3_NUCLEO-F401RE\lib_stm\libLibraries.a(stm32f401re_rcc.o)
 .debug_abbrev  0x000000000000283d      0x187 G:\funixIot\introIOT\lab\My_workspace\target1\Bai8.4_Lab8\SDK_1.0.3_NUCLEO-F401RE\lib_stm\libLibraries.a(stm32f401re_usart.o)
 .debug_abbrev  0x00000000000029c4      0x173 G:\funixIot\introIOT\lab\My_workspace\target1\Bai8.4_Lab8\SDK_1.0.3_NUCLEO-F401RE\lib_stm\libLibraries.a(ucg_clip.o)
 .debug_abbrev  0x0000000000002b37      0x1f2 G:\funixIot\introIOT\lab\My_workspace\target1\Bai8.4_Lab8\SDK_1.0.3_NUCLEO-F401RE\lib_stm\libLibraries.a(ucg_com_msg_api.o)

.debug_aranges  0x0000000000000000      0xca0
 .debug_aranges
                0x0000000000000000       0x30 ./Src/main.o
 .debug_aranges
                0x0000000000000030       0x20 ./Src/sysmem.o
 .debug_aranges
                0x0000000000000050       0x28 ./Startup/startup_stm32f401retx.o
 .debug_aranges
                0x0000000000000078       0x30 G:\funixIot\introIOT\lab\My_workspace\target1\Bai8.4_Lab8\SDK_1.0.3_NUCLEO-F401RE\lib_stm\libLibraries.a(system_stm32f4xx.o)
 .debug_aranges
                0x00000000000000a8       0x70 G:\funixIot\introIOT\lab\My_workspace\target1\Bai8.4_Lab8\SDK_1.0.3_NUCLEO-F401RE\lib_stm\libLibraries.a(timer.o)
 .debug_aranges
                0x0000000000000118       0xe8 G:\funixIot\introIOT\lab\My_workspace\target1\Bai8.4_Lab8\SDK_1.0.3_NUCLEO-F401RE\lib_stm\libLibraries.a(temhumsensor.o)
 .debug_aranges
                0x0000000000000200       0x80 G:\funixIot\introIOT\lab\My_workspace\target1\Bai8.4_Lab8\SDK_1.0.3_NUCLEO-F401RE\lib_stm\libLibraries.a(serial.o)
 .debug_aranges
                0x0000000000000280       0x48 G:\funixIot\introIOT\lab\My_workspace\target1\Bai8.4_Lab8\SDK_1.0.3_NUCLEO-F401RE\lib_stm\libLibraries.a(Ucglib.o)
 .debug_aranges
                0x00000000000002c8       0x48 G:\funixIot\introIOT\lab\My_workspace\target1\Bai8.4_Lab8\SDK_1.0.3_NUCLEO-F401RE\lib_stm\libLibraries.a(ucg_box.o)
 .debug_aranges
                0x0000000000000310       0x30 G:\funixIot\introIOT\lab\My_workspace\target1\Bai8.4_Lab8\SDK_1.0.3_NUCLEO-F401RE\lib_stm\libLibraries.a(ucg_ccs.o)
 .debug_aranges
                0x0000000000000340       0x48 G:\funixIot\introIOT\lab\My_workspace\target1\Bai8.4_Lab8\SDK_1.0.3_NUCLEO-F401RE\lib_stm\libLibraries.a(ucg_dev_default_cb.o)
 .debug_aranges
                0x0000000000000388       0x40 G:\funixIot\introIOT\lab\My_workspace\target1\Bai8.4_Lab8\SDK_1.0.3_NUCLEO-F401RE\lib_stm\libLibraries.a(ucg_dev_ic_st7735.o)
 .debug_aranges
                0x00000000000003c8       0x60 G:\funixIot\introIOT\lab\My_workspace\target1\Bai8.4_Lab8\SDK_1.0.3_NUCLEO-F401RE\lib_stm\libLibraries.a(ucg_dev_msg_api.o)
 .debug_aranges
                0x0000000000000428       0x20 G:\funixIot\introIOT\lab\My_workspace\target1\Bai8.4_Lab8\SDK_1.0.3_NUCLEO-F401RE\lib_stm\libLibraries.a(ucg_dev_tft_128x128_st7735.o)
 .debug_aranges
                0x0000000000000448      0x168 G:\funixIot\introIOT\lab\My_workspace\target1\Bai8.4_Lab8\SDK_1.0.3_NUCLEO-F401RE\lib_stm\libLibraries.a(ucg_font.o)
 .debug_aranges
                0x00000000000005b0       0x28 G:\funixIot\introIOT\lab\My_workspace\target1\Bai8.4_Lab8\SDK_1.0.3_NUCLEO-F401RE\lib_stm\libLibraries.a(ucg_init.o)
 .debug_aranges
                0x00000000000005d8       0x48 G:\funixIot\introIOT\lab\My_workspace\target1\Bai8.4_Lab8\SDK_1.0.3_NUCLEO-F401RE\lib_stm\libLibraries.a(ucg_line.o)
 .debug_aranges
                0x0000000000000620       0x28 G:\funixIot\introIOT\lab\My_workspace\target1\Bai8.4_Lab8\SDK_1.0.3_NUCLEO-F401RE\lib_stm\libLibraries.a(ucg_pixel.o)
 .debug_aranges
                0x0000000000000648       0x18 G:\funixIot\introIOT\lab\My_workspace\target1\Bai8.4_Lab8\SDK_1.0.3_NUCLEO-F401RE\lib_stm\libLibraries.a(ucg_pixel_font_data.o)
 .debug_aranges
                0x0000000000000660       0x68 G:\funixIot\introIOT\lab\My_workspace\target1\Bai8.4_Lab8\SDK_1.0.3_NUCLEO-F401RE\lib_stm\libLibraries.a(ucg_rotate.o)
 .debug_aranges
                0x00000000000006c8       0x50 G:\funixIot\introIOT\lab\My_workspace\target1\Bai8.4_Lab8\SDK_1.0.3_NUCLEO-F401RE\lib_stm\libLibraries.a(buff.o)
 .debug_aranges
                0x0000000000000718       0x48 G:\funixIot\introIOT\lab\My_workspace\target1\Bai8.4_Lab8\SDK_1.0.3_NUCLEO-F401RE\lib_stm\libLibraries.a(utilities.o)
 .debug_aranges
                0x0000000000000760       0x88 G:\funixIot\introIOT\lab\My_workspace\target1\Bai8.4_Lab8\SDK_1.0.3_NUCLEO-F401RE\lib_stm\libLibraries.a(stm32f401re_gpio.o)
 .debug_aranges
                0x00000000000007e8      0x130 G:\funixIot\introIOT\lab\My_workspace\target1\Bai8.4_Lab8\SDK_1.0.3_NUCLEO-F401RE\lib_stm\libLibraries.a(stm32f401re_i2c.o)
 .debug_aranges
                0x0000000000000918      0x198 G:\funixIot\introIOT\lab\My_workspace\target1\Bai8.4_Lab8\SDK_1.0.3_NUCLEO-F401RE\lib_stm\libLibraries.a(stm32f401re_rcc.o)
 .debug_aranges
                0x0000000000000ab0      0x100 G:\funixIot\introIOT\lab\My_workspace\target1\Bai8.4_Lab8\SDK_1.0.3_NUCLEO-F401RE\lib_stm\libLibraries.a(stm32f401re_usart.o)
 .debug_aranges
                0x0000000000000bb0       0x50 G:\funixIot\introIOT\lab\My_workspace\target1\Bai8.4_Lab8\SDK_1.0.3_NUCLEO-F401RE\lib_stm\libLibraries.a(ucg_clip.o)
 .debug_aranges
                0x0000000000000c00       0xa0 G:\funixIot\introIOT\lab\My_workspace\target1\Bai8.4_Lab8\SDK_1.0.3_NUCLEO-F401RE\lib_stm\libLibraries.a(ucg_com_msg_api.o)

.debug_ranges   0x0000000000000000      0xae0
 .debug_ranges  0x0000000000000000       0x20 ./Src/main.o
 .debug_ranges  0x0000000000000020       0x10 ./Src/sysmem.o
 .debug_ranges  0x0000000000000030       0x20 ./Startup/startup_stm32f401retx.o
 .debug_ranges  0x0000000000000050       0x20 G:\funixIot\introIOT\lab\My_workspace\target1\Bai8.4_Lab8\SDK_1.0.3_NUCLEO-F401RE\lib_stm\libLibraries.a(system_stm32f4xx.o)
 .debug_ranges  0x0000000000000070       0x60 G:\funixIot\introIOT\lab\My_workspace\target1\Bai8.4_Lab8\SDK_1.0.3_NUCLEO-F401RE\lib_stm\libLibraries.a(timer.o)
 .debug_ranges  0x00000000000000d0       0xd8 G:\funixIot\introIOT\lab\My_workspace\target1\Bai8.4_Lab8\SDK_1.0.3_NUCLEO-F401RE\lib_stm\libLibraries.a(temhumsensor.o)
 .debug_ranges  0x00000000000001a8       0x70 G:\funixIot\introIOT\lab\My_workspace\target1\Bai8.4_Lab8\SDK_1.0.3_NUCLEO-F401RE\lib_stm\libLibraries.a(serial.o)
 .debug_ranges  0x0000000000000218       0x38 G:\funixIot\introIOT\lab\My_workspace\target1\Bai8.4_Lab8\SDK_1.0.3_NUCLEO-F401RE\lib_stm\libLibraries.a(Ucglib.o)
 .debug_ranges  0x0000000000000250       0x38 G:\funixIot\introIOT\lab\My_workspace\target1\Bai8.4_Lab8\SDK_1.0.3_NUCLEO-F401RE\lib_stm\libLibraries.a(ucg_box.o)
 .debug_ranges  0x0000000000000288       0x20 G:\funixIot\introIOT\lab\My_workspace\target1\Bai8.4_Lab8\SDK_1.0.3_NUCLEO-F401RE\lib_stm\libLibraries.a(ucg_ccs.o)
 .debug_ranges  0x00000000000002a8       0x38 G:\funixIot\introIOT\lab\My_workspace\target1\Bai8.4_Lab8\SDK_1.0.3_NUCLEO-F401RE\lib_stm\libLibraries.a(ucg_dev_default_cb.o)
 .debug_ranges  0x00000000000002e0       0x30 G:\funixIot\introIOT\lab\My_workspace\target1\Bai8.4_Lab8\SDK_1.0.3_NUCLEO-F401RE\lib_stm\libLibraries.a(ucg_dev_ic_st7735.o)
 .debug_ranges  0x0000000000000310       0x50 G:\funixIot\introIOT\lab\My_workspace\target1\Bai8.4_Lab8\SDK_1.0.3_NUCLEO-F401RE\lib_stm\libLibraries.a(ucg_dev_msg_api.o)
 .debug_ranges  0x0000000000000360       0x10 G:\funixIot\introIOT\lab\My_workspace\target1\Bai8.4_Lab8\SDK_1.0.3_NUCLEO-F401RE\lib_stm\libLibraries.a(ucg_dev_tft_128x128_st7735.o)
 .debug_ranges  0x0000000000000370      0x158 G:\funixIot\introIOT\lab\My_workspace\target1\Bai8.4_Lab8\SDK_1.0.3_NUCLEO-F401RE\lib_stm\libLibraries.a(ucg_font.o)
 .debug_ranges  0x00000000000004c8       0x18 G:\funixIot\introIOT\lab\My_workspace\target1\Bai8.4_Lab8\SDK_1.0.3_NUCLEO-F401RE\lib_stm\libLibraries.a(ucg_init.o)
 .debug_ranges  0x00000000000004e0       0x38 G:\funixIot\introIOT\lab\My_workspace\target1\Bai8.4_Lab8\SDK_1.0.3_NUCLEO-F401RE\lib_stm\libLibraries.a(ucg_line.o)
 .debug_ranges  0x0000000000000518       0x18 G:\funixIot\introIOT\lab\My_workspace\target1\Bai8.4_Lab8\SDK_1.0.3_NUCLEO-F401RE\lib_stm\libLibraries.a(ucg_pixel.o)
 .debug_ranges  0x0000000000000530       0x58 G:\funixIot\introIOT\lab\My_workspace\target1\Bai8.4_Lab8\SDK_1.0.3_NUCLEO-F401RE\lib_stm\libLibraries.a(ucg_rotate.o)
 .debug_ranges  0x0000000000000588       0x40 G:\funixIot\introIOT\lab\My_workspace\target1\Bai8.4_Lab8\SDK_1.0.3_NUCLEO-F401RE\lib_stm\libLibraries.a(buff.o)
 .debug_ranges  0x00000000000005c8       0x38 G:\funixIot\introIOT\lab\My_workspace\target1\Bai8.4_Lab8\SDK_1.0.3_NUCLEO-F401RE\lib_stm\libLibraries.a(utilities.o)
 .debug_ranges  0x0000000000000600       0x78 G:\funixIot\introIOT\lab\My_workspace\target1\Bai8.4_Lab8\SDK_1.0.3_NUCLEO-F401RE\lib_stm\libLibraries.a(stm32f401re_gpio.o)
 .debug_ranges  0x0000000000000678      0x120 G:\funixIot\introIOT\lab\My_workspace\target1\Bai8.4_Lab8\SDK_1.0.3_NUCLEO-F401RE\lib_stm\libLibraries.a(stm32f401re_i2c.o)
 .debug_ranges  0x0000000000000798      0x188 G:\funixIot\introIOT\lab\My_workspace\target1\Bai8.4_Lab8\SDK_1.0.3_NUCLEO-F401RE\lib_stm\libLibraries.a(stm32f401re_rcc.o)
 .debug_ranges  0x0000000000000920       0xf0 G:\funixIot\introIOT\lab\My_workspace\target1\Bai8.4_Lab8\SDK_1.0.3_NUCLEO-F401RE\lib_stm\libLibraries.a(stm32f401re_usart.o)