13:36:57 **** Incremental Build of configuration Debug for project exercise 5.1 ****
make -j4 all 
arm-none-eabi-gcc "../Src/main.c" -mcpu=cortex-m4 -std=gnu11 -g3 -DDEBUG -DNUCLEO_F401RE -DSTM32 -DSTM32F401RETx -DSTM32F4 -c -I../Inc -O0 -ffunction-sections -fdata-sections -Wall -fstack-usage -MMD -MP -MF"Src/main.d" -MT"Src/main.o" --specs=nano.specs -mfpu=fpv4-sp-d16 -mfloat-abi=hard -mthumb -o "Src/main.o"
arm-none-eabi-gcc -o "exercise 5.1.elf" @"objects.list"   -mcpu=cortex-m4 -T"G:\funixIot\introIOT\Exercises\My_workspace\target\exercise 5.1\STM32F401RETX_FLASH.ld" --specs=nosys.specs -Wl,-Map="exercise 5.1.map" -Wl,--gc-sections -static --specs=nano.specs -mfpu=fpv4-sp-d16 -mfloat-abi=hard -mthumb -Wl,--start-group -lc -lm -Wl,--end-group
Finished building target: exercise 5.1.elf
 
arm-none-eabi-size   exercise\ 5.1.elf 
arm-none-eabi-objdump -h -S  exercise\ 5.1.elf  > "exercise 5.1.list"
arm-none-eabi-objcopy  -O binary  exercise\ 5.1.elf  "exercise 5.1.bin"
   text	   data	    bss	    dec	    hex	filename
   5456	    108	   1596	   7160	   1bf8	exercise 5.1.elf
Finished building: default.size.stdout
 
Finished building: exercise 5.1.bin
Finished building: exercise 5.1.list
 
 

13:36:59 Build Finished. 0 errors, 0 warnings. (took 1s.244ms)

