Archive member included to satisfy reference by file (symbol)

G:\funixIot\introIOT\lab\My_workspace\target1\Bai6.4_Lab6\SDK_1.0.3_NUCLEO-F401RE\lib_stm\libLibraries.a(led.o)
                              ./Src/main.o (LedControl_Init)
G:\funixIot\introIOT\lab\My_workspace\target1\Bai6.4_Lab6\SDK_1.0.3_NUCLEO-F401RE\lib_stm\libLibraries.a(timer.o)
                              G:\funixIot\introIOT\lab\My_workspace\target1\Bai6.4_Lab6\SDK_1.0.3_NUCLEO-F401RE\lib_stm\libLibraries.a(led.o) (TimerStart)
G:\funixIot\introIOT\lab\My_workspace\target1\Bai6.4_Lab6\SDK_1.0.3_NUCLEO-F401RE\lib_stm\libLibraries.a(serial.o)
                              G:\funixIot\introIOT\lab\My_workspace\target1\Bai6.4_Lab6\SDK_1.0.3_NUCLEO-F401RE\lib_stm\libLibraries.a(led.o) (Serial_SendPacket)
G:\funixIot\introIOT\lab\My_workspace\target1\Bai6.4_Lab6\SDK_1.0.3_NUCLEO-F401RE\lib_stm\libLibraries.a(buff.o)
                              G:\funixIot\introIOT\lab\My_workspace\target1\Bai6.4_Lab6\SDK_1.0.3_NUCLEO-F401RE\lib_stm\libLibraries.a(serial.o) (bufInit)
G:\funixIot\introIOT\lab\My_workspace\target1\Bai6.4_Lab6\SDK_1.0.3_NUCLEO-F401RE\lib_stm\libLibraries.a(utilities.o)
                              G:\funixIot\introIOT\lab\My_workspace\target1\Bai6.4_Lab6\SDK_1.0.3_NUCLEO-F401RE\lib_stm\libLibraries.a(timer.o) (memsetl)
G:\funixIot\introIOT\lab\My_workspace\target1\Bai6.4_Lab6\SDK_1.0.3_NUCLEO-F401RE\lib_stm\libLibraries.a(system_stm32f4xx.o)
                              G:\funixIot\introIOT\lab\My_workspace\target1\Bai6.4_Lab6\SDK_1.0.3_NUCLEO-F401RE\lib_stm\libLibraries.a(led.o) (SystemCoreClock)
G:\funixIot\introIOT\lab\My_workspace\target1\Bai6.4_Lab6\SDK_1.0.3_NUCLEO-F401RE\lib_stm\libLibraries.a(misc.o)
                              G:\funixIot\introIOT\lab\My_workspace\target1\Bai6.4_Lab6\SDK_1.0.3_NUCLEO-F401RE\lib_stm\libLibraries.a(serial.o) (NVIC_PriorityGroupConfig)
G:\funixIot\introIOT\lab\My_workspace\target1\Bai6.4_Lab6\SDK_1.0.3_NUCLEO-F401RE\lib_stm\libLibraries.a(stm32f401re_gpio.o)
                              G:\funixIot\introIOT\lab\My_workspace\target1\Bai6.4_Lab6\SDK_1.0.3_NUCLEO-F401RE\lib_stm\libLibraries.a(led.o) (GPIO_Init)
G:\funixIot\introIOT\lab\My_workspace\target1\Bai6.4_Lab6\SDK_1.0.3_NUCLEO-F401RE\lib_stm\libLibraries.a(stm32f401re_rcc.o)
                              G:\funixIot\introIOT\lab\My_workspace\target1\Bai6.4_Lab6\SDK_1.0.3_NUCLEO-F401RE\lib_stm\libLibraries.a(timer.o) (RCC_GetClocksFreq)
G:\funixIot\introIOT\lab\My_workspace\target1\Bai6.4_Lab6\SDK_1.0.3_NUCLEO-F401RE\lib_stm\libLibraries.a(stm32f401re_tim.o)
                              G:\funixIot\introIOT\lab\My_workspace\target1\Bai6.4_Lab6\SDK_1.0.3_NUCLEO-F401RE\lib_stm\libLibraries.a(led.o) (TIM_TimeBaseInit)
G:\funixIot\introIOT\lab\My_workspace\target1\Bai6.4_Lab6\SDK_1.0.3_NUCLEO-F401RE\lib_stm\libLibraries.a(stm32f401re_usart.o)
                              G:\funixIot\introIOT\lab\My_workspace\target1\Bai6.4_Lab6\SDK_1.0.3_NUCLEO-F401RE\lib_stm\libLibraries.a(serial.o) (USART_Init)
c:/st/stm32cubeide_1.8.0/stm32cubeide/plugins/com.st.stm32cube.ide.mcu.externaltools.gnu-tools-for-stm32.9-2020-q2-update.win32_2.0.0.202105311346/tools/bin/../lib/gcc/arm-none-eabi/9.3.1/../../../../arm-none-eabi/lib/thumb/v7e-m+fp/hard\libc_nano.a(lib_a-errno.o)
                              ./Src/syscalls.o (__errno)
c:/st/stm32cubeide_1.8.0/stm32cubeide/plugins/com.st.stm32cube.ide.mcu.externaltools.gnu-tools-for-stm32.9-2020-q2-update.win32_2.0.0.202105311346/tools/bin/../lib/gcc/arm-none-eabi/9.3.1/../../../../arm-none-eabi/lib/thumb/v7e-m+fp/hard\libc_nano.a(lib_a-exit.o)
                              c:/st/stm32cubeide_1.8.0/stm32cubeide/plugins/com.st.stm32cube.ide.mcu.externaltools.gnu-tools-for-stm32.9-2020-q2-update.win32_2.0.0.202105311346/tools/bin/../lib/gcc/arm-none-eabi/9.3.1/../../../../arm-none-eabi/lib/thumb/v7e-m+fp/hard/crt0.o (exit)
c:/st/stm32cubeide_1.8.0/stm32cubeide/plugins/com.st.stm32cube.ide.mcu.externaltools.gnu-tools-for-stm32.9-2020-q2-update.win32_2.0.0.202105311346/tools/bin/../lib/gcc/arm-none-eabi/9.3.1/../../../../arm-none-eabi/lib/thumb/v7e-m+fp/hard\libc_nano.a(lib_a-impure.o)
                              c:/st/stm32cubeide_1.8.0/stm32cubeide/plugins/com.st.stm32cube.ide.mcu.externaltools.gnu-tools-for-stm32.9-2020-q2-update.win32_2.0.0.202105311346/tools/bin/../lib/gcc/arm-none-eabi/9.3.1/../../../../arm-none-eabi/lib/thumb/v7e-m+fp/hard\libc_nano.a(lib_a-exit.o) (_global_impure_ptr)
c:/st/stm32cubeide_1.8.0/stm32cubeide/plugins/com.st.stm32cube.ide.mcu.externaltools.gnu-tools-for-stm32.9-2020-q2-update.win32_2.0.0.202105311346/tools/bin/../lib/gcc/arm-none-eabi/9.3.1/../../../../arm-none-eabi/lib/thumb/v7e-m+fp/hard\libc_nano.a(lib_a-init.o)
[...]
Memory Configuration

Name             Origin             Length             Attributes
RAM              0x0000000020000000 0x0000000000018000 xrw
FLASH            0x0000000008000000 0x0000000000080000 xr
*default*        0x0000000000000000 0xffffffffffffffff

Linker script and memory map

LOAD c:/st/stm32cubeide_1.8.0/stm32cubeide/plugins/com.st.stm32cube.ide.mcu.externaltools.gnu-tools-for-stm32.9-2020-q2-update.win32_2.0.0.202105311346/tools/bin/../lib/gcc/arm-none-eabi/9.3.1/thumb/v7e-m+fp/hard/crti.o
LOAD c:/st/stm32cubeide_1.8.0/stm32cubeide/plugins/com.st.stm32cube.ide.mcu.externaltools.gnu-tools-for-stm32.9-2020-q2-update.win32_2.0.0.202105311346/tools/bin/../lib/gcc/arm-none-eabi/9.3.1/thumb/v7e-m+fp/hard/crtbegin.o
LOAD c:/st/stm32cubeide_1.8.0/stm32cubeide/plugins/com.st.stm32cube.ide.mcu.externaltools.gnu-tools-for-stm32.9-2020-q2-update.win32_2.0.0.202105311346/tools/bin/../lib/gcc/arm-none-eabi/9.3.1/../../../../arm-none-eabi/lib/thumb/v7e-m+fp/hard/crt0.o
LOAD ./Src/main.o
LOAD ./Src/syscalls.o
LOAD ./Src/sysmem.o
LOAD ./Startup/startup_stm32f401retx.o
LOAD G:\funixIot\introIOT\lab\My_workspace\target1\Bai6.4_Lab6\SDK_1.0.3_NUCLEO-F401RE\lib_stm\libLibraries.a
START GROUP
LOAD c:/st/stm32cubeide_1.8.0/stm32cubeide/plugins/com.st.stm32cube.ide.mcu.externaltools.gnu-tools-for-stm32.9-2020-q2-update.win32_2.0.0.202105311346/tools/bin/../lib/gcc/arm-none-eabi/9.3.1/../../../../arm-none-eabi/lib/thumb/v7e-m+fp/hard\libc_nano.a
LOAD c:/st/stm32cubeide_1.8.0/stm32cubeide/plugins/com.st.stm32cube.ide.mcu.externaltools.gnu-tools-for-stm32.9-2020-q2-update.win32_2.0.0.202105311346/tools/bin/../lib/gcc/arm-none-eabi/9.3.1/../../../../arm-none-eabi/lib/thumb/v7e-m+fp/hard\libm.a
END GROUP
START GROUP
LOAD c:/st/stm32cubeide_1.8.0/stm32cubeide/plugins/com.st.stm32cube.ide.mcu.externaltools.gnu-tools-for-stm32.9-2020-q2-update.win32_2.0.0.202105311346/tools/bin/../lib/gcc/arm-none-eabi/9.3.1/thumb/v7e-m+fp/hard\libgcc.a
LOAD c:/st/stm32cubeide_1.8.0/stm32cubeide/plugins/com.st.stm32cube.ide.mcu.externaltools.gnu-tools-for-stm32.9-2020-q2-update.win32_2.0.0.202105311346/tools/bin/../lib/gcc/arm-none-eabi/9.3.1/../../../../arm-none-eabi/lib/thumb/v7e-m+fp/hard\libc_nano.a
END GROUP
START GROUP
LOAD c:/st/stm32cubeide_1.8.0/stm32cubeide/plugins/com.st.stm32cube.ide.mcu.externaltools.gnu-tools-for-stm32.9-2020-q2-update.win32_2.0.0.202105311346/tools/bin/../lib/gcc/arm-none-eabi/9.3.1/thumb/v7e-m+fp/hard\libgcc.a
LOAD c:/st/stm32cubeide_1.8.0/stm32cubeide/plugins/com.st.stm32cube.ide.mcu.externaltools.gnu-tools-for-stm32.9-2020-q2-update.win32_2.0.0.202105311346/tools/bin/../lib/gcc/arm-none-eabi/9.3.1/../../../../arm-none-eabi/lib/thumb/v7e-m+fp/hard\libc_nano.a
LOAD c:/st/stm32cubeide_1.8.0/stm32cubeide/plugins/com.st.stm32cube.ide.mcu.externaltools.gnu-tools-for-stm32.9-2020-q2-update.win32_2.0.0.202105311346/tools/bin/../lib/gcc/arm-none-eabi/9.3.1/../../../../arm-none-eabi/lib/thumb/v7e-m+fp/hard\libnosys.a
END GROUP
START GROUP
LOAD c:/st/stm32cubeide_1.8.0/stm32cubeide/plugins/com.st.stm32cube.ide.mcu.externaltools.gnu-tools-for-stm32.9-2020-q2-update.win32_2.0.0.202105311346/tools/bin/../lib/gcc/arm-none-eabi/9.3.1/thumb/v7e-m+fp/hard\libgcc.a
LOAD c:/st/stm32cubeide_1.8.0/stm32cubeide/plugins/com.st.stm32cube.ide.mcu.externaltools.gnu-tools-for-stm32.9-2020-q2-update.win32_2.0.0.202105311346/tools/bin/../lib/gcc/arm-none-eabi/9.3.1/../../../../arm-none-eabi/lib/thumb/v7e-m+fp/hard\libc_nano.a
LOAD c:/st/stm32cubeide_1.8.0/stm32cubeide/plugins/com.st.stm32cube.ide.mcu.externaltools.gnu-tools-for-stm32.9-2020-q2-update.win32_2.0.0.202105311346/tools/bin/../lib/gcc/arm-none-eabi/9.3.1/../../../../arm-none-eabi/lib/thumb/v7e-m+fp/hard\libnosys.a
END GROUP
LOAD c:/st/stm32cubeide_1.8.0/stm32cubeide/plugins/com.st.stm32cube.ide.mcu.externaltools.gnu-tools-for-stm32.9-2020-q2-update.win32_2.0.0.202105311346/tools/bin/../lib/gcc/arm-none-eabi/9.3.1/thumb/v7e-m+fp/hard/crtend.o
LOAD c:/st/stm32cubeide_1.8.0/stm32cubeide/plugins/com.st.stm32cube.ide.mcu.externaltools.gnu-tools-for-stm32.9-2020-q2-update.win32_2.0.0.202105311346/tools/bin/../lib/gcc/arm-none-eabi/9.3.1/thumb/v7e-m+fp/hard/crtn.o
                0x0000000020018000                _estack = (ORIGIN (RAM) + LENGTH (RAM))
                0x0000000000000200                _Min_Heap_Size = 0x200
                0x0000000000000400                _Min_Stack_Size = 0x400

.isr_vector     0x0000000008000000      0x194
                0x0000000008000000                . = ALIGN (0x4)
 *(.isr_vector)
 .isr_vector    0x0000000008000000      0x194 ./Startup/startup_stm32f401retx.o
                0x0000000008000000                g_pfnVectors
                0x0000000008000194                . = ALIGN (0x4)

.text           0x0000000008000194      0xfd8
                0x0000000008000194                . = ALIGN (0x4)
 *(.text)
 .text          0x0000000008000194       0x40 c:/st/stm32cubeide_1.8.0/stm32cubeide/plugins/com.st.stm32cube.ide.mcu.externaltools.gnu-tools-for-stm32.9-2020-q2-update.win32_2.0.0.202105311346/tools/bin/../lib/gcc/arm-none-eabi/9.3.1/thumb/v7e-m+fp/hard/crtbegin.o
 *(.text*)
 .text.main     0x00000000080001d4       0x40 ./Src/main.o
                0x00000000080001d4                main
 .text.delay_ms
                0x0000000008000214       0x40 ./Src/main.o
                0x0000000008000214                delay_ms
 .text.ledSetState
                0x0000000008000254       0x2e ./Src/main.o
                0x0000000008000254                ledSetState
 *fill*         0x0000000008000282        0x2 
 .text.Reset_Handler
                0x0000000008000284       0x50 ./Startup/startup_stm32f401retx.o
                0x0000000008000284                Reset_Handler
 .text.Default_Handler
                0x00000000080002d4        0x2 ./Startup/startup_stm32f401retx.o
                0x00000000080002d4                EXTI2_IRQHandler
                0x00000000080002d4                DebugMon_Handler
                0x00000000080002d4                SPI4_IRQHandler
                0x00000000080002d4                TIM1_CC_IRQHandler
                0x00000000080002d4                HardFault_Handler
                0x00000000080002d4                SDIO_IRQHandler
                0x00000000080002d4                TAMP_STAMP_IRQHandler
                0x00000000080002d4                PendSV_Handler
                0x00000000080002d4                NMI_Handler
                0x00000000080002d4                EXTI3_IRQHandler
                0x00000000080002d4                TIM1_UP_TIM10_IRQHandler
                0x00000000080002d4                I2C3_ER_IRQHandler
                0x00000000080002d4                EXTI18_OTG_FS_WKUP_IRQHandler
                0x00000000080002d4                EXTI0_IRQHandler
                0x00000000080002d4                I2C2_EV_IRQHandler
                0x00000000080002d4                FPU_IRQHandler
                0x00000000080002d4                UsageFault_Handler
                0x00000000080002d4                SPI1_IRQHandler
                0x00000000080002d4                TIM1_BRK_TIM9_IRQHandler
                0x00000000080002d4                USART6_IRQHandler
                0x00000000080002d4                TIM4_IRQHandler
                0x00000000080002d4                I2C1_EV_IRQHandler
                0x00000000080002d4                TIM3_IRQHandler
                0x00000000080002d4                RCC_IRQHandler
                0x00000000080002d4                Default_Handler
                0x00000000080002d4                EXTI15_10_IRQHandler
                0x00000000080002d4                ADC_IRQHandler
                0x00000000080002d4                TIM5_IRQHandler
                0x00000000080002d4                I2C3_EV_IRQHandler
                0x00000000080002d4                EXTI9_5_IRQHandler
                0x00000000080002d4                SPI2_IRQHandler
                0x00000000080002d4                MemManage_Handler
                0x00000000080002d4                SVC_Handler
                0x00000000080002d4                EXTI4_IRQHandler
                0x00000000080002d4                EXTI22_RTC_WKUP_IRQHandler
                0x00000000080002d4                TIM2_IRQHandler
                0x00000000080002d4                EXTI16_PVD_IRQHandler
                0x00000000080002d4                TIM1_TRG_COM_TIM11_IRQHandler
                0x00000000080002d4                EXTI1_IRQHandler
                0x00000000080002d4                EXTI17_RTC_Alarm_IRQHandler
                0x00000000080002d4                I2C2_ER_IRQHandler
                0x00000000080002d4                FLASH_IRQHandler
                0x00000000080002d4                BusFault_Handler
                0x00000000080002d4                USART1_IRQHandler
                0x00000000080002d4                OTG_FS_IRQHandler
                0x00000000080002d4                SPI3_IRQHandler
                0x00000000080002d4                I2C1_ER_IRQHandler
 .text.LedControl_Init
                0x00000000080002d6       0x10 G:\funixIot\introIOT\lab\My_workspace\target1\Bai6.4_Lab6\SDK_1.0.3_NUCLEO-F401RE\lib_stm\libLibraries.a(led.o)
                0x00000000080002d6                LedControl_Init
 *fill*         0x00000000080002e6        0x2 
 .text.LedControl_SetColorIndividual
                0x00000000080002e8       0xf8 G:\funixIot\introIOT\lab\My_workspace\target1\Bai6.4_Lab6\SDK_1.0.3_NUCLEO-F401RE\lib_stm\libLibraries.a(led.o)
                0x00000000080002e8                LedControl_SetColorIndividual
 .text.LEDGPIO_Config
                0x00000000080003e0       0x94 G:\funixIot\introIOT\lab\My_workspace\target1\Bai6.4_Lab6\SDK_1.0.3_NUCLEO-F401RE\lib_stm\libLibraries.a(led.o)
 .text.LEDTIM_Config
                0x0000000008000474       0xec G:\funixIot\introIOT\lab\My_workspace\target1\Bai6.4_Lab6\SDK_1.0.3_NUCLEO-F401RE\lib_stm\libLibraries.a(led.o)
 .text.SysTick_Handler
                0x0000000008000560       0x1c G:\funixIot\introIOT\lab\My_workspace\target1\Bai6.4_Lab6\SDK_1.0.3_NUCLEO-F401RE\lib_stm\libLibraries.a(timer.o)
                0x0000000008000560                SysTick_Handler
 .text.USART2_IRQHandler
                0x000000000800057c       0x50 G:\funixIot\introIOT\lab\My_workspace\target1\Bai6.4_Lab6\SDK_1.0.3_NUCLEO-F401RE\lib_stm\libLibraries.a(serial.o)
                0x000000000800057c                USART2_IRQHandler
 .text.bufIsFull
                0x00000000080005cc       0x26 G:\funixIot\introIOT\lab\My_workspace\target1\Bai6.4_Lab6\SDK_1.0.3_NUCLEO-F401RE\lib_stm\libLibraries.a(buff.o)
                0x00000000080005cc                bufIsFull
 .text.bufEnDat
                0x00000000080005f2       0x9c G:\funixIot\introIOT\lab\My_workspace\target1\Bai6.4_Lab6\SDK_1.0.3_NUCLEO-F401RE\lib_stm\libLibraries.a(buff.o)
                0x00000000080005f2                bufEnDat
 *fill*         0x000000000800068e        0x2 
 .text.SystemInit
                0x0000000008000690       0x6c G:\funixIot\introIOT\lab\My_workspace\target1\Bai6.4_Lab6\SDK_1.0.3_NUCLEO-F401RE\lib_stm\libLibraries.a(system_stm32f4xx.o)
                0x0000000008000690                SystemInit
 .text.SetSysClock
                0x00000000080006fc       0xa0 G:\funixIot\introIOT\lab\My_workspace\target1\Bai6.4_Lab6\SDK_1.0.3_NUCLEO-F401RE\lib_stm\libLibraries.a(system_stm32f4xx.o)
 .text.GPIO_Init
                0x000000000800079c      0x11c G:\funixIot\introIOT\lab\My_workspace\target1\Bai6.4_Lab6\SDK_1.0.3_NUCLEO-F401RE\lib_stm\libLibraries.a(stm32f401re_gpio.o)
                0x000000000800079c                GPIO_Init
 .text.GPIO_SetBits
                0x00000000080008b8       0x1e G:\funixIot\introIOT\lab\My_workspace\target1\Bai6.4_Lab6\SDK_1.0.3_NUCLEO-F401RE\lib_stm\libLibraries.a(stm32f401re_gpio.o)
                0x00000000080008b8                GPIO_SetBits
 .text.GPIO_ResetBits
                0x00000000080008d6       0x1e G:\funixIot\introIOT\lab\My_workspace\target1\Bai6.4_Lab6\SDK_1.0.3_NUCLEO-F401RE\lib_stm\libLibraries.a(stm32f401re_gpio.o)
                0x00000000080008d6                GPIO_ResetBits
 .text.GPIO_PinAFConfig
                0x00000000080008f4       0x92 G:\funixIot\introIOT\lab\My_workspace\target1\Bai6.4_Lab6\SDK_1.0.3_NUCLEO-F401RE\lib_stm\libLibraries.a(stm32f401re_gpio.o)
                0x00000000080008f4                GPIO_PinAFConfig
 *fill*         0x0000000008000986        0x2 
 .text.RCC_AHB1PeriphClockCmd
                0x0000000008000988       0x40 G:\funixIot\introIOT\lab\My_workspace\target1\Bai6.4_Lab6\SDK_1.0.3_NUCLEO-F401RE\lib_stm\libLibraries.a(stm32f401re_rcc.o)
                0x0000000008000988                RCC_AHB1PeriphClockCmd
 .text.RCC_APB1PeriphClockCmd
                0x00000000080009c8       0x40 G:\funixIot\introIOT\lab\My_workspace\target1\Bai6.4_Lab6\SDK_1.0.3_NUCLEO-F401RE\lib_stm\libLibraries.a(stm32f401re_rcc.o)
                0x00000000080009c8                RCC_APB1PeriphClockCmd
 .text.RCC_APB2PeriphClockCmd
                0x0000000008000a08       0x40 G:\funixIot\introIOT\lab\My_workspace\target1\Bai6.4_Lab6\SDK_1.0.3_NUCLEO-F401RE\lib_stm\libLibraries.a(stm32f401re_rcc.o)
                0x0000000008000a08                RCC_APB2PeriphClockCmd
 .text.TIM_TimeBaseInit
                0x0000000008000a48       0xd8 G:\funixIot\introIOT\lab\My_workspace\target1\Bai6.4_Lab6\SDK_1.0.3_NUCLEO-F401RE\lib_stm\libLibraries.a(stm32f401re_tim.o)
                0x0000000008000a48                TIM_TimeBaseInit
 .text.TIM_Cmd  0x0000000008000b20       0x40 G:\funixIot\introIOT\lab\My_workspace\target1\Bai6.4_Lab6\SDK_1.0.3_NUCLEO-F401RE\lib_stm\libLibraries.a(stm32f401re_tim.o)
                0x0000000008000b20                TIM_Cmd
 .text.TIM_OC1Init
                0x0000000008000b60       0xf4 G:\funixIot\introIOT\lab\My_workspace\target1\Bai6.4_Lab6\SDK_1.0.3_NUCLEO-F401RE\lib_stm\libLibraries.a(stm32f401re_tim.o)
                0x0000000008000b60                TIM_OC1Init
 .text.TIM_OC2Init
                0x0000000008000c54      0x110 G:\funixIot\introIOT\lab\My_workspace\target1\Bai6.4_Lab6\SDK_1.0.3_NUCLEO-F401RE\lib_stm\libLibraries.a(stm32f401re_tim.o)
                0x0000000008000c54                TIM_OC2Init
 .text.TIM_OC3Init
                0x0000000008000d64      0x10c G:\funixIot\introIOT\lab\My_workspace\target1\Bai6.4_Lab6\SDK_1.0.3_NUCLEO-F401RE\lib_stm\libLibraries.a(stm32f401re_tim.o)
                0x0000000008000d64                TIM_OC3Init
 .text.TIM_OC4Init
                0x0000000008000e70       0xd0 G:\funixIot\introIOT\lab\My_workspace\target1\Bai6.4_Lab6\SDK_1.0.3_NUCLEO-F401RE\lib_stm\libLibraries.a(stm32f401re_tim.o)
                0x0000000008000e70                TIM_OC4Init
 .text.TIM_SetCompare1
                0x0000000008000f40       0x1c G:\funixIot\introIOT\lab\My_workspace\target1\Bai6.4_Lab6\SDK_1.0.3_NUCLEO-F401RE\lib_stm\libLibraries.a(stm32f401re_tim.o)
                0x0000000008000f40                TIM_SetCompare1
 .text.TIM_SetCompare2
                0x0000000008000f5c       0x1c G:\funixIot\introIOT\lab\My_workspace\target1\Bai6.4_Lab6\SDK_1.0.3_NUCLEO-F401RE\lib_stm\libLibraries.a(stm32f401re_tim.o)
                0x0000000008000f5c                TIM_SetCompare2
 .text.TIM_SetCompare3
                0x0000000008000f78       0x1c G:\funixIot\introIOT\lab\My_workspace\target1\Bai6.4_Lab6\SDK_1.0.3_NUCLEO-F401RE\lib_stm\libLibraries.a(stm32f401re_tim.o)
                0x0000000008000f78                TIM_SetCompare3
 .text.TIM_SetCompare4
                0x0000000008000f94       0x1c G:\funixIot\introIOT\lab\My_workspace\target1\Bai6.4_Lab6\SDK_1.0.3_NUCLEO-F401RE\lib_stm\libLibraries.a(stm32f401re_tim.o)
                0x0000000008000f94                TIM_SetCompare4
 .text.TIM_CtrlPWMOutputs
                0x0000000008000fb0       0x4c G:\funixIot\introIOT\lab\My_workspace\target1\Bai6.4_Lab6\SDK_1.0.3_NUCLEO-F401RE\lib_stm\libLibraries.a(stm32f401re_tim.o)
                0x0000000008000fb0                TIM_CtrlPWMOutputs
 .text.USART_ReceiveData
                0x0000000008000ffc       0x20 G:\funixIot\introIOT\lab\My_workspace\target1\Bai6.4_Lab6\SDK_1.0.3_NUCLEO-F401RE\lib_stm\libLibraries.a(stm32f401re_usart.o)
                0x0000000008000ffc                USART_ReceiveData
 .text.USART_GetITStatus
                0x000000000800101c       0xb6 G:\funixIot\introIOT\lab\My_workspace\target1\Bai6.4_Lab6\SDK_1.0.3_NUCLEO-F401RE\lib_stm\libLibraries.a(stm32f401re_usart.o)
                0x000000000800101c                USART_GetITStatus
 .text.USART_ClearITPendingBit
                0x00000000080010d2       0x3a G:\funixIot\introIOT\lab\My_workspace\target1\Bai6.4_Lab6\SDK_1.0.3_NUCLEO-F401RE\lib_stm\libLibraries.a(stm32f401re_usart.o)
                0x00000000080010d2                USART_ClearITPendingBit
 .text.__libc_init_array
                0x000000000800110c       0x48 c:/st/stm32cubeide_1.8.0/stm32cubeide/plugins/com.st.stm32cube.ide.mcu.externaltools.gnu-tools-for-stm32.9-2020-q2-update.win32_2.0.0.202105311346/tools/bin/../lib/gcc/arm-none-eabi/9.3.1/../../../../arm-none-eabi/lib/thumb/v7e-m+fp/hard\libc_nano.a(lib_a-init.o)
                0x000000000800110c                __libc_init_array
 *(.glue_7)
 .glue_7        0x0000000008001154        0x0 linker stubs
 *(.glue_7t)
 .glue_7t       0x0000000008001154        0x0 linker stubs
 *(.eh_frame)
 .eh_frame      0x0000000008001154        0x0 c:/st/stm32cubeide_1.8.0/stm32cubeide/plugins/com.st.stm32cube.ide.mcu.externaltools.gnu-tools-for-stm32.9-2020-q2-update.win32_2.0.0.202105311346/tools/bin/../lib/gcc/arm-none-eabi/9.3.1/thumb/v7e-m+fp/hard/crtbegin.o
 *(.init)
 .init          0x0000000008001154        0x4 c:/st/stm32cubeide_1.8.0/stm32cubeide/plugins/com.st.stm32cube.ide.mcu.externaltools.gnu-tools-for-stm32.9-2020-q2-update.win32_2.0.0.202105311346/tools/bin/../lib/gcc/arm-none-eabi/9.3.1/thumb/v7e-m+fp/hard/crti.o
                0x0000000008001154                _init
 .init          0x0000000008001158        0x8 c:/st/stm32cubeide_1.8.0/stm32cubeide/plugins/com.st.stm32cube.ide.mcu.externaltools.gnu-tools-for-stm32.9-2020-q2-update.win32_2.0.0.202105311346/tools/bin/../lib/gcc/arm-none-eabi/9.3.1/thumb/v7e-m+fp/hard/crtn.o
 *(.fini)
 .fini          0x0000000008001160        0x4 c:/st/stm32cubeide_1.8.0/stm32cubeide/plugins/com.st.stm32cube.ide.mcu.externaltools.gnu-tools-for-stm32.9-2020-q2-update.win32_2.0.0.202105311346/tools/bin/../lib/gcc/arm-none-eabi/9.3.1/thumb/v7e-m+fp/hard/crti.o
                0x0000000008001160                _fini
 .fini          0x0000000008001164        0x8 c:/st/stm32cubeide_1.8.0/stm32cubeide/plugins/com.st.stm32cube.ide.mcu.externaltools.gnu-tools-for-stm32.9-2020-q2-update.win32_2.0.0.202105311346/tools/bin/../lib/gcc/arm-none-eabi/9.3.1/thumb/v7e-m+fp/hard/crtn.o
                0x000000000800116c                . = ALIGN (0x4)
                0x000000000800116c                _etext = .

.vfp11_veneer   0x000000000800116c        0x0
 .vfp11_veneer  0x000000000800116c        0x0 linker stubs

.v4_bx          0x000000000800116c        0x0
 .v4_bx         0x000000000800116c        0x0 linker stubs

.iplt           0x000000000800116c        0x0
 .iplt          0x000000000800116c        0x0 c:/st/stm32cubeide_1.8.0/stm32cubeide/plugins/com.st.stm32cube.ide.mcu.externaltools.gnu-tools-for-stm32.9-2020-q2-update.win32_2.0.0.202105311346/tools/bin/../lib/gcc/arm-none-eabi/9.3.1/thumb/v7e-m+fp/hard/crtbegin.o

.rel.dyn        0x000000000800116c        0x0
 .rel.iplt      0x000000000800116c        0x0 c:/st/stm32cubeide_1.8.0/stm32cubeide/plugins/com.st.stm32cube.ide.mcu.externaltools.gnu-tools-for-stm32.9-2020-q2-update.win32_2.0.0.202105311346/tools/bin/../lib/gcc/arm-none-eabi/9.3.1/thumb/v7e-m+fp/hard/crtbegin.o

.rodata         0x000000000800116c        0x0
                0x000000000800116c                . = ALIGN (0x4)
 *(.rodata)
 *(.rodata*)
                0x000000000800116c                . = ALIGN (0x4)

.ARM.extab      0x000000000800116c        0x0
                0x000000000800116c                . = ALIGN (0x4)
 *(.ARM.extab* .gnu.linkonce.armextab.*)
                0x000000000800116c                . = ALIGN (0x4)

.ARM            0x000000000800116c        0x0
                0x000000000800116c                . = ALIGN (0x4)
                0x000000000800116c                __exidx_start = .
 *(.ARM.exidx*)
                0x000000000800116c                __exidx_end = .
                0x000000000800116c                . = ALIGN (0x4)

.preinit_array  0x000000000800116c        0x0
                0x000000000800116c                . = ALIGN (0x4)
                0x000000000800116c                PROVIDE (__preinit_array_start = .)
 *(.preinit_array*)
                0x000000000800116c                PROVIDE (__preinit_array_end = .)
                0x000000000800116c                . = ALIGN (0x4)

.init_array     0x000000000800116c        0x4
                0x000000000800116c                . = ALIGN (0x4)
                0x000000000800116c                PROVIDE (__init_array_start = .)
 *(SORT_BY_NAME(.init_array.*))
 *(.init_array*)
 .init_array    0x000000000800116c        0x4 c:/st/stm32cubeide_1.8.0/stm32cubeide/plugins/com.st.stm32cube.ide.mcu.externaltools.gnu-tools-for-stm32.9-2020-q2-update.win32_2.0.0.202105311346/tools/bin/../lib/gcc/arm-none-eabi/9.3.1/thumb/v7e-m+fp/hard/crtbegin.o
                0x0000000008001170                PROVIDE (__init_array_end = .)
                0x0000000008001170                . = ALIGN (0x4)

.fini_array     0x0000000008001170        0x4
                0x0000000008001170                . = ALIGN (0x4)
                [!provide]                        PROVIDE (__fini_array_start = .)
 *(SORT_BY_NAME(.fini_array.*))
 *(.fini_array*)
 .fini_array    0x0000000008001170        0x4 c:/st/stm32cubeide_1.8.0/stm32cubeide/plugins/com.st.stm32cube.ide.mcu.externaltools.gnu-tools-for-stm32.9-2020-q2-update.win32_2.0.0.202105311346/tools/bin/../lib/gcc/arm-none-eabi/9.3.1/thumb/v7e-m+fp/hard/crtbegin.o
                [!provide]                        PROVIDE (__fini_array_end = .)
                0x0000000008001174                . = ALIGN (0x4)
                0x0000000008001174                _sidata = LOADADDR (.data)

.data           0x0000000020000000        0x4 load address 0x0000000008001174
                0x0000000020000000                . = ALIGN (0x4)
                0x0000000020000000                _sdata = .
 *(.data)
 *(.data*)
 .data.SystemCoreClock
                0x0000000020000000        0x4 G:\funixIot\introIOT\lab\My_workspace\target1\Bai6.4_Lab6\SDK_1.0.3_NUCLEO-F401RE\lib_stm\libLibraries.a(system_stm32f4xx.o)
                0x0000000020000000                SystemCoreClock
 *(.RamFunc)
 *(.RamFunc*)
                0x0000000020000004                . = ALIGN (0x4)
                0x0000000020000004                _edata = .

.igot.plt       0x0000000020000004        0x0 load address 0x0000000008001178
 .igot.plt      0x0000000020000004        0x0 c:/st/stm32cubeide_1.8.0/stm32cubeide/plugins/com.st.stm32cube.ide.mcu.externaltools.gnu-tools-for-stm32.9-2020-q2-update.win32_2.0.0.202105311346/tools/bin/../lib/gcc/arm-none-eabi/9.3.1/thumb/v7e-m+fp/hard/crtbegin.o
                0x0000000020000004                . = ALIGN (0x4)

.bss            0x0000000020000004       0x2c load address 0x0000000008001178
                0x0000000020000004                _sbss = .
                0x0000000020000004                __bss_start__ = _sbss
 *(.bss)
 .bss           0x0000000020000004       0x1c c:/st/stm32cubeide_1.8.0/stm32cubeide/plugins/com.st.stm32cube.ide.mcu.externaltools.gnu-tools-for-stm32.9-2020-q2-update.win32_2.0.0.202105311346/tools/bin/../lib/gcc/arm-none-eabi/9.3.1/thumb/v7e-m+fp/hard/crtbegin.o
 *(.bss*)
 .bss.g_brightnessLed
                0x0000000020000020        0x1 G:\funixIot\introIOT\lab\My_workspace\target1\Bai6.4_Lab6\SDK_1.0.3_NUCLEO-F401RE\lib_stm\libLibraries.a(led.o)
 *fill*         0x0000000020000021        0x3 
 .bss.g_wMilSecTickTimer
                0x0000000020000024        0x4 G:\funixIot\introIOT\lab\My_workspace\target1\Bai6.4_Lab6\SDK_1.0.3_NUCLEO-F401RE\lib_stm\libLibraries.a(timer.o)
 .bss.g_pUartQueueRx
                0x0000000020000028        0x8 G:\funixIot\introIOT\lab\My_workspace\target1\Bai6.4_Lab6\SDK_1.0.3_NUCLEO-F401RE\lib_stm\libLibraries.a(serial.o)
 *(COMMON)
                0x0000000020000030                . = ALIGN (0x4)
                0x0000000020000030                _ebss = .
                0x0000000020000030                __bss_end__ = _ebss

._user_heap_stack
                0x0000000020000030      0x600 load address 0x0000000008001178
                0x0000000020000030                . = ALIGN (0x8)
                [!provide]                        PROVIDE (end = .)
                0x0000000020000030                PROVIDE (_end = .)
                0x0000000020000230                . = (. + _Min_Heap_Size)
 *fill*         0x0000000020000030      0x200 
                0x0000000020000630                . = (. + _Min_Stack_Size)
 *fill*         0x0000000020000230      0x400 
                0x0000000020000630                . = ALIGN (0x8)

/DISCARD/
 libc.a(*)
 libm.a(*)
 libgcc.a(*)

.ARM.attributes
                0x0000000000000000       0x30
 *(.ARM.attributes)
 .ARM.attributes
                0x0000000000000000       0x1e c:/st/stm32cubeide_1.8.0/stm32cubeide/plugins/com.st.stm32cube.ide.mcu.externaltools.gnu-tools-for-stm32.9-2020-q2-update.win32_2.0.0.202105311346/tools/bin/../lib/gcc/arm-none-eabi/9.3.1/thumb/v7e-m+fp/hard/crti.o
 .ARM.attributes
                0x000000000000001e       0x34 c:/st/stm32cubeide_1.8.0/stm32cubeide/plugins/com.st.stm32cube.ide.mcu.externaltools.gnu-tools-for-stm32.9-2020-q2-update.win32_2.0.0.202105311346/tools/bin/../lib/gcc/arm-none-eabi/9.3.1/thumb/v7e-m+fp/hard/crtbegin.o
 .ARM.attributes
                0x0000000000000052       0x34 ./Src/main.o
 .ARM.attributes
                0x0000000000000086       0x21 ./Startup/startup_stm32f401retx.o
 .ARM.attributes
                0x00000000000000a7       0x39 G:\funixIot\introIOT\lab\My_workspace\target1\Bai6.4_Lab6\SDK_1.0.3_NUCLEO-F401RE\lib_stm\libLibraries.a(led.o)
 .ARM.attributes
                0x00000000000000e0       0x39 G:\funixIot\introIOT\lab\My_workspace\target1\Bai6.4_Lab6\SDK_1.0.3_NUCLEO-F401RE\lib_stm\libLibraries.a(timer.o)
 .ARM.attributes
                0x0000000000000119       0x39 G:\funixIot\introIOT\lab\My_workspace\target1\Bai6.4_Lab6\SDK_1.0.3_NUCLEO-F401RE\lib_stm\libLibraries.a(serial.o)
 .ARM.attributes
                0x0000000000000152       0x39 G:\funixIot\introIOT\lab\My_workspace\target1\Bai6.4_Lab6\SDK_1.0.3_NUCLEO-F401RE\lib_stm\libLibraries.a(buff.o)
 .ARM.attributes
                0x000000000000018b       0x39 G:\funixIot\introIOT\lab\My_workspace\target1\Bai6.4_Lab6\SDK_1.0.3_NUCLEO-F401RE\lib_stm\libLibraries.a(system_stm32f4xx.o)
 .ARM.attributes
                0x00000000000001c4       0x39 G:\funixIot\introIOT\lab\My_workspace\target1\Bai6.4_Lab6\SDK_1.0.3_NUCLEO-F401RE\lib_stm\libLibraries.a(stm32f401re_gpio.o)
 .ARM.attributes
                0x00000000000001fd       0x39 G:\funixIot\introIOT\lab\My_workspace\target1\Bai6.4_Lab6\SDK_1.0.3_NUCLEO-F401RE\lib_stm\libLibraries.a(stm32f401re_rcc.o)
 .ARM.attributes
                0x0000000000000236       0x39 G:\funixIot\introIOT\lab\My_workspace\target1\Bai6.4_Lab6\SDK_1.0.3_NUCLEO-F401RE\lib_stm\libLibraries.a(stm32f401re_tim.o)
 .ARM.attributes
                0x000000000000026f       0x39 G:\funixIot\introIOT\lab\My_workspace\target1\Bai6.4_Lab6\SDK_1.0.3_NUCLEO-F401RE\lib_stm\libLibraries.a(stm32f401re_usart.o)
 .ARM.attributes
                0x00000000000002a8       0x34 c:/st/stm32cubeide_1.8.0/stm32cubeide/plugins/com.st.stm32cube.ide.mcu.externaltools.gnu-tools-for-stm32.9-2020-q2-update.win32_2.0.0.202105311346/tools/bin/../lib/gcc/arm-none-eabi/9.3.1/../../../../arm-none-eabi/lib/thumb/v7e-m+fp/hard\libc_nano.a(lib_a-init.o)
 .ARM.attributes
                0x00000000000002dc       0x1e c:/st/stm32cubeide_1.8.0/stm32cubeide/plugins/com.st.stm32cube.ide.mcu.externaltools.gnu-tools-for-stm32.9-2020-q2-update.win32_2.0.0.202105311346/tools/bin/../lib/gcc/arm-none-eabi/9.3.1/thumb/v7e-m+fp/hard/crtn.o
OUTPUT(Bai6.4_Lab6.elf elf32-littlearm)
LOAD linker stubs
LOAD c:/st/stm32cubeide_1.8.0/stm32cubeide/plugins/com.st.stm32cube.ide.mcu.externaltools.gnu-tools-for-stm32.9-2020-q2-update.win32_2.0.0.202105311346/tools/bin/../lib/gcc/arm-none-eabi/9.3.1/../../../../arm-none-eabi/lib/thumb/v7e-m+fp/hard\libc.a
LOAD c:/st/stm32cubeide_1.8.0/stm32cubeide/plugins/com.st.stm32cube.ide.mcu.externaltools.gnu-tools-for-stm32.9-2020-q2-update.win32_2.0.0.202105311346/tools/bin/../lib/gcc/arm-none-eabi/9.3.1/../../../../arm-none-eabi/lib/thumb/v7e-m+fp/hard\libm.a
LOAD c:/st/stm32cubeide_1.8.0/stm32cubeide/plugins/com.st.stm32cube.ide.mcu.externaltools.gnu-tools-for-stm32.9-2020-q2-update.win32_2.0.0.202105311346/tools/bin/../lib/gcc/arm-none-eabi/9.3.1/thumb/v7e-m+fp/hard\libgcc.a

.debug_info     0x0000000000000000     0x6b16
 .debug_info    0x0000000000000000      0xa49 ./Src/main.o
 .debug_info    0x0000000000000a49       0x22 ./Startup/startup_stm32f401retx.o
 .debug_info    0x0000000000000a6b      0x9b4 G:\funixIot\introIOT\lab\My_workspace\target1\Bai6.4_Lab6\SDK_1.0.3_NUCLEO-F401RE\lib_stm\libLibraries.a(led.o)
 .debug_info    0x000000000000141f      0x922 G:\funixIot\introIOT\lab\My_workspace\target1\Bai6.4_Lab6\SDK_1.0.3_NUCLEO-F401RE\lib_stm\libLibraries.a(timer.o)
 .debug_info    0x0000000000001d41      0xb11 G:\funixIot\introIOT\lab\My_workspace\target1\Bai6.4_Lab6\SDK_1.0.3_NUCLEO-F401RE\lib_stm\libLibraries.a(serial.o)
 .debug_info    0x0000000000002852      0x339 G:\funixIot\introIOT\lab\My_workspace\target1\Bai6.4_Lab6\SDK_1.0.3_NUCLEO-F401RE\lib_stm\libLibraries.a(buff.o)
 .debug_info    0x0000000000002b8b      0x5bb G:\funixIot\introIOT\lab\My_workspace\target1\Bai6.4_Lab6\SDK_1.0.3_NUCLEO-F401RE\lib_stm\libLibraries.a(system_stm32f4xx.o)
 .debug_info    0x0000000000003146      0x62b G:\funixIot\introIOT\lab\My_workspace\target1\Bai6.4_Lab6\SDK_1.0.3_NUCLEO-F401RE\lib_stm\libLibraries.a(stm32f401re_gpio.o)
 .debug_info    0x0000000000003771      0xd5e G:\funixIot\introIOT\lab\My_workspace\target1\Bai6.4_Lab6\SDK_1.0.3_NUCLEO-F401RE\lib_stm\libLibraries.a(stm32f401re_rcc.o)
 .debug_info    0x00000000000044cf     0x1c73 G:\funixIot\introIOT\lab\My_workspace\target1\Bai6.4_Lab6\SDK_1.0.3_NUCLEO-F401RE\lib_stm\libLibraries.a(stm32f401re_tim.o)
 .debug_info    0x0000000000006142      0x9d4 G:\funixIot\introIOT\lab\My_workspace\target1\Bai6.4_Lab6\SDK_1.0.3_NUCLEO-F401RE\lib_stm\libLibraries.a(stm32f401re_usart.o)

.debug_abbrev   0x0000000000000000     0x1291
 .debug_abbrev  0x0000000000000000      0x204 ./Src/main.o
 .debug_abbrev  0x0000000000000204       0x12 ./Startup/startup_stm32f401retx.o
 .debug_abbrev  0x0000000000000216      0x20c G:\funixIot\introIOT\lab\My_workspace\target1\Bai6.4_Lab6\SDK_1.0.3_NUCLEO-F401RE\lib_stm\libLibraries.a(led.o)
 .debug_abbrev  0x0000000000000422      0x29a G:\funixIot\introIOT\lab\My_workspace\target1\Bai6.4_Lab6\SDK_1.0.3_NUCLEO-F401RE\lib_stm\libLibraries.a(timer.o)
 .debug_abbrev  0x00000000000006bc      0x2ba G:\funixIot\introIOT\lab\My_workspace\target1\Bai6.4_Lab6\SDK_1.0.3_NUCLEO-F401RE\lib_stm\libLibraries.a(serial.o)
 .debug_abbrev  0x0000000000000976      0x12a G:\funixIot\introIOT\lab\My_workspace\target1\Bai6.4_Lab6\SDK_1.0.3_NUCLEO-F401RE\lib_stm\libLibraries.a(buff.o)
 .debug_abbrev  0x0000000000000aa0      0x138 G:\funixIot\introIOT\lab\My_workspace\target1\Bai6.4_Lab6\SDK_1.0.3_NUCLEO-F401RE\lib_stm\libLibraries.a(system_stm32f4xx.o)
 .debug_abbrev  0x0000000000000bd8      0x1bf G:\funixIot\introIOT\lab\My_workspace\target1\Bai6.4_Lab6\SDK_1.0.3_NUCLEO-F401RE\lib_stm\libLibraries.a(stm32f401re_gpio.o)
 .debug_abbrev  0x0000000000000d97      0x1d4 G:\funixIot\introIOT\lab\My_workspace\target1\Bai6.4_Lab6\SDK_1.0.3_NUCLEO-F401RE\lib_stm\libLibraries.a(stm32f401re_rcc.o)
 .debug_abbrev  0x0000000000000f6b      0x19f G:\funixIot\introIOT\lab\My_workspace\target1\Bai6.4_Lab6\SDK_1.0.3_NUCLEO-F401RE\lib_stm\libLibraries.a(stm32f401re_tim.o)
 .debug_abbrev  0x000000000000110a      0x187 G:\funixIot\introIOT\lab\My_workspace\target1\Bai6.4_Lab6\SDK_1.0.3_NUCLEO-F401RE\lib_stm\libLibraries.a(stm32f401re_usart.o)

.debug_aranges  0x0000000000000000      0x858
 .debug_aranges
                0x0000000000000000       0x30 ./Src/main.o
 .debug_aranges
                0x0000000000000030       0x28 ./Startup/startup_stm32f401retx.o
 .debug_aranges
                0x0000000000000058       0x78 G:\funixIot\introIOT\lab\My_workspace\target1\Bai6.4_Lab6\SDK_1.0.3_NUCLEO-F401RE\lib_stm\libLibraries.a(led.o)
 .debug_aranges
                0x00000000000000d0       0x70 G:\funixIot\introIOT\lab\My_workspace\target1\Bai6.4_Lab6\SDK_1.0.3_NUCLEO-F401RE\lib_stm\libLibraries.a(timer.o)
 .debug_aranges
                0x0000000000000140       0x80 G:\funixIot\introIOT\lab\My_workspace\target1\Bai6.4_Lab6\SDK_1.0.3_NUCLEO-F401RE\lib_stm\libLibraries.a(serial.o)
 .debug_aranges
                0x00000000000001c0       0x50 G:\funixIot\introIOT\lab\My_workspace\target1\Bai6.4_Lab6\SDK_1.0.3_NUCLEO-F401RE\lib_stm\libLibraries.a(buff.o)
 .debug_aranges
                0x0000000000000210       0x30 G:\funixIot\introIOT\lab\My_workspace\target1\Bai6.4_Lab6\SDK_1.0.3_NUCLEO-F401RE\lib_stm\libLibraries.a(system_stm32f4xx.o)
 .debug_aranges
                0x0000000000000240       0x88 G:\funixIot\introIOT\lab\My_workspace\target1\Bai6.4_Lab6\SDK_1.0.3_NUCLEO-F401RE\lib_stm\libLibraries.a(stm32f401re_gpio.o)
 .debug_aranges
                0x00000000000002c8      0x198 G:\funixIot\introIOT\lab\My_workspace\target1\Bai6.4_Lab6\SDK_1.0.3_NUCLEO-F401RE\lib_stm\libLibraries.a(stm32f401re_rcc.o)
 .debug_aranges
                0x0000000000000460      0x2f8 G:\funixIot\introIOT\lab\My_workspace\target1\Bai6.4_Lab6\SDK_1.0.3_NUCLEO-F401RE\lib_stm\libLibraries.a(stm32f401re_tim.o)
 .debug_aranges
                0x0000000000000758      0x100 G:\funixIot\introIOT\lab\My_workspace\target1\Bai6.4_Lab6\SDK_1.0.3_NUCLEO-F401RE\lib_stm\libLibraries.a(stm32f401re_usart.o)

.debug_ranges   0x0000000000000000      0x7b0
 .debug_ranges  0x0000000000000000       0x20 ./Src/main.o
 .debug_ranges  0x0000000000000020       0x20 ./Startup/startup_stm32f401retx.o
 .debug_ranges  0x0000000000000040       0x68 G:\funixIot\introIOT\lab\My_workspace\target1\Bai6.4_Lab6\SDK_1.0.3_NUCLEO-F401RE\lib_stm\libLibraries.a(led.o)
 .debug_ranges  0x00000000000000a8       0x60 G:\funixIot\introIOT\lab\My_workspace\target1\Bai6.4_Lab6\SDK_1.0.3_NUCLEO-F401RE\lib_stm\libLibraries.a(timer.o)
 .debug_ranges  0x0000000000000108       0x70 G:\funixIot\introIOT\lab\My_workspace\target1\Bai6.4_Lab6\SDK_1.0.3_NUCLEO-F401RE\lib_stm\libLibraries.a(serial.o)
 .debug_ranges  0x0000000000000178       0x40 G:\funixIot\introIOT\lab\My_workspace\target1\Bai6.4_Lab6\SDK_1.0.3_NUCLEO-F401RE\lib_stm\libLibraries.a(buff.o)
 .debug_ranges  0x00000000000001b8       0x20 G:\funixIot\introIOT\lab\My_workspace\target1\Bai6.4_Lab6\SDK_1.0.3_NUCLEO-F401RE\lib_stm\libLibraries.a(system_stm32f4xx.o)
 .debug_ranges  0x00000000000001d8       0x78 G:\funixIot\introIOT\lab\My_workspace\target1\Bai6.4_Lab6\SDK_1.0.3_NUCLEO-F401RE\lib_stm\libLibraries.a(stm32f401re_gpio.o)
 .debug_ranges  0x0000000000000250      0x188 G:\funixIot\introIOT\lab\My_workspace\target1\Bai6.4_Lab6\SDK_1.0.3_NUCLEO-F401RE\lib_stm\libLibraries.a(stm32f401re_rcc.o)
 .debug_ranges  0x00000000000003d8      0x2e8 G:\funixIot\introIOT\lab\My_workspace\target1\Bai6.4_Lab6\SDK_1.0.3_NUCLEO-F401RE\lib_stm\libLibraries.a(stm32f401re_tim.o)
 .debug_ranges  0x00000000000006c0       0xf0 G:\funixIot\introIOT\lab\My_workspace\target1\Bai6.4_Lab6\SDK_1.0.3_NUCLEO-F401RE\lib_stm\libLibraries.a(stm32f401re_usart.o)

.debug_macro    0x0000000000000000     0xea1f
 .debug_macro   0x0000000000000000      0x1d0 ./Src/main.o
 .debug_macro   0x00000000000001d0      0xab4 ./Src/main.o
 .debug_macro   0x0000000000000c84       0x22 ./Src/main.o
 .debug_macro   0x0000000000000ca6       0x8e ./Src/main.o
 .debug_macro   0x0000000000000d34       0x51 ./Src/main.o
 .debug_macro   0x0000000000000d85      0x103 ./Src/main.o
 .debug_macro   0x0000000000000e88       0x6a ./Src/main.o
 .debug_macro   0x0000000000000ef2      0x1df ./Src/main.o
 .debug_macro   0x00000000000010d1       0x88 ./Src/main.o
 .debug_macro   0x0000000000001159       0x52 ./Src/main.o
 .debug_macro   0x00000000000011ab       0x18 ./Src/main.o
 .debug_macro   0x00000000000011c3       0x3c ./Src/main.o
 .debug_macro   0x00000000000011ff       0x34 ./Src/main.o
 .debug_macro   0x0000000000001233       0x16 ./Src/main.o
 .debug_macro   0x0000000000001249       0x97 ./Src/main.o
 .debug_macro   0x00000000000012e0      0x339 ./Src/main.o
 .debug_macro   0x0000000000001619       0xfd ./Src/main.o
 .debug_macro   0x0000000000001716       0x10 ./Src/main.o
 .debug_macro   0x0000000000001726       0x16 ./Src/main.o
 .debug_macro   0x000000000000173c       0x43 ./Src/main.o
 .debug_macro   0x000000000000177f       0x34 ./Src/main.o
 .debug_macro   0x00000000000017b3       0x10 ./Src/main.o
 .debug_macro   0x00000000000017c3       0x58 ./Src/main.o
 .debug_macro   0x000000000000181b       0x71 ./Src/main.o
 .debug_macro   0x000000000000188c       0x1c ./Src/main.o
 .debug_macro   0x00000000000018a8      0x12a ./Src/main.o
 .debug_macro   0x00000000000019d2       0x10 ./Src/main.o
 .debug_macro   0x00000000000019e2       0x1c ./Src/main.o
 .debug_macro   0x00000000000019fe       0x52 ./Src/main.o
 .debug_macro   0x0000000000001a50       0x22 ./Src/main.o
 .debug_macro   0x0000000000001a72       0x10 ./Src/main.o
 .debug_macro   0x0000000000001a82       0x40 ./Src/main.o
 .debug_macro   0x0000000000001ac2       0xd5 ./Src/main.o
 .debug_macro   0x0000000000001b97       0x1c ./Src/main.o
 .debug_macro   0x0000000000001bb3       0x3d ./Src/main.o
 .debug_macro   0x0000000000001bf0       0x16 ./Src/main.o
 .debug_macro   0x0000000000001c06      0x145 ./Src/main.o
 .debug_macro   0x0000000000001d4b       0xec G:\funixIot\introIOT\lab\My_workspace\target1\Bai6.4_Lab6\SDK_1.0.3_NUCLEO-F401RE\lib_stm\libLibraries.a(led.o)
 .debug_macro   0x0000000000001e37      0xa66 G:\funixIot\introIOT\lab\My_workspace\target1\Bai6.4_Lab6\SDK_1.0.3_NUCLEO-F401RE\lib_stm\libLibraries.a(led.o)
 .debug_macro   0x000000000000289d       0x22 G:\funixIot\introIOT\lab\My_workspace\target1\Bai6.4_Lab6\SDK_1.0.3_NUCLEO-F401RE\lib_stm\libLibraries.a(led.o)
 .debug_macro   0x00000000000028bf       0xef G:\funixIot\introIOT\lab\My_workspace\target1\Bai6.4_Lab6\SDK_1.0.3_NUCLEO-F401RE\lib_stm\libLibraries.a(led.o)
 .debug_macro   0x00000000000029ae       0x82 G:\funixIot\introIOT\lab\My_workspace\target1\Bai6.4_Lab6\SDK_1.0.3_NUCLEO-F401RE\lib_stm\libLibraries.a(led.o)
 .debug_macro   0x0000000000002a30       0x22 G:\funixIot\introIOT\lab\My_workspace\target1\Bai6.4_Lab6\SDK_1.0.3_NUCLEO-F401RE\lib_stm\libLibraries.a(led.o)
 .debug_macro   0x0000000000002a52      0x170 G:\funixIot\introIOT\lab\My_workspace\target1\Bai6.4_Lab6\SDK_1.0.3_NUCLEO-F401RE\lib_stm\libLibraries.a(led.o)
 .debug_macro   0x0000000000002bc2       0x6b G:\funixIot\introIOT\lab\My_workspace\target1\Bai6.4_Lab6\SDK_1.0.3_NUCLEO-F401RE\lib_stm\libLibraries.a(led.o)
 .debug_macro   0x0000000000002c2d       0x3b G:\funixIot\introIOT\lab\My_workspace\target1\Bai6.4_Lab6\SDK_1.0.3_NUCLEO-F401RE\lib_stm\libLibraries.a(led.o)
 .debug_macro   0x0000000000002c68       0x34 G:\funixIot\introIOT\lab\My_workspace\target1\Bai6.4_Lab6\SDK_1.0.3_NUCLEO-F401RE\lib_stm\libLibraries.a(led.o)
 .debug_macro   0x0000000000002c9c       0x26 G:\funixIot\introIOT\lab\My_workspace\target1\Bai6.4_Lab6\SDK_1.0.3_NUCLEO-F401RE\lib_stm\libLibraries.a(led.o)
 .debug_macro   0x0000000000002cc2      0xe43 G:\funixIot\introIOT\lab\My_workspace\target1\Bai6.4_Lab6\SDK_1.0.3_NUCLEO-F401RE\lib_stm\libLibraries.a(led.o)
 .debug_macro   0x0000000000003b05     0x8018 G:\funixIot\introIOT\lab\My_workspace\target1\Bai6.4_Lab6\SDK_1.0.3_NUCLEO-F401RE\lib_stm\libLibraries.a(led.o)
 .debug_macro   0x000000000000bb1d      0x644 G:\funixIot\introIOT\lab\My_workspace\target1\Bai6.4_Lab6\SDK_1.0.3_NUCLEO-F401RE\lib_stm\libLibraries.a(led.o)
 .debug_macro   0x000000000000c161      0x2f4 G:\funixIot\introIOT\lab\My_workspace\target1\Bai6.4_Lab6\SDK_1.0.3_NUCLEO-F401RE\lib_stm\libLibraries.a(led.o)
 .debug_macro   0x000000000000c455      0x741 G:\funixIot\introIOT\lab\My_workspace\target1\Bai6.4_Lab6\SDK_1.0.3_NUCLEO-F401RE\lib_stm\libLibraries.a(led.o)
 .debug_macro   0x000000000000cb96       0xe3 G:\funixIot\introIOT\lab\My_workspace\target1\Bai6.4_Lab6\SDK_1.0.3_NUCLEO-F401RE\lib_stm\libLibraries.a(timer.o)
 .debug_macro   0x000000000000cc79       0x1c G:\funixIot\introIOT\lab\My_workspace\target1\Bai6.4_Lab6\SDK_1.0.3_NUCLEO-F401RE\lib_stm\libLibraries.a(timer.o)
 .debug_macro   0x000000000000cc95       0x16 G:\funixIot\introIOT\lab\My_workspace\target1\Bai6.4_Lab6\SDK_1.0.3_NUCLEO-F401RE\lib_stm\libLibraries.a(timer.o)
 .debug_macro   0x000000000000ccab      0x10a G:\funixIot\introIOT\lab\My_workspace\target1\Bai6.4_Lab6\SDK_1.0.3_NUCLEO-F401RE\lib_stm\libLibraries.a(serial.o)
 .debug_macro   0x000000000000cdb5      0x16a G:\funixIot\introIOT\lab\My_workspace\target1\Bai6.4_Lab6\SDK_1.0.3_NUCLEO-F401RE\lib_stm\libLibraries.a(serial.o)
 .debug_macro   0x000000000000cf1f       0x1c G:\funixIot\introIOT\lab\My_workspace\target1\Bai6.4_Lab6\SDK_1.0.3_NUCLEO-F401RE\lib_stm\libLibraries.a(serial.o)
 .debug_macro   0x000000000000cf3b       0x7c G:\funixIot\introIOT\lab\My_workspace\target1\Bai6.4_Lab6\SDK_1.0.3_NUCLEO-F401RE\lib_stm\libLibraries.a(serial.o)
 .debug_macro   0x000000000000cfb7      0x64a G:\funixIot\introIOT\lab\My_workspace\target1\Bai6.4_Lab6\SDK_1.0.3_NUCLEO-F401RE\lib_stm\libLibraries.a(serial.o)
 .debug_macro   0x000000000000d601      0x223 G:\funixIot\introIOT\lab\My_workspace\target1\Bai6.4_Lab6\SDK_1.0.3_NUCLEO-F401RE\lib_stm\libLibraries.a(serial.o)
 .debug_macro   0x000000000000d824       0xc2 G:\funixIot\introIOT\lab\My_workspace\target1\Bai6.4_Lab6\SDK_1.0.3_NUCLEO-F401RE\lib_stm\libLibraries.a(buff.o)
 .debug_macro   0x000000000000d8e6       0x16 G:\funixIot\introIOT\lab\My_workspace\target1\Bai6.4_Lab6\SDK_1.0.3_NUCLEO-F401RE\lib_stm\libLibraries.a(buff.o)
 .debug_macro   0x000000000000d8fc       0xce G:\funixIot\introIOT\lab\My_workspace\target1\Bai6.4_Lab6\SDK_1.0.3_NUCLEO-F401RE\lib_stm\libLibraries.a(system_stm32f4xx.o)
 .debug_macro   0x000000000000d9ca       0xc3 G:\funixIot\introIOT\lab\My_workspace\target1\Bai6.4_Lab6\SDK_1.0.3_NUCLEO-F401RE\lib_stm\libLibraries.a(stm32f401re_gpio.o)
 .debug_macro   0x000000000000da8d      0x2ee G:\funixIot\introIOT\lab\My_workspace\target1\Bai6.4_Lab6\SDK_1.0.3_NUCLEO-F401RE\lib_stm\libLibraries.a(stm32f401re_gpio.o)
 .debug_macro   0x000000000000dd7b      0x18d G:\funixIot\introIOT\lab\My_workspace\target1\Bai6.4_Lab6\SDK_1.0.3_NUCLEO-F401RE\lib_stm\libLibraries.a(stm32f401re_rcc.o)
 .debug_macro   0x000000000000df08       0xe4 G:\funixIot\introIOT\lab\My_workspace\target1\Bai6.4_Lab6\SDK_1.0.3_NUCLEO-F401RE\lib_stm\libLibraries.a(stm32f401re_tim.o)
 .debug_macro   0x000000000000dfec      0x73b G:\funixIot\introIOT\lab\My_workspace\target1\Bai6.4_Lab6\SDK_1.0.3_NUCLEO-F401RE\lib_stm\libLibraries.a(stm32f401re_tim.o)
 .debug_macro   0x000000000000e727       0xdb G:\funixIot\introIOT\lab\My_workspace\target1\Bai6.4_Lab6\SDK_1.0.3_NUCLEO-F401RE\lib_stm\libLibraries.a(stm32f401re_usart.o)
 .debug_macro   0x000000000000e802      0x21d G:\funixIot\introIOT\lab\My_workspace\target1\Bai6.4_Lab6\SDK_1.0.3_NUCLEO-F401RE\lib_stm\libLibraries.a(stm32f401re_usart.o)

.debug_line     0x0000000000000000     0x4950
 .debug_line    0x0000000000000000      0x655 ./Src/main.o
 .debug_line    0x0000000000000655       0x84 ./Startup/startup_stm32f401retx.o
 .debug_line    0x00000000000006d9      0x6f2 G:\funixIot\introIOT\lab\My_workspace\target1\Bai6.4_Lab6\SDK_1.0.3_NUCLEO-F401RE\lib_stm\libLibraries.a(led.o)
 .debug_line    0x0000000000000dcb      0x684 G:\funixIot\introIOT\lab\My_workspace\target1\Bai6.4_Lab6\SDK_1.0.3_NUCLEO-F401RE\lib_stm\libLibraries.a(timer.o)
 .debug_line    0x000000000000144f      0x72b G:\funixIot\introIOT\lab\My_workspace\target1\Bai6.4_Lab6\SDK_1.0.3_NUCLEO-F401RE\lib_stm\libLibraries.a(serial.o)
 .debug_line    0x0000000000001b7a      0x532 G:\funixIot\introIOT\lab\My_workspace\target1\Bai6.4_Lab6\SDK_1.0.3_NUCLEO-F401RE\lib_stm\libLibraries.a(buff.o)
 .debug_line    0x00000000000020ac      0x4a0 G:\funixIot\introIOT\lab\My_workspace\target1\Bai6.4_Lab6\SDK_1.0.3_NUCLEO-F401RE\lib_stm\libLibraries.a(system_stm32f4xx.o)
 .debug_line    0x000000000000254c      0x65e G:\funixIot\introIOT\lab\My_workspace\target1\Bai6.4_Lab6\SDK_1.0.3_NUCLEO-F401RE\lib_stm\libLibraries.a(stm32f401re_gpio.o)
 .debug_line    0x0000000000002baa      0x8d2 G:\funixIot\introIOT\lab\My_workspace\target1\Bai6.4_Lab6\SDK_1.0.3_NUCLEO-F401RE\lib_stm\libLibraries.a(stm32f401re_rcc.o)
 .debug_line    0x000000000000347c      0xd2f G:\funixIot\introIOT\lab\My_workspace\target1\Bai6.4_Lab6\SDK_1.0.3_NUCLEO-F401RE\lib_stm\libLibraries.a(stm32f401re_tim.o)
 .debug_line    0x00000000000041ab      0x7a5 G:\funixIot\introIOT\lab\My_workspace\target1\Bai6.4_Lab6\SDK_1.0.3_NUCLEO-F401RE\lib_stm\libLibraries.a(stm32f401re_usart.o)

.debug_str      0x0000000000000000    0x47f1b
 .debug_str     0x0000000000000000     0x81b4 ./Src/main.o
                                       0x8416 (size before relaxing)
 .debug_str     0x00000000000081b4       0x31 ./Startup/startup_stm32f401retx.o
                                         0x71 (size before relaxing)
 .debug_str     0x00000000000081e5    0x3b9d6 G:\funixIot\introIOT\lab\My_workspace\target1\Bai6.4_Lab6\SDK_1.0.3_NUCLEO-F401RE\lib_stm\libLibraries.a(led.o)
                                      0x3f796 (size before relaxing)
 .debug_str     0x0000000000043bbb      0x697 G:\funixIot\introIOT\lab\My_workspace\target1\Bai6.4_Lab6\SDK_1.0.3_NUCLEO-F401RE\lib_stm\libLibraries.a(timer.o)
                                      0x39451 (size before relaxing)
 .debug_str     0x0000000000044252     0x1e0a G:\funixIot\introIOT\lab\My_workspace\target1\Bai6.4_Lab6\SDK_1.0.3_NUCLEO-F401RE\lib_stm\libLibraries.a(serial.o)
                                      0x3cca1 (size before relaxing)
 .debug_str     0x000000000004605c       0x93 G:\funixIot\introIOT\lab\My_workspace\target1\Bai6.4_Lab6\SDK_1.0.3_NUCLEO-F401RE\lib_stm\libLibraries.a(buff.o)
                                      0x35751 (size before relaxing)
 .debug_str     0x00000000000460ef      0x1b0 G:\funixIot\introIOT\lab\My_workspace\target1\Bai6.4_Lab6\SDK_1.0.3_NUCLEO-F401RE\lib_stm\libLibraries.a(system_stm32f4xx.o)
                                      0x3583e (size before relaxing)
 .debug_str     0x000000000004629f      0x1a2 G:\funixIot\introIOT\lab\My_workspace\target1\Bai6.4_Lab6\SDK_1.0.3_NUCLEO-F401RE\lib_stm\libLibraries.a(stm32f401re_gpio.o)
                                      0x3a690 (size before relaxing)
 .debug_str     0x0000000000046441      0xb56 G:\funixIot\introIOT\lab\My_workspace\target1\Bai6.4_Lab6\SDK_1.0.3_NUCLEO-F401RE\lib_stm\libLibraries.a(stm32f401re_rcc.o)
                                      0x39aa1 (size before relaxing)
 .debug_str     0x0000000000046f97      0xaba G:\funixIot\introIOT\lab\My_workspace\target1\Bai6.4_Lab6\SDK_1.0.3_NUCLEO-F401RE\lib_stm\libLibraries.a(stm32f401re_tim.o)
                                      0x3a911 (size before relaxing)
 .debug_str     0x0000000000047a51      0x4ca G:\funixIot\introIOT\lab\My_workspace\target1\Bai6.4_Lab6\SDK_1.0.3_NUCLEO-F401RE\lib_stm\libLibraries.a(stm32f401re_usart.o)
                                      0x3a79e (size before relaxing)

.comment        0x0000000000000000       0xce
 .comment       0x0000000000000000       0x53 ./Src/main.o
                                         0x54 (size before relaxing)
 .comment       0x0000000000000053       0x7b G:\funixIot\introIOT\lab\My_workspace\target1\Bai6.4_Lab6\SDK_1.0.3_NUCLEO-F401RE\lib_stm\libLibraries.a(led.o)
                                         0x7c (size before relaxing)
 .comment       0x00000000000000ce       0x7c G:\funixIot\introIOT\lab\My_workspace\target1\Bai6.4_Lab6\SDK_1.0.3_NUCLEO-F401RE\lib_stm\libLibraries.a(timer.o)
 .comment       0x00000000000000ce       0x7c G:\funixIot\introIOT\lab\My_workspace\target1\Bai6.4_Lab6\SDK_1.0.3_NUCLEO-F401RE\lib_stm\libLibraries.a(serial.o)
 .comment       0x00000000000000ce       0x7c G:\funixIot\introIOT\lab\My_workspace\target1\Bai6.4_Lab6\SDK_1.0.3_NUCLEO-F401RE\lib_stm\libLibraries.a(buff.o)
 .comment       0x00000000000000ce       0x7c G:\funixIot\introIOT\lab\My_workspace\target1\Bai6.4_Lab6\SDK_1.0.3_NUCLEO-F401RE\lib_stm\libLibraries.a(system_stm32f4xx.o)
 .comment       0x00000000000000ce       0x7c G:\funixIot\introIOT\lab\My_workspace\target1\Bai6.4_Lab6\SDK_1.0.3_NUCLEO-F401RE\lib_stm\libLibraries.a(stm32f401re_gpio.o)
 .comment       0x00000000000000ce       0x7c G:\funixIot\introIOT\lab\My_workspace\target1\Bai6.4_Lab6\SDK_1.0.3_NUCLEO-F401RE\lib_stm\libLibraries.a(stm32f401re_rcc.o)
 .comment       0x00000000000000ce       0x7c G:\funixIot\introIOT\lab\My_workspace\target1\Bai6.4_Lab6\SDK_1.0.3_NUCLEO-F401RE\lib_stm\libLibraries.a(stm32f401re_tim.o)
 .comment       0x00000000000000ce       0x7c G:\funixIot\introIOT\lab\My_workspace\target1\Bai6.4_Lab6\SDK_1.0.3_NUCLEO-F401RE\lib_stm\libLibraries.a(stm32f401re_usart.o)

.debug_frame    0x0000000000000000     0x240c
 .debug_frame   0x0000000000000000       0x7c ./Src/main.o
 .debug_frame   0x000000000000007c      0x1b8 G:\funixIot\introIOT\lab\My_workspace\target1\Bai6.4_Lab6\SDK_1.0.3_NUCLEO-F401RE\lib_stm\libLibraries.a(led.o)
 .debug_frame   0x0000000000000234      0x1a8 G:\funixIot\introIOT\lab\My_workspace\target1\Bai6.4_Lab6\SDK_1.0.3_NUCLEO-F401RE\lib_stm\libLibraries.a(timer.o)
 .debug_frame   0x00000000000003dc      0x1e0 G:\funixIot\introIOT\lab\My_workspace\target1\Bai6.4_Lab6\SDK_1.0.3_NUCLEO-F401RE\lib_stm\libLibraries.a(serial.o)
 .debug_frame   0x00000000000005bc      0x118 G:\funixIot\introIOT\lab\My_workspace\target1\Bai6.4_Lab6\SDK_1.0.3_NUCLEO-F401RE\lib_stm\libLibraries.a(buff.o)
 .debug_frame   0x00000000000006d4       0x74 G:\funixIot\introIOT\lab\My_workspace\target1\Bai6.4_Lab6\SDK_1.0.3_NUCLEO-F401RE\lib_stm\libLibraries.a(system_stm32f4xx.o)
 .debug_frame   0x0000000000000748      0x23c G:\funixIot\introIOT\lab\My_workspace\target1\Bai6.4_Lab6\SDK_1.0.3_NUCLEO-F401RE\lib_stm\libLibraries.a(stm32f401re_gpio.o)
 .debug_frame   0x0000000000000984      0x774 G:\funixIot\introIOT\lab\My_workspace\target1\Bai6.4_Lab6\SDK_1.0.3_NUCLEO-F401RE\lib_stm\libLibraries.a(stm32f401re_rcc.o)
 .debug_frame   0x00000000000010f8      0xe58 G:\funixIot\introIOT\lab\My_workspace\target1\Bai6.4_Lab6\SDK_1.0.3_NUCLEO-F401RE\lib_stm\libLibraries.a(stm32f401re_tim.o)
 .debug_frame   0x0000000000001f50      0x490 G:\funixIot\introIOT\lab\My_workspace\target1\Bai6.4_Lab6\SDK_1.0.3_NUCLEO-F401RE\lib_stm\libLibraries.a(stm32f401re_usart.o)
 .debug_frame   0x00000000000023e0       0x2c c:/st/stm32cubeide_1.8.0/stm32cubeide/plugins/com.st.stm32cube.ide.mcu.externaltools.gnu-tools-for-stm32.9-2020-q2-update.win32_2.0.0.202105311346/tools/bin/../lib/gcc/arm-none-eabi/9.3.1/../../../../arm-none-eabi/lib/thumb/v7e-m+fp/hard\libc_nano.a(lib_a-init.o)
